
U-Boot SPL 2017.09-00002-g0f3f1c7907 (Oct 09 2017 - 15:30:22)
Trying to boot from MMC1


U-Boot 2017.09-00002-g0f3f1c7907 (Oct 09 2017 - 15:30:22 -0500), Build: jenkins-github_Bootloader-Builder-607

CPU  : AM335X-GP rev 2.1
I2C:   ready
DRAM:  512 MiB
No match for driver 'omap_hsmmc'
No match for driver 'omap_hsmmc'
Some drivers were not found
Reset Source: Power-on reset has occurred.
MMC:   OMAP SD/MMC: 0, OMAP SD/MMC: 1
Using default environment

Board: BeagleBone Black
<ethaddr> not set. Validating first E-fuse MAC
BeagleBone Black:
Model: BeagleBoard.org BeagleBone Black Wireless:
BeagleBone: cape eeprom: i2c_probe: 0x54:
BeagleBone: cape eeprom: i2c_probe: 0x55:
BeagleBone: cape eeprom: i2c_probe: 0x56:
BeagleBone: cape eeprom: i2c_probe: 0x57:
Net:   eth0: MII MODE
Could not get PHY for cpsw: addr 0
cpsw
Press SPACE to abort autoboot in 2 seconds
board_name=[BBBW] ...
switch to partitions #0, OK
mmc0 is current device
SD/MMC found on device 0
** Bad device 0:2 0x82000000 **
** Bad device 0:2 0x82000000 **
switch to partitions #0, OK
mmc0 is current device
Scanning mmc 0:1...
gpio: pin 56 (gpio 56) value is 0
gpio: pin 55 (gpio 55) value is 0
gpio: pin 54 (gpio 54) value is 0
gpio: pin 53 (gpio 53) value is 1
switch to partitions #0, OK
mmc0 is current device
gpio: pin 54 (gpio 54) value is 1
Checking for: /uEnv.txt ...
1359 bytes read in 43 ms (30.3 KiB/s)
gpio: pin 55 (gpio 55) value is 1
Loaded environment from /uEnv.txt
Importing environment from mmc ...
Checking if uenvcmd is set ...
gpio: pin 56 (gpio 56) value is 1
Running uenvcmd ...
2165 bytes read in 37 ms (56.6 KiB/s)
debug: [/boot/vmlinuz-4.4.91-ti-r133] ...
8886912 bytes read in 587 ms (14.4 MiB/s)
debug: [/boot/initrd.img-4.4.91-ti-r133] ...
5416133 bytes read in 372 ms (13.9 MiB/s)
debug: [/boot/dtbs/4.4.91-ti-r133/am335x-boneblack-wireless.dtb] ...
59550 bytes read in 168 ms (345.7 KiB/s)
debug: [console=tty0 console=ttyO0,115200n8 root=/dev/mmcblk0p1 rootfstype=ext4 rootwait init=/opt/scripts/tools/eMMC/init-eMMC-flasher-v3.sh] ...
debug: [bootz 0x82000000 0x88080000:52a4c5 0x88000000] ...
## Flattened Device Tree blob at 88000000
   Booting using the fdt blob at 0x88000000
   Using Device Tree in place at 88000000, end 8801189d

Starting kernel ...

[    0.000000] Booting Linux on physical CPU 0x0
[    0.000000] Initializing cgroup subsys cpuset
[    0.000000] Initializing cgroup subsys cpu
[    0.000000] Initializing cgroup subsys cpuacct
[    0.000000] Linux version 4.4.91-ti-r133 (root@b7-am57xx-beagle-x15-2gb) (gcc version 6.3.0 20170516 (Debian 6.3.0-18) ) #1 SMP Tue Oct 10 05:18:08 UTC 2017
[    0.000000] CPU: ARMv7 Processor [413fc082] revision 2 (ARMv7), cr=10c5387d
[    0.000000] CPU: PIPT / VIPT nonaliasing data cache, VIPT aliasing instruction cache
[    0.000000] Machine model: TI AM335x BeagleBone Black Wireless
[    0.000000] cma: Reserved 48 MiB at 0x9c800000
[    0.000000] Memory policy: Data cache writeback
[    0.000000] CPU: All CPU(s) started in SVC mode.
[    0.000000] AM335X ES2.1 (sgx neon )
[    0.000000] PERCPU: Embedded 13 pages/cpu @df91e000 s24268 r8192 d20788 u53248
[    0.000000] Built 1 zonelists in Zone order, mobility grouping on.  Total pages: 129408
[    0.000000] Kernel command line: console=tty0 console=ttyO0,115200n8 root=/dev/mmcblk0p1 rootfstype=ext4 rootwait init=/opt/scripts/tools/eMMC/init-eMMC-flasher-v3.sh
[    0.000000] PID hash table entries: 2048 (order: 1, 8192 bytes)
[    0.000000] Dentry cache hash table entries: 65536 (order: 6, 262144 bytes)
[    0.000000] Inode-cache hash table entries: 32768 (order: 5, 131072 bytes)
[    0.000000] Memory: 444132K/522240K available (11720K kernel code, 948K rwdata, 3904K rodata, 756K init, 854K bss, 28956K reserved, 49152K cma-reserved, 0K highmem)
[    0.000000] Virtual kernel memory layout:
[    0.000000]     vector  : 0xffff0000 - 0xffff1000   (   4 kB)
[    0.000000]     fixmap  : 0xffc00000 - 0xfff00000   (3072 kB)
[    0.000000]     vmalloc : 0xe0800000 - 0xff800000   ( 496 MB)
[    0.000000]     lowmem  : 0xc0000000 - 0xe0000000   ( 512 MB)
[    0.000000]     pkmap   : 0xbfe00000 - 0xc0000000   (   2 MB)
[    0.000000]     modules : 0xbf000000 - 0xbfe00000   (  14 MB)
[    0.000000]       .text : 0xc0008000 - 0xc0f4a584   (15626 kB)
[    0.000000]       .init : 0xc0f4b000 - 0xc1008000   ( 756 kB)
[    0.000000]       .data : 0xc1008000 - 0xc10f5108   ( 949 kB)
[    0.000000]        .bss : 0xc10f8000 - 0xc11cd820   ( 855 kB)
[    0.000000] SLUB: HWalign=64, Order=0-3, MinObjects=0, CPUs=1, Nodes=1
[    0.000000] Hierarchical RCU implementation.
[    0.000000] 	Build-time adjustment of leaf fanout to 32.
[    0.000000] 	RCU restricting CPUs from NR_CPUS=2 to nr_cpu_ids=1.
[    0.000000] RCU: Adjusting geometry for rcu_fanout_leaf=32, nr_cpu_ids=1
[    0.000000] NR_IRQS:16 nr_irqs:16 16
[    0.000000] IRQ: Found an INTC at 0xfa200000 (revision 5.0) with 128 interrupts
[    0.000000] OMAP clockevent source: timer2 at 24000000 Hz
[    0.000014] sched_clock: 32 bits at 24MHz, resolution 41ns, wraps every 89478484971ns
[    0.000036] clocksource: timer1: mask: 0xffffffff max_cycles: 0xffffffff, max_idle_ns: 79635851949 ns
[    0.000049] OMAP clocksource: timer1 at 24000000 Hz
[    0.000873] clocksource_probe: no matching clocksources found
[    0.001081] Console: colour dummy device 80x30
[    0.001879] console [tty0] enabled
[    0.001918] WARNING: Your 'console=ttyO0' has been replaced by 'ttyS0'
[    0.001943] This ensures that you still see kernel messages. Please
[    0.001968] update your kernel commandline.
[    0.002003] Calibrating delay loop... 995.32 BogoMIPS (lpj=1990656)
[    0.046786] pid_max: default: 32768 minimum: 301
[    0.046955] Security Framework initialized
[    0.046987] Yama: becoming mindful.
[    0.047039] AppArmor: AppArmor disabled by boot time parameter
[    0.047230] Mount-cache hash table entries: 1024 (order: 0, 4096 bytes)
[    0.047266] Mountpoint-cache hash table entries: 1024 (order: 0, 4096 bytes)
[    0.048152] Initializing cgroup subsys io
[    0.048209] Initializing cgroup subsys memory
[    0.048272] Initializing cgroup subsys devices
[    0.048308] Initializing cgroup subsys freezer
[    0.048340] Initializing cgroup subsys net_cls
[    0.048371] Initializing cgroup subsys perf_event
[    0.048403] Initializing cgroup subsys net_prio
[    0.048447] Initializing cgroup subsys pids
[    0.048522] CPU: Testing write buffer coherency: ok
[    0.048602] ftrace: allocating 35977 entries in 106 pages
[    0.150726] CPU0: thread -1, cpu 0, socket -1, mpidr 0
[    0.150981] Setting up static identity map for 0x80008280 - 0x800082e0
[    0.155375] Brought up 1 CPUs
[    0.155436] SMP: Total of 1 processors activated (995.32 BogoMIPS).
[    0.155459] CPU: All CPU(s) started in SVC mode.
[    0.157063] devtmpfs: initialized
[    0.175676] VFP support v0.3: implementor 41 architecture 3 part 30 variant c rev 3
[    0.195968] omap_hwmod: debugss: _wait_target_disable failed
[    0.237383] clocksource: jiffies: mask: 0xffffffff max_cycles: 0xffffffff, max_idle_ns: 7645041785100000 ns
[    0.237455] futex hash table entries: 256 (order: 2, 16384 bytes)
[    0.241510] xor: measuring software checksum speed
[    0.278773]    arm4regs  :  1219.000 MB/sec
[    0.318775]    8regs     :  1092.000 MB/sec
[    0.358766]    32regs    :  1089.000 MB/sec
[    0.398765]    neon      :  1747.000 MB/sec
[    0.398787] xor: using function: neon (1747.000 MB/sec)
[    0.398926] pinctrl core: initialized pinctrl subsystem
[    0.400450] NET: Registered protocol family 16
[    0.403424] DMA: preallocated 256 KiB pool for atomic coherent allocations
[    0.404392] cpuidle: using governor ladder
[    0.404437] cpuidle: using governor menu
[    0.410195] OMAP GPIO hardware version 0.1
[    0.412950] GPIO line 106 (LS_BUF_EN) hogged as output/high
[    0.423327] No ATAGs?
[    0.423373] hw-breakpoint: debug architecture 0x4 unsupported.
[    0.423968] omap4_sram_init:Unable to allocate sram needed to handle errata I688
[    0.424013] omap4_sram_init:Unable to get sram pool needed to handle errata I688
[    0.502838] raid6: int32x1  gen()   258 MB/s
[    0.570840] raid6: int32x1  xor()   227 MB/s
[    0.638850] raid6: int32x2  gen()   323 MB/s
[    0.706782] raid6: int32x2  xor()   283 MB/s
[    0.774906] raid6: int32x4  gen()   329 MB/s
[    0.842826] raid6: int32x4  xor()   267 MB/s
[    0.910861] raid6: int32x8  gen()   300 MB/s
[    0.978891] raid6: int32x8  xor()   234 MB/s
[    1.046789] raid6: neonx1   gen()  1456 MB/s
[    1.114770] raid6: neonx1   xor()   845 MB/s
[    1.182781] raid6: neonx2   gen()  1922 MB/s
[    1.250780] raid6: neonx2   xor()  1205 MB/s
[    1.318805] raid6: neonx4   gen()  1083 MB/s
[    1.386799] raid6: neonx4   xor()   782 MB/s
[    1.454805] raid6: neonx8   gen()  1036 MB/s
[    1.522801] raid6: neonx8   xor()   756 MB/s
[    1.522822] raid6: using algorithm neonx2 gen() 1922 MB/s
[    1.522842] raid6: .... xor() 1205 MB/s, rmw enabled
[    1.522861] raid6: using intx1 recovery algorithm
[    1.532313] edma 49000000.edma: TI EDMA DMA engine driver
[    1.535893] vgaarb: loaded
[    1.536583] SCSI subsystem initialized
[    1.537362] usbcore: registered new interface driver usbfs
[    1.537466] usbcore: registered new interface driver hub
[    1.537595] usbcore: registered new device driver usb
[    1.538261] omap_i2c 44e0b000.i2c: could not find pctldev for node /ocp/l4_wkup@44c00000/scm@210000/pinmux@800/pinmux_i2c0_pins, deferring probe
[    1.538354] omap_i2c 4819c000.i2c: could not find pctldev for node /ocp/l4_wkup@44c00000/scm@210000/pinmux@800/pinmux_i2c2_pins, deferring probe
[    1.538512] media: Linux media interface: v0.10
[    1.538590] Linux video capture interface: v2.00
[    1.538725] pps_core: LinuxPPS API ver. 1 registered
[    1.538747] pps_core: Software ver. 5.3.6 - Copyright 2005-2007 Rodolfo Giometti <giometti@linux.it>
[    1.538897] PTP clock support registered
[    1.539879] omap-mailbox 480c8000.mailbox: omap mailbox rev 0x400
[    1.541416] NetLabel: Initializing
[    1.541458] NetLabel:  domain hash size = 128
[    1.541477] NetLabel:  protocols = UNLABELED CIPSOv4
[    1.541554] NetLabel:  unlabeled traffic allowed by default
[    1.541924] clocksource: Switched to clocksource timer1
[    1.654698] NET: Registered protocol family 2
[    1.655628] TCP established hash table entries: 4096 (order: 2, 16384 bytes)
[    1.655705] TCP bind hash table entries: 4096 (order: 3, 32768 bytes)
[    1.655780] TCP: Hash tables configured (established 4096 bind 4096)
[    1.655870] UDP hash table entries: 256 (order: 1, 8192 bytes)
[    1.655905] UDP-Lite hash table entries: 256 (order: 1, 8192 bytes)
[    1.656276] NET: Registered protocol family 1
[    1.656916] RPC: Registered named UNIX socket transport module.
[    1.656954] RPC: Registered udp transport module.
[    1.656974] RPC: Registered tcp transport module.
[    1.656993] RPC: Registered tcp NFSv4.1 backchannel transport module.
[    1.657699] Unpacking initramfs...
[    2.042303] Freeing initrd memory: 5292K
[    2.043069] hw perfevents: enabled with armv7_cortex_a8 PMU driver, 5 counters available
[    2.045892] audit: initializing netlink subsys (disabled)
[    2.046205] audit: type=2000 audit(1.980:1): initialized
[    2.056675] zbud: loaded
[    2.057441] VFS: Disk quotas dquot_6.6.0
[    2.057739] VFS: Dquot-cache hash table entries: 1024 (order 0, 4096 bytes)
[    2.060613] NFS: Registering the id_resolver key type
[    2.060720] Key type id_resolver registered
[    2.060741] Key type id_legacy registered
[    2.060785] nfs4filelayout_init: NFSv4 File Layout Driver Registering...
[    2.061199] fuse init (API version 7.23)
[    2.061892] SGI XFS with ACLs, security attributes, realtime, no debug enabled
[    2.071128] Block layer SCSI generic (bsg) driver version 0.4 loaded (major 247)
[    2.071462] io scheduler noop registered
[    2.071499] io scheduler deadline registered
[    2.071582] io scheduler cfq registered (default)
[    2.073034] pinctrl-single 44e10800.pinmux: 142 pins at pa f9e10800 size 568
[    2.075702] wkup_m3_ipc 44e11324.wkup_m3_ipc: could not get rproc handle
[    2.077097] Serial: 8250/16550 driver, 6 ports, IRQ sharing disabled
[    2.080816] 44e09000.serial: ttyS0 at MMIO 0x44e09000 (irq = 158, base_baud = 3000000) is a 8250
[    2.980185] console [ttyS0] enabled
[    2.984795] 481a6000.serial: ttyS3 at MMIO 0x481a6000 (irq = 159, base_baud = 3000000) is a 8250
[    2.996096] omap_rng 48310000.rng: OMAP Random Number Generator ver. 20
[    3.003232] [drm] Initialized drm 1.1.0 20060810
[    3.012106] CAN device driver interface
[    3.017789] ehci_hcd: USB 2.0 'Enhanced' Host Controller (EHCI) Driver
[    3.024555] ehci-pci: EHCI PCI platform driver
[    3.029160] ehci-platform: EHCI generic platform driver
[    3.034671] ehci-omap: OMAP-EHCI Host Controller driver
[    3.040499] usbcore: registered new interface driver usb-storage
[    3.048755] 47401300.usb-phy supply vcc not found, using dummy regulator
[    3.059869] 47401b00.usb-phy supply vcc not found, using dummy regulator
[    3.069203] musb-hdrc musb-hdrc.1.auto: MUSB HDRC host driver
[    3.075137] musb-hdrc musb-hdrc.1.auto: new USB bus registered, assigned bus number 1
[    3.083357] usb usb1: New USB device found, idVendor=1d6b, idProduct=0002
[    3.090241] usb usb1: New USB device strings: Mfr=3, Product=2, SerialNumber=1
[    3.097538] usb usb1: Product: MUSB HDRC host driver
[    3.102556] usb usb1: Manufacturer: Linux 4.4.91-ti-r133 musb-hcd
[    3.108707] usb usb1: SerialNumber: musb-hdrc.1.auto
[    3.114649] hub 1-0:1.0: USB hub found
[    3.118622] hub 1-0:1.0: 1 port detected
[    3.132328] mousedev: PS/2 mouse device common for all mice
[    3.142384] omap_rtc 44e3e000.rtc: rtc core: registered 44e3e000.rtc as rtc0
[    3.151128] i2c /dev entries driver
[    3.156413] omap_wdt: OMAP Watchdog Timer Rev 0x01: initial timeout 60 sec
[    3.163862] cpuidle: enable-method property 'ti,am3352' found operations
[    3.171448] omap_hsmmc 48060000.mmc: Got CD GPIO
[    3.237387] mmc0: host does not support reading read-only switch, assuming write-enable
[    3.248789] mmc0: new high speed SDHC card at address 59b4
[    3.255354] mmcblk0: mmc0:59b4 SD    7.23 GiB 
[    3.261700]  mmcblk0: p1
[    3.304572] mmc1: MAN_BKOPS_EN bit is not set
[    3.316635] mmc1: new high speed MMC card at address 0001
[    3.323095] mmcblk1: mmc1:0001 S10004 3.56 GiB 
[    3.328189] mmcblk1boot0: mmc1:0001 S10004 partition 1 4.00 MiB
[    3.334632] mmcblk1boot1: mmc1:0001 S10004 partition 2 4.00 MiB
[    3.342247]  mmcblk1: p1
[    3.355978] omap-aes 53500000.aes: OMAP AES hw accel rev: 3.2
[    3.367364] omap-sham 53100000.sham: hw accel on OMAP rev 4.3
[    3.373695] omap_hsmmc 47810000.mmc: card claims to support voltages below defined range
[    3.383398] hidraw: raw HID events driver (C) Jiri Kosina
[    3.390114] usbcore: registered new interface driver usbhid
[    3.395811] usbhid: USB HID core driver
[    3.400782]  remoteproc0: wkup_m3 is available
[    3.405378]  remoteproc0: Note: remoteproc is still under development and considered experimental.
[    3.414432]  remoteproc0: THE BINARY FORMAT IS NOT YET FINALIZED, and backward compatibility isn't yet guaranteed.
[    3.428730] NET: Registered protocol family 10
[    3.435159] mip6: Mobile IPv6
[    3.438327] NET: Registered protocol family 17
[    3.442908] can: controller area network core (rev 20120528 abi 9)
[    3.449330] NET: Registered protocol family 29
[    3.454037] Key type dns_resolver registered
[    3.459551] mmc2: queuing unknown CIS tuple 0x91 (3 bytes)
[    3.465127] mpls_gso: MPLS GSO support
[    3.469656] omap_voltage_late_init: Voltage driver support not added
[    3.476644] mmc2: new high speed SDIO card at address 0001
[    3.483407] PM: Cannot get wkup_m3_ipc handle
[    3.489531] ThumbEE CPU extension supported.
[    3.493938] Registering SWP/SWPB emulation handler
[    3.499845] registered taskstats version 1
[    3.504258] zswap: loaded using pool lzo/zbud
[    3.512556] Btrfs loaded
[    3.545385] Key type encrypted registered
[    3.552855] input: tps65217_pwr_but as /devices/platform/ocp/44e0b000.i2c/i2c-0/0-0024/input/input0
[    3.588385] tps65217 0-0024: TPS65217 ID 0xe version 1.2
[    3.594644] at24 0-0050: 32768 byte 24c256 EEPROM, writable, 1 bytes/write
[    3.605087] omap_i2c 44e0b000.i2c: bus 0 rev0.11 at 400 kHz
[    3.612887] at24 2-0054: 32768 byte 24c256 EEPROM, writable, 1 bytes/write
[    3.620506] at24 2-0055: 32768 byte 24c256 EEPROM, writable, 1 bytes/write
[    3.627979] at24 2-0056: 32768 byte 24c256 EEPROM, writable, 1 bytes/write
[    3.635442] at24 2-0057: 32768 byte 24c256 EEPROM, writable, 1 bytes/write
[    3.642499] omap_i2c 4819c000.i2c: bus 2 rev0.11 at 100 kHz
[    3.649482]  remoteproc0: powering up wkup_m3
[    3.654081]  remoteproc0: Booting fw image am335x-pm-firmware.elf, size 217148
[    3.661719]  remoteproc0: remote processor wkup_m3 is now up
[    3.667438] wkup_m3_ipc 44e11324.wkup_m3_ipc: CM3 Firmware Version = 0x192
[    3.680085] bone_capemgr bone_capemgr: Baseboard: 'A335BNLT,BWA5,1652BBWG0612'
[    3.687720] bone_capemgr bone_capemgr: compatible-baseboard=ti,beaglebone-black - #slots=4
[    3.733933] bone_capemgr bone_capemgr: slot #0: No cape found
[    3.778167] bone_capemgr bone_capemgr: slot #1: No cape found
[    3.821939] bone_capemgr bone_capemgr: slot #2: No cape found
[    3.865928] bone_capemgr bone_capemgr: slot #3: No cape found
[    3.871850] bone_capemgr bone_capemgr: initialized OK.
[    3.879280] PM: bootloader does not support rtc-only!
[    3.885595] omap_rtc 44e3e000.rtc: setting system clock to 2000-01-01 00:00:01 UTC (946684801)
[    3.894517] of_cfs_init
[    3.897116] of_cfs_init: OK
[    3.905360] wlan-en-regulator: disabling
[    3.911042] Freeing unused kernel memory: 756K
Loading, please wait...
starting version 232
[    4.049437] random: systemd-udevd: uninitialized urandom read (16 bytes read, 21 bits of entropy available)
[    4.070997] random: systemd-udevd: uninitialized urandom read (16 bytes read, 21 bits of entropy available)
[    4.083559] random: udevadm: uninitialized urandom read (16 bytes read, 21 bits of entropy available)
[    4.093317] random: systemd-udevd: uninitialized urandom read (16 bytes read, 21 bits of entropy available)
[    4.103669] random: udevadm: uninitialized urandom read (16 bytes read, 21 bits of entropy available)
[    4.118368] random: udevadm: uninitialized urandom read (16 bytes read, 21 bits of entropy available)
[    4.129040] random: udevadm: uninitialized urandom read (16 bytes read, 21 bits of entropy available)
[    4.139233] random: udevadm: uninitialized urandom read (16 bytes read, 21 bits of entropy available)
[    4.149259] random: udevadm: uninitialized urandom read (16 bytes read, 21 bits of entropy available)
[    4.159438] random: udevadm: uninitialized urandom read (16 bytes read, 21 bits of entropy available)
[    5.333582] ti-pruss 4a300000.pruss: creating PRU cores and other child platform devices
[    5.392949] irq: no irq domain found for /ocp/pruss@4a300000/intc@4a320000 !
[    5.424448] irq: no irq domain found for /ocp/pruss@4a300000/intc@4a320000 !
[    5.472879]  remoteproc1: 4a334000.pru0 is available
[    5.478086]  remoteproc1: Note: remoteproc is still under development and considered experimental.
[    5.487148]  remoteproc1: THE BINARY FORMAT IS NOT YET FINALIZED, and backward compatibility isn't yet guaranteed.
[    5.578758] pru-rproc 4a334000.pru0: booting the PRU core manually
[    5.605665]  remoteproc1: powering up 4a334000.pru0
[    5.624842]  remoteproc1: Booting fw image am335x-pru0-fw, size 36296
[    5.631578]  remoteproc1: remote processor 4a334000.pru0 is now up
[    5.637877] pru-rproc 4a334000.pru0: PRU rproc node /ocp/pruss@4a300000/pru0@4a334000 probed successfully
[    5.718648]  remoteproc2: 4a338000.pru1 is available
[    5.723797]  remoteproc2: Note: remoteproc is still under development and considered experimental.
[    5.732853]  remoteproc2: THE BINARY FORMAT IS NOT YET FINALIZED, and backward compatibility isn't yet guaranteed.
[    5.765728] pru-rproc 4a338000.pru1: booting the PRU core manually
[    5.772273]  remoteproc2: powering up 4a338000.pru1
[    5.777530]  remoteproc2: Booting fw image am335x-pru1-fw, size 35392
[    5.784150]  remoteproc2: remote processor 4a338000.pru1 is now up
[    5.790434] pru-rproc 4a338000.pru1: PRU rproc node /ocp/pruss@4a300000/pru1@4a338000 probed successfully
Begin: Loading essential drivers ... done.
Begin: Running /scripts/init-premount ... done.
Begin: Mounting root file system ... Begin: Running /scripts/local-top ... done.
Begin: Running /scripts/local-premount ... done.
Warning: fsck not present, so skipping root file system
[    5.913560] EXT4-fs (mmcblk0p1): mounted filesystem with ordered data mode. Opts: (null)
done.
Begin: Running /scripts/local-bottom ... done.
Begin: Running /scripts/init-bottom ... done.
================================================================================
Starting eMMC Flasher from microSD media
Version: [1.20170427: u-boot v2017.05-rc2...]
================================================================================

================================================================================
Prepare environment for flashing
Starting at Sat Jan  1 00:00:04 UTC 2000
----------------------------------------
==> Giving system time to stablize...
5 4 3 2 1 
==> Preparing /tmp
==> Preparing sysctl
==> sysctl: vm.min_free_kbytes=[2665]
==> sysctl: setting: [sysctl -w vm.min_free_kbytes=16384]
vm.min_free_kbytes = 16384
----------------------------------------
==> Determining root drive
==> console=tty0 console=ttyO0,115200n8 root=/dev/mmcblk0p1 rootfstype=ext4 rootwait init=/opt/scripts/tools/eMMC/init-eMMC-flasher-v3.sh
----------------------------------------
==> root_drive=[/dev/mmcblk0p1]
====> Root drive identified at [/dev/mmcblk0p1]
==> Boot Drive [/dev/mmcblk0p1]
==> Figuring out Source and Destination devices
====> Source identified: [/dev/mmcblk0]
====> Destination identified: [/dev/mmcblk1]
==> Figuring out machine
====> Machine is TI_AM335x_BeagleBone_Black_Wireless
====> Machine is compatible with BeagleBone Black
================================================================================
5 4 3 2 1 

========================================
Checking for Valid bbb-eeprom header
==> Valid bbb-eeprom header found [335]
========================================

================================================================================
Checking running system
==> Copying: [/dev/mmcblk0] -> [/dev/mmcblk1]
==> lsblk:
----------------------------------------
NAME         MAJ:MIN RM  SIZE RO TYPE MOUNTPOINT
mmcblk0      179:0    0  7.2G  0 disk 
`-mmcblk0p1  179:1    0  3.3G  0 part /
mmcblk1      179:8    0  3.6G  0 disk 
`-mmcblk1p1  179:9    0  3.6G  0 part 
mmcblk1boot0 179:16   0    4M  1 disk 
mmcblk1boot1 179:24   0    4M  1 disk 
----------------------------------------
==> df -h | grep rootfs:
----------------------------------------
==> Giving you time to check...
10 9 8 7 6 5 4 3 2 1 
================================================================================

================================================================================
Preparing drives

----------------------------------------
==> Erasing: /dev/mmcblk1
----------------------------------------
[   34.625102] random: nonblocking pool is initialized
108+0 records in
108+0 records out
113246208 bytes (113 MB, 108 MiB) copied, 10.2793 s, 11.0 MB/s
----------------------------------------
108+0 records in
108+0 records out
113246208 bytes (113 MB, 108 MiB) copied, 3.09616 s, 36.6 MB/s
----------------------------------------
==> Erasing: /dev/mmcblk1 complete
----------------------------------------

----------------------------------------
==> Loading /boot/SOC.sh
************************************************************
#!/bin/sh
format=1.0

board=am335x_evm

bootloader_location=dd_spl_uboot_boot
bootrom_gpt=

dd_spl_uboot_count=1
dd_spl_uboot_seek=1
dd_spl_uboot_conf=notrunc
dd_spl_uboot_bs=128k
dd_spl_uboot_backup=/opt/backup/uboot/MLO

dd_uboot_count=2
dd_uboot_seek=1
dd_uboot_conf=notrunc
dd_uboot_bs=384k
dd_uboot_backup=/opt/backup/uboot/u-boot.img

boot_fstype=ext4
conf_boot_startmb=4
conf_boot_endmb=
sfdisk_fstype=L

boot_label=BOOT
rootfs_label=rootfs

#Kernel
dtb=
serial_tty=ttyO0
usbnet_mem=

************************************************************
==> Loaded

----------------------------------------

================================================================================
Writing bootloader to [/dev/mmcblk1]
----------------------------------------
==> Figuring out options for SPL U-Boot copy ...
===> Will use : count=1 seek=1 conv=notrunc bs=128k
==> Figuring out options for U-Boot copy ...
===> Will use : count=2 seek=1 conv=notrunc bs=384k
==> Copying SPL U-Boot with dd if=/opt/backup/uboot/MLO of=/dev/mmcblk1 count=1 seek=1 conv=notrunc bs=128k
------------------------------------------------------------
0+1 records in
0+1 records out
75224 bytes (75 kB, 73 KiB) copied, 0.0159348 s, 4.7 MB/s
------------------------------------------------------------
==> Copying U-Boot with dd if=/opt/backup/uboot/u-boot.img of=/dev/mmcblk1 count=2 seek=1 conv=notrunc bs=384k
------------------------------------------------------------
1+1 records in
1+1 records out
398440 bytes (398 kB, 389 KiB) copied, 0.0602155 s, 6.6 MB/s
------------------------------------------------------------
Writing bootloader completed
================================================================================

================================================================================
Partitionning /dev/mmcblk1
----------------------------------------
sfdisk: [2.26.x or greater]
==> sfdisk parameters:
sfdisk: [sfdisk from util-linux 2.29.2]
sfdisk: [sfdisk --force /dev/mmcblk1]
sfdisk: [4M,,L,*]
==> Partitionning
------------------------------------------------------------
Checking that no-one is using this disk right now ... OK

Disk /dev/mmcblk1: 3.6 GiB, 3825205248 bytes, 7471104 sectors
Units: sectors of 1 * 512 = 512 bytes
Sector size (logical/physical): 512 bytes / 512 bytes
I/O size (minimum/optimal): 512 bytes / 512 bytes

>>> Created a new DOS disklabel with disk identifier 0xcef012a0.
/dev/mmcblk1p1: Created a new partition 1 of type 'Linux' and of size 3.6 GiB.
/dev/mmcblk1p2: Done.

New situation:

Device         Boot St[   41.821556]  mmcblk1: p1
art     End Sectors  Size Id Type
/dev/mmcblk1p1 *     8192 7471103 7462912  3.6G 83 Linux

The partition table has been altered.
Calling ioctl() to re-read partition table.
Syncing disks.
------------------------------------------------------------

==> Partitionning Completed
==> Generated Partitions:
------------------------------------------------------------
Disk /dev/mmcblk1: 3.6 GiB, 3825205248 bytes, 7471104 sectors
Units: sectors of 1 * 512 = 512 bytes
Sector size (logical/physical): 512 bytes / 512 bytes
I/O size (minimum/optimal): 512 bytes / 512 bytes
Disklabel type: dos
Disk identifier: 0xcef012a0

Device         Boot Start     End Sectors  Size Id Type
/dev/mmcblk1p1 *     8192 7471103 7462912  3.6G 83 Linux
------------------------------------------------------------
================================================================================

================================================================================
Preparing future rootfs to receive files
----------------------------------------

==> Formatting rootfs with mkfs.ext4  -O ^metadata_csum,^64bit /dev/mmcblk1p1 -L rootfs
--------------------------------------------------------------------------------

mke2fs 1.43.4 (31-Jan-2017)
ext2fs_check_if_mount: Can't check if filesystem is mounted due to missing mtab file while determining whether /dev/mmcblk1p1 is mounted.
Discarding device blocks:   4096/932864528384/932864             done                            
Creating filesystem with 932864 4k blocks and 233392 inodes
Filesystem UUID: a38a1c06-6e2d-4bdf-9cc5-aaf841d8db2b
Superblock backups stored on blocks: 
	32768, 98304, 163840, 229376, 294912, 819200, 884736

Allocating group tables:  0/29     done                            
Writing inode tables:  0/29     done                            
Creating journal (16384 blocks): done
Writing superblocks and filesystem accounting information:  0/29     done

--------------------------------------------------------------------------------
==> Formatting rootfs: /dev/mmcblk1p1 complete
==> Creating temporary rootfs directory (/tmp/rootfs)
==> Mounting /dev/mmcblk1p1 to /tmp/rootfs
[   54.463930] EXT4-fs (mmcblk1p1): mounted filesystem with ordered data mode. Opts: (null)

================================================================================

================================================================================
Copying: Current rootfs to /dev/mmcblk1p1
----------------------------------------
==> rsync: / -> /tmp/rootfs
----------------------------------------
----------------------------------------
==> Copying: Kernel modules
===> Creating directory for modules
===> rsync: /lib/modules/4.4.91-ti-r133/ -> /tmp/rootfs/lib/modules/4.4.91-ti-r133/
----------------------------------------
----------------------------------------
Copying: Current rootfs to /dev/mmcblk1p1 complete
================================================================================

================================================================================
Final System Tweaks:
----------------------------------------
==> Applying SSH Key Regeneration trick

==> Found pre-existing uEnv file at /tmp/rootfs/boot/uEnv.txt. Using it.
********************************************************************************
#Docs: http://elinux.org/Beagleboard:U-boot_partitioning_layout_2.0

uname_r=4.4.91-ti-r133
####uname_r=4.4.91-ti-r133
####uname _r=4.4.91-ti-r133
#uuid=
#dtb=


###U-Boot Overlays###
###Documentation: http://elinux.org/Beagleboard:BeagleBoneBlack_Debian#U-Boot_Overlays
###Master Enable
enable_uboot_overlays=1
###
###Overide capes with eeprom
#uboot_overlay_addr0=/lib/firmware/<file0>.dtbo
#uboot_overlay_addr1=/lib/firmware/<file1>.dtbo
#uboot_overlay_addr2=/lib/firmware/<file2>.dtbo
#uboot_overlay_addr3=/lib/firmware/<file3>.dtbo
###
###Additional custom capes
#uboot_overlay_addr4=/lib/firmware/<file4>.dtbo
#uboot_overlay_addr5=/lib/firmware/<file5>.dtbo
#uboot_overlay_addr6=/lib/firmware/<file6>.dtbo
#uboot_overlay_addr7=/lib/firmware/<file7>.dtbo
###
###Custom Cape
#dtb_overlay=/lib/firmware/<file8>.dtbo
###
###Disable auto loading of virtual capes (emmc/video/wireless/adc)
#disable_uboot_overlay_emmc=1
#disable_uboot_overlay_video=1
#disable_uboot_overlay_audio=1
#disable_uboot_overlay_wireless=1
#disable_uboot_overlay_adc=1
###
###PRUSS OPTIONS
###pru_rproc (4.4.x-ti kernel)
uboot_overlay_pru=/lib/firmware/AM335X-PRU-RPROC-4-4-TI-00A0.dtbo
###pru_uio (4.4.x-ti & mainline/bone kernel)
#uboot_overlay_pru=/lib/firmware/AM335X-PRU-UIO-00A0.dtbo
###
###Cape Universal Enable
enable_uboot_cape_universal=1
###
###Debug: disable uboot autoload of Cape
#disable_uboot_overlay_addr0=1
#disable_uboot_overlay_addr1=1
#disable_uboot_overlay_addr2=1
#disable_uboot_overlay_addr3=1
###
###U-Boot fdt tweaks...
#uboot_fdt_buffer=0x60000
###U-Boot Overlays###

cmdline=coherent_pool=1M net.ifnames=0 quiet

#In the event of edid real failures, uncomment this next line:
#cmdline=coherent_pool=1M net.ifnames=0 quiet video=HDMI-A-1:1024x768@60e

##Example v3.8.x
#cape_disable=capemgr.disable_partno=
#cape_enable=capemgr.enable_partno=

##Example v4.1.x
#cape_disable=bone_capemgr.disable_partno=
#cape_enable=bone_capemgr.enable_partno=

##enable Generic eMMC Flasher:
##make sure, these tools are installed: dosfstools rsync
#####cmdline=init=/opt/scripts/tools/eMMC/init-eMMC-flasher-v3.sh
cmdline=init=/opt/scripts/tools/eMMC/init-eMMC-flasher-v3.sh

********************************************************************************


==> Generating: /etc/fstab
===> /etc/fstab generated
****************************************
# /etc/fstab: static file system information.
#
/dev/mmcblk1p1  /  ext4  noatime,errors=remount-ro  0  1
debugfs  /sys/kernel/debug  debugfs  defaults  0  0
****************************************

==> /boot/uEnv.txt: disabling eMMC flasher script
****************************************
#Docs: http://elinux.org/Beagleboard:U-boot_partitioning_layout_2.0

uname_r=4.4.91-ti-r133
####uname_r=4.4.91-ti-r133
####uname _r=4.4.91-ti-r133
#uuid=
#dtb=


###U-Boot Overlays###
###Documentation: http://elinux.org/Beagleboard:BeagleBoneBlack_Debian#U-Boot_Overlays
###Master Enable
enable_uboot_overlays=1
###
###Overide capes with eeprom
#uboot_overlay_addr0=/lib/firmware/<file0>.dtbo
#uboot_overlay_addr1=/lib/firmware/<file1>.dtbo
#uboot_overlay_addr2=/lib/firmware/<file2>.dtbo
#uboot_overlay_addr3=/lib/firmware/<file3>.dtbo
###
###Additional custom capes
#uboot_overlay_addr4=/lib/firmware/<file4>.dtbo
#uboot_overlay_addr5=/lib/firmware/<file5>.dtbo
#uboot_overlay_addr6=/lib/firmware/<file6>.dtbo
#uboot_overlay_addr7=/lib/firmware/<file7>.dtbo
###
###Custom Cape
#dtb_overlay=/lib/firmware/<file8>.dtbo
###
###Disable auto loading of virtual capes (emmc/video/wireless/adc)
#disable_uboot_overlay_emmc=1
#disable_uboot_overlay_video=1
#disable_uboot_overlay_audio=1
#disable_uboot_overlay_wireless=1
#disable_uboot_overlay_adc=1
###
###PRUSS OPTIONS
###pru_rproc (4.4.x-ti kernel)
uboot_overlay_pru=/lib/firmware/AM335X-PRU-RPROC-4-4-TI-00A0.dtbo
###pru_uio (4.4.x-ti & mainline/bone kernel)
#uboot_overlay_pru=/lib/firmware/AM335X-PRU-UIO-00A0.dtbo
###
###Cape Universal Enable
enable_uboot_cape_universal=1
###
###Debug: disable uboot autoload of Cape
#disable_uboot_overlay_addr0=1
#disable_uboot_overlay_addr1=1
#disable_uboot_overlay_addr2=1
#disable_uboot_overlay_addr3=1
###
###U-Boot fdt tweaks...
#uboot_fdt_buffer=0x60000
###U-Boot Overlays###

cmdline=coherent_pool=1M net.ifnames=0 quiet

#In the event of edid real failures, uncomment this next line:
#cmdline=coherent_pool=1M net.ifnames=0 quiet video=HDMI-A-1:1024x768@60e

##Example v3.8.x
#cape_disable=capemgr.disable_partno=
#cape_enable=capemgr.enable_partno=

##Example v4.1.x
#cape_disable=bone_capemgr.disable_partno=
#cape_enable=bone_capemgr.enable_partno=

##enable Generic eMMC Flasher:
##make sure, these tools are installed: dosfstools rsync
######cmdline=init=/opt/scripts/tools/eMMC/init-eMMC-flasher-v3.sh
#cmdline=init=/opt/scripts/tools/eMMC/init-eMMC-flasher-v3.sh

****************************************

================================================================================
Tearing down future rootfs
----------------------------------------

==> Unmounting /tmp/rootfs
================================================================================
================================================================================
Tearing Down script environment
==> Unmounting /tmp
==> Stopping Cylon LEDs ...
==> Setting LEDs to 
==> Force writeback of eMMC buffers by Syncing: /dev/mmcblk1
/opt/scripts/tools/eMMC/functions.sh: line 250:   286 Terminated              cylon_leds
----------------------------------------
100000+0 records in
100000+0 records out
51200000 bytes (51 MB, 49 MiB) copied, 1.34111 s, 38.2 MB/s
----------------------------------------
===> Syncing: /dev/mmcblk1 complete
==> This script took 321 seconds to run
================================================================================

==> Setting LEDs to 
==> Displaying mount points
--------------------------------------------------------------------------------
sysfs on /sys type sysfs (rw,nosuid,nodev,noexec,relatime)
proc on /proc type proc (rw,nosuid,nodev,noexec,relatime)
udev on /dev type devtmpfs (rw,nosuid,relatime,size=222064k,nr_inodes=55516,mode=755)
devpts on /dev/pts type devpts (rw,nosuid,noexec,relatime,gid=5,mode=620,ptmxmode=000)
tmpfs on /run type tmpfs (rw,nosuid,noexec,relatime,size=49936k,mode=755)
/dev/mmcblk0p1 on / type ext4 (ro,relatime,data=ordered)
--------------------------------------------------------------------------------

================================================================================
eMMC has been flashed: please wait for device to power down.
================================================================================
We are init
[  328.171073] systemd[1]: System time before build time, advancing clock.
[  328.197482] ip_tables: (C) 2000-2006 Netfilter Core Team
[  328.227384] systemd[1]: systemd 232 running in system mode. (+PAM +AUDIT +SELINUX +IMA +APPARMOR +SMACK +SYSVINIT +UTMP +LIBCRYPTSETUP +GCRYPT +GNUTLS +ACL +XZ +LZ4 +SECCOMP +BLKID +ELFUTILS +KMOD +IDN)
[  328.246501] systemd[1]: Detected architecture arm.

Welcome to Debian GNU/Linux 9 (stretch)!

[  328.267704] systemd[1]: Set hostname to <beaglebone>.
[  328.854487] systemd[1]: Listening on /dev/initctl Compatibility Named Pipe.
[  OK  ] Listening on /dev/initctl Compatibility Named Pipe.
[  328.876180] systemd[1]: Set up automount Arbitrary Executable File Formats File System Automount Point.
[  OK  ] Set up automount Arbitrary Executab…rmats File System Automount Point.
[  328.899096] systemd[1]: Started Forward Password Requests to Wall Directory Watch.
[  OK  ] Started Forward Password Requests to Wall Directory Watch.
[  328.919856] systemd[1]: Created slice User and Session Slice.
[  OK  ] Created slice User and Session Slice.
[  328.934991] systemd[1]: Listening on Syslog Socket.
[  OK  ] Listening on Syslog Socket.
[  328.947104] systemd[1]: Listening on Journal Socket (/dev/log).
[  OK  ] Listening on Journal Socket (/dev/log).
[  328.967128] systemd[1]: Started Dispatch Password Requests to Console Directory Watch.
[  OK  ] Started Dispatch Password Requests to Console Directory Watch.
[  328.986659] systemd[1]: Reached target Paths.
[  OK  ] Reached target Paths.
[  328.998735] systemd[1]: Reached target Encrypted Volumes.
[  OK  ] Reached target Encrypted Volumes.
[  329.011292] systemd[1]: Listening on Journal Audit Socket.
[  OK  ] Listening on Journal Audit Socket.
[  329.031717] systemd[1]: Created slice System Slice.
[  OK  ] Created slice System Slice.
[  329.044582] systemd[1]: Created slice system-serial\x2dgetty.slice.
[  OK  ] Created slice system-serial\x2dgetty.slice.
[  329.059891] systemd[1]: Created slice system-getty.slice.
[  OK  ] Created slice system-getty.slice.
[  329.074964] systemd[1]: Listening on fsck to fsckd communication Socket.
[  OK  ] Listening on fsck to fsckd communication Socket.
[  329.099339] systemd[1]: Mounting POSIX Message Queue File System...
         Mounting POSIX Message Queue File System...
[  329.134992] systemd[1]: Listening on Journal Socket.
[  OK  ] Listening on Journal Socket.
[  329.177358] systemd[1]: Starting Load Kernel Modules...
         Starting Load Kernel Modules...
[  329.254510] systemd[1]: Starting Journal Service...
         Starting Journal Service...
[  329.367200] systemd[1]: Starting File System Check on Root Device...
         Starting File System Check on Root Device...
[  329.438952] systemd[1]: Listening on udev Kernel Socket.
[  OK  ] Listening on udev Kernel Socket.
[  329.474647] systemd[1]: Reached target Remote File Systems.
[  OK  ] Reached target Remote File Systems.
[  329.492906] systemd[1]: Reached target Swap.
[  OK  ] Reached target Swap.
[  329.547417] systemd[1]: Mounting /sys/kernel/debug...
         Mounting /sys/kernel/debug...
[  329.601577] systemd[1]: Listening on udev Control Socket.
[  OK  ] Listening on udev Control Socket.
[  329.701658] systemd[1]: Starting Create list of required static device nodes for the current kernel...
         Starting Create list of required st…ce nodes for the current kernel...
[  329.762706] systemd[1]: Reached target Slices.
[  OK  ] Reached target Slices.
[  329.855942] systemd[1]: Mounted POSIX Message Queue File System.
[  OK  ] Mounted POSIX Message Queue File System.
[  329.906714] systemd[1]: Mounted /sys/kernel/debug.
[  OK  ] Mounted /sys/kernel/debug.
[  329.933187] systemd[1]: Started Load Kernel Modules.
[  OK  ] Started Load Kernel Modules.
[  329.957602] systemd[1]: Started File System Check on Root Device.
[  OK  ] Started File System Check on Root Device.
[  329.973677] systemd[1]: Started Create list of required static device nodes for the current kernel.
[  OK  ] Started Create list of required sta…vice nodes for the current kernel.
[  329.996080] systemd[1]: Started Journal Service.
[  OK  ] Started Journal Service.
[  OK  ] Started File System Check Daemon to report status.
         Starting Create Static Device Nodes in /dev...
         Starting Remount Root and Kernel File Systems...
         Mounting FUSE Control File System...
         Starting Apply Kernel Variables...
         Mounting Configuration File System...
[  330.520559] EXT4-fs (mmcblk0p1): re-mounted. Opts: errors=remount-ro
[  OK  ] Mounted FUSE Control File System.
[  OK  ] Mounted Configuration File System.
[  OK  ] Started Create Static Device Nodes in /dev.
[  OK  ] Started Remount Root and Kernel File Systems.
[  OK  ] Started Apply Kernel Variables.
         Starting Flush Journal to Persistent Storage...
         Starting Load/Save Random Seed...
         Starting udev Coldplug all Devices...
         Starting udev Kernel Device Manager...
[  OK  ] Reached target Local File Systems (Pre).
[  OK  ] Reached target Local File Systems.
         Starting Raise network interfaces...
[  OK  ] Started Load/Save Random Seed.
[  331.375844] systemd-journald[3028]: Received request to flush runtime journal from PID 1
[  OK  ] Started Flush Journal to Persistent Storage.
[  OK  ] Started udev Kernel Device Manager.
         Starting Create Volatile Files and Directories...
[  OK  ] Started Create Volatile Files and Directories.
         Starting Update UTMP about System Boot/Shutdown...
[  OK  ] Started Entropy daemon using the HAVEGE algorithm.
         Starting Network Time Synchronization...
[  OK  ] Started Update UTMP about System Boot/Shutdown.
[  OK  ] Started Network Time Synchronization.
[  OK  ] Reached target System Time Synchronized.
[  OK  ] Started Raise network interfaces.
[  OK  ] Started udev Coldplug all Devices.
[  OK  ] Reached target System Initialization.
[  OK  ] Started Daily apt download activities.
[  OK  ] Listening on Avahi mDNS/DNS-SD Stack Activation Socket.
[  OK  ] Started Daily apt upgrade and clean activities.
[  OK  ] Listening on node-red.socket.
[  OK  ] Started Daily Cleanup of Temporary Directories.
[  OK  ] Reached target Timers.
[  OK  ] Listening on cloud9.socket.
[  OK  ] Listening on D-Bus System Message Bus Socket.
[  OK  ] Listening on bonescript.socket.
[  OK  ] Reached target Sockets.
[  OK  ] Reached target Basic System.
[  OK  ] Started Deferred execution scheduler.
         Starting Restore /etc/resolv.conf i…fore the ppp link was shut down...
         Starting Cape Manager Service...
         Starting Login Service...
         Starting BB WL18xx wlan0 Service...
[  OK  ] Started Cgroup management daemon.
         Starting Generic Board Startup...
         Starting System Logging Service...
         Starting Avahi mDNS/DNS-SD Stack...
[  334.540674] cgroup: new mount options do not match the existing superblock, will be ignored
         Starting LSB: Start busybox udhcpd at boot time...
         Starting LSB: Load kernel modules needed to enable cpufreq scaling...
[  OK  ] Started D-Bus System Message Bus.
[  OK  ] Started Avahi mDNS/DNS-SD Stack.
         Starting Connection service...
[  OK  ] Started Bonescript autorun.
[  OK  ] Started Regular background program processing daemon.
[  OK  ] Started System Logging Service.
[  OK  ] Started Restore /etc/resolv.conf if…before the ppp link was shut down.
[  OK  ] Started Cape Manager Service.
[  OK  ] Started LSB: Start busybox udhcpd at boot time.
[  OK  ] Started Connection service.
[  OK  ] Started Login Service.
[  OK  ] Reached target Network.
         Starting Permit User Sessions...
[  336.831089] nf_conntrack version 0.5.0 (7802 buckets, 31208 max)
[  OK  ] Reached target Network is Online.
         Starting LSB: Advanced IEEE 802.11 management daemon...
         Starting OpenBSD Secure Shell server...
         Starting The Apache HTTP Server...
[  OK  ] Started Permit User Sessions.
[  OK  ] Started LSB: Advanced IEEE 802.11 management daemon.
[  OK  ] Stopped target Timers.
         Stopping Bonescript autorun...
[  OK  ] Removed slice system-serial\x2dgetty.slice.
         Stopping Permit User Sessions...
         Stopping Cgroup management daemon...
         Stopping Avahi mDNS/DNS-SD Stack...
         Stopping Login Service...
         Stopping Deferred execution scheduler...
         Stopping System Logging Service...
[  OK  ] Reached target Unmount All Filesystems.
[  OK  ] Stopped Daily Cleanup of Temporary Directories.
         Stopping Regular background program processing daemon...
         Stopping OpenBSD Secure Shell server...
[  OK  ] Removed slice system-getty.slice.
         Stopping LSB: Advanced IEEE 802.11 management daemon...
[  OK  ] Stopped Daily apt upgrade and clean activities.
[  OK  ] Stopped Daily apt download activities.
[  OK  ] Stopped target System Time Synchronized.
         Stopping LSB: Start busybox udhcpd at boot time...
[  OK  ] Stopped Deferred execution scheduler.
[  OK  ] Stopped Login Service.
[  OK  ] Stopped BB WL18xx wlan0 Service.
[  OK  ] Stopped Cgroup management daemon.
[  OK  ] Stopped Generic Board Startup.
[  OK  ] Stopped System Logging Service.
[  OK  ] Stopped Avahi mDNS/DNS-SD Stack.
[  OK  ] Stopped LSB: Load kernel modules needed to enable cpufreq scaling.
[  OK  ] Stopped Bonescript autorun.
[  OK  ] Stopped Regular background program processing daemon.
[  OK  ] Stopped OpenBSD Secure Shell server.
[  OK  ] Stopped The Apache HTTP Server.
[  OK  ] Stopped Permit User Sessions.
[  OK  ] Stopped LSB: Advanced IEEE 802.11 management daemon.
[  OK  ] Stopped target Network is Online.
[  OK  ] Stopped target Network.
         Stopping Raise network interfaces...
         Stopping Connection service...
[  OK  ] Stopped LSB: Start busybox udhcpd at boot time.
[  OK  ] Stopped target Remote File Systems.
[  OK  ] Stopped Connection service.
         Stopping D-Bus System Message Bus...
[  OK  ] Stopped D-Bus System Message Bus.
[  OK  ] Stopped target Basic System.
[  OK  ] Stopped target Sockets.
[  OK  ] Closed node-red.socket.
[  OK  ] Closed Avahi mDNS/DNS-SD Stack Activation Socket.
[  OK  ] Closed Syslog Socket.
[  OK  ] Closed cloud9.socket.
[  OK  ] Closed bonescript.socket.
[  OK  ] Stopped target Paths.
[  OK  ] Stopped target Slices.
[  OK  ] Removed slice User and Session Slice.
[  OK  ] Closed D-Bus System Message Bus Socket.
[  OK  ] Stopped target System Initialization.
         Stopping Load/Save Random Seed...
[  OK  ] Stopped target Encrypted Volumes.
[  OK  ] Stopped Forward Password Requests to Wall Directory Watch.
[  OK  ] Stopped Dispatch Password Requests to Console Directory Watch.
[  OK  ] Stopped target Swap.
         Stopping Update UTMP about System Boot/Shutdown...
         Stopping Network Time Synchronization...
[  OK  ] Stopped Network Time Synchronization.
[  OK  ] Stopped Load/Save Random Seed.
[  OK  ] Stopped Update UTMP about System Boot/Shutdown.
[  OK  ] Stopped Create Volatile Files and Directories.
[  OK  ] Stopped Raise network interfaces.
[  OK  ] Stopped target Local File Systems.
[  OK  ] Stopped target Local File Systems (Pre).
[  OK  ] Stopped Create Static Device Nodes in /dev.
[  OK  ] Stopped Remount Root and Kernel File Systems.
[  OK  ] Stopped Apply Kernel Variables.
[  OK  ] Stopped Load Kernel Modules.
[  OK  ] Reached target Shutdown.
[  OK  ] Reached target Final Step.
         Starting Power-Off...
[  OK  ] Found device /dev/ttyS0.
[  341.637547] systemd-shutdown[1]: Sending SIGTERM to remaining processes...
[  341.678988] systemd-journald[3028]: Received SIGTERM from PID 1 (systemd-shutdow).
[  341.727053] systemd-udevd[3329]: Process '/bin/sh -c '/bin/chmod -R ug+rw /sys/devices/platform/ocp/*.gpio'' terminated by signal TERM.
[  341.741029] systemd-udevd[3082]: worker [3360] did not accept message -111 (Connection refused), kill it
[  341.754568] systemd-udevd[3354]: Process '/lib/udev/hwclock-set /dev/rtc0' terminated by signal TERM.
[  341.771322] systemd-udevd[3082]: worker [3328] did not accept message -111 (Connection refused), kill it
[  341.789303] systemd-udevd[3082]: worker [3321] did not accept message -111 (Connection refused), kill it
[  341.809317] systemd-udevd[3082]: worker [3355] did not accept message -111 (Connection refused), kill it
[  341.829455] systemd-udevd[3082]: worker [3422] did not accept message -111 (Connection refused), kill it
[  341.843628] systemd-udevd[3082]: worker [3325] did not accept message -111 (Connection refused), kill it
[  341.853544] systemd-udevd[3082]: worker [3435] did not accept message -111 (Connection refused), kill it
[  341.869472] systemd-shutdown[1]: Sending SIGKILL to remaining processes...
[  341.891604] systemd-shutdown[1]: Unmounting file systems.
[  341.898805] systemd-shutdown[1]: Remounting '/' read-only with options 'errors=remount-ro,data=ordered'.
[  341.951693] EXT4-fs (mmcblk0p1): re-mounted. Opts: errors=remount-ro,data=ordered
[  342.023750] systemd-shutdown[1]: Remounting '/' read-only with options 'errors=remount-ro,data=ordered'.
[  342.034593] EXT4-fs (mmcblk0p1): re-mounted. Opts: errors=remount-ro,data=ordered
[  342.042306] systemd-shutdown[1]: All filesystems unmounted.
[  342.047976] systemd-shutdown[1]: Deactivating swaps.
[  342.053419] systemd-shutdown[1]: All swaps deactivated.
[  342.058854] systemd-shutdown[1]: Detaching loop devices.
[  342.070408] systemd-shutdown[1]: All loop devices detached.
[  342.076203] systemd-shutdown[1]: Detaching DM devices.
[  342.082097] systemd-shutdown[1]: All DM devices detached.
[  342.103563] systemd-shutdown[1]: Powering off.
[  342.125121] musb-hdrc musb-hdrc.1.auto: remove, state 4
[  342.130564] usb usb1: USB disconnect, device number 1
[  342.136519] musb-hdrc musb-hdrc.1.auto: USB bus 1 deregistered
[  342.146591] reboot: Power down
[  342.149819] System will go to power_off state in approx. 1 second

U-Boot SPL 2017.09-00002-g0f3f1c7907 (Oct 09 2017 - 15:30:22)
Trying to boot from MMC2


U-Boot 2017.09-00002-g0f3f1c7907 (Oct 09 2017 - 15:30:22 -0500), Build: jenkins-github_Bootloader-Builder-607

CPU  : AM335X-GP rev 2.1
I2C:   ready
DRAM:  512 MiB
No match for driver 'omap_hsmmc'
No match for driver 'omap_hsmmc'
Some drivers were not found
Reset Source: Power-on reset has occurred.
MMC:   OMAP SD/MMC: 0, OMAP SD/MMC: 1
Using default environment

Board: BeagleBone Black
<ethaddr> not set. Validating first E-fuse MAC
BeagleBone Black:
Model: BeagleBoard.org BeagleBone Black Wireless:
BeagleBone: cape eeprom: i2c_probe: 0x54:
BeagleBone: cape eeprom: i2c_probe: 0x55:
BeagleBone: cape eeprom: i2c_probe: 0x56:
BeagleBone: cape eeprom: i2c_probe: 0x57:
Net:   eth0: MII MODE
Could not get PHY for cpsw: addr 0
cpsw
Press SPACE to abort autoboot in 2 seconds
board_name=[BBBW] ...
Card did not respond to voltage select!
mmc_init: -95, time 13
Card did not respond to voltage select!
mmc_init: -95, time 13
Card did not respond to voltage select!
mmc_init: -95, time 12
gpio: pin 56 (gpio 56) value is 0
gpio: pin 55 (gpio 55) value is 0
gpio: pin 54 (gpio 54) value is 0
gpio: pin 53 (gpio 53) value is 1
Card did not respond to voltage select!
mmc_init: -95, time 12
Card did not respond to voltage select!
mmc_init: -95, time 13
switch to partitions #0, OK
mmc1(part 0) is current device
Scanning mmc 1:1...
gpio: pin 56 (gpio 56) value is 0
gpio: pin 55 (gpio 55) value is 0
gpio: pin 54 (gpio 54) value is 0
gpio: pin 53 (gpio 53) value is 1
switch to partitions #0, OK
mmc1(part 0) is current device
gpio: pin 54 (gpio 54) value is 1
Checking for: /uEnv.txt ...
Checking for: /boot.scr ...
Checking for: /boot/boot.scr ...
Checking for: /boot/uEnv.txt ...
gpio: pin 55 (gpio 55) value is 1
2167 bytes read in 15 ms (140.6 KiB/s)
Loaded environment from /boot/uEnv.txt
Checking if uname_r is set in /boot/uEnv.txt...
gpio: pin 56 (gpio 56) value is 1
Running uname_boot ...
loading /boot/vmlinuz-4.4.91-ti-r133 ...
8886912 bytes read in 578 ms (14.7 MiB/s)
uboot_overlays: [uboot_base_dtb=am335x-boneblack-uboot.dtb] ...
uboot_overlays: Switching too: dtb=am335x-boneblack-uboot.dtb ...
loading /boot/dtbs/4.4.91-ti-r133/am335x-boneblack-uboot.dtb ...
53192 bytes read in 44 ms (1.2 MiB/s)
uboot_overlays: [fdt_buffer=0x60000] ...
uboot_overlays: loading /lib/firmware/OSD3358-00A0.dtbo ...
441 bytes read in 124 ms (2.9 KiB/s)
uboot_overlays: loading /lib/firmware/BB-BONE-eMMC1-01-00A0.dtbo ...
1105 bytes read in 300 ms (2.9 KiB/s)
uboot_overlays: loading /lib/firmware/BB-HDMI-TDA998x-00A0.dtbo ...
4169 bytes read in 102 ms (39.1 KiB/s)
uboot_overlays: loading /lib/firmware/BB-BBBW-WL1835-00A0.dtbo ...
4376 bytes read in 111 ms (38.1 KiB/s)
uboot_overlays: loading /lib/firmware/BB-ADC-00A0.dtbo ...
695 bytes read in 116 ms (4.9 KiB/s)
uboot_overlays: loading /lib/firmware/AM335X-PRU-RPROC-4-4-TI-00A0.dtbo ...
2402 bytes read in 286 ms (7.8 KiB/s)
uboot_overlays: loading /lib/firmware/univ-bbb-EVA-00A0.dtbo ...
54575 bytes read in 331 ms (160.2 KiB/s)
loading /boot/initrd.img-4.4.91-ti-r133 ...
5416133 bytes read in 357 ms (14.5 MiB/s)
debug: [console=ttyO0,115200n8 bone_capemgr.uboot_capemgr_enabled=1 root=/dev/mmcblk1p1 ro rootfstype=ext4 rootwait coherent_pool=1M net.ifnames=0 quiet] ...
debug: [bootz 0x82000000 0x88080000:52a4c5 88000000] ...
## Flattened Device Tree blob at 88000000
   Booting using the fdt blob at 0x88000000
   Loading Ramdisk to 8fad5000, end 8ffff4c5 ... OK
   reserving fdt memory region: addr=88000000 size=76000
   Loading Device Tree to 8fa5c000, end 8fad4fff ... OK

Starting kernel ...

[    0.001587] clocksource_probe: no matching clocksources found
[    2.117120] wkup_m3_ipc 44e11324.wkup_m3_ipc: could not get rproc handle
[    2.408232] omap_voltage_late_init: Voltage driver support not added
[    2.420793] PM: Cannot get wkup_m3_ipc handle

Debian GNU/Linux 9 beaglebone ttyS0

BeagleBoard.org Debian Image 2017-10-10

Support/FAQ: http://elinux.org/Beagleboard:BeagleBoneBlack_Debian

default username:password is [debian:temppwd]

beaglebone login: 
Debian GNU/Linux 9 beaglebone ttyS0

BeagleBoard.org Debian Image 2017-10-10

Support/FAQ: http://elinux.org/Beagleboard:BeagleBoneBlack_Debian

default username:password is [debian:temppwd]

beaglebone login: root
Password: 

Login incorrect
beaglebone login: [   54.278216] Error: Driver 'ecap' is already registered, aborting...
[   56.100795] Error: Driver 'ecap' is already registered, aborting...

Password: 

Login timed out 
Debian GNU/Linux 9 beaglebone ttyS0

BeagleBoard.org Debian Image 2017-10-10

Support/FAQ: http://elinux.org/Beagleboard:BeagleBoneBlack_Debian

default username:password is [debian:temppwd]

beaglebone login: debian
Password: 
Linux beaglebone 4.4.91-ti-r133 #1 SMP Tue Oct 10 05:18:08 UTC 2017 armv7l

The programs included with the Debian GNU/Linux system are free software;
the exact distribution terms for each program are described in the
individual files in /usr/share/doc/*/copyright.

Debian GNU/Linux comes with ABSOLUTELY NO WARRANTY, to the extent
permitted by applicable law.
debian@beaglebone:~$ 
debian@beaglebone:~$ 
debian@beaglebone:~$ sudo bash

We trust you have received the usual lecture from the local System
Administrator. It usually boils down to these three things:

    #1) Respect the privacy of others.
    #2) Think before you type.
    #3) With great power comes great responsibility.

[sudo] password for debian: 
root@beaglebone:/home/debian# ifconfig
SoftAp0: flags=4163<UP,BROADCAST,RUNNING,MULTICAST>  mtu 1500
        inet 192.168.8.1  netmask 255.255.255.0  broadcast 192.168.8.255
        inet6 fe80::5265:83ff:fee1:6cc9  prefixlen 64  scopeid 0x20<link>
        ether 50:65:83:e1:6c:c9  txqueuelen 1000  (Ethernet)
        RX packets 0  bytes 0 (0.0 B)
        RX errors 0  dropped 0  overruns 0  frame 0
        TX packets 28  bytes 5990 (5.8 KiB)
        TX errors 0  dropped 0 overruns 0  carrier 0  collisions 0

lo: flags=73<UP,LOOPBACK,RUNNING>  mtu 65536
        inet 127.0.0.1  netmask 255.0.0.0
        inet6 ::1  prefixlen 128  scopeid 0x10<host>
        loop  txqueuelen 1  (Local Loopback)
        RX packets 960  bytes 72960 (71.2 KiB)
        RX errors 0  dropped 0  overruns 0  frame 0
        TX packets 960  bytes 72960 (71.2 KiB)
        TX errors 0  dropped 0 overruns 0  carrier 0  collisions 0

usb0: flags=4163<UP,BROADCAST,RUNNING,MULTICAST>  mtu 1500
        inet 192.168.7.2  netmask 255.255.255.252  broadcast 192.168.7.3
        inet6 fe80::5265:83ff:fee1:6cc8  prefixlen 64  scopeid 0x20<link>
        ether 50:65:83:e1:6c:c8  txqueuelen 1000  (Ethernet)
        RX packets 58  bytes 6067 (5.9 KiB)
        RX errors 0  dropped 0  overruns 0  frame 0
        TX packets 39  bytes 9094 (8.8 KiB)
        TX errors 0  dropped 0 overruns 0  carrier 0  collisions 0

usb1: flags=4163<UP,BROADCAST,RUNNING,MULTICAST>  mtu 1500
        inet 192.168.6.2  netmask 255.255.255.252  broadcast 192.168.6.3
        inet6 fe80::5265:83ff:fee1:6ccb  prefixlen 64  scopeid 0x20<link>
        ether 50:65:83:e1:6c:cb  txqueuelen 1000  (Ethernet)
        RX packets 41  bytes 6991 (6.8 KiB)
        RX errors 0  dropped 0  overruns 0  frame 0
        TX packets 43  bytes 8174 (7.9 KiB)
        TX errors 0  dropped 0 overruns 0  carrier 0  collisions 0

wlan0: flags=-28669<UP,BROADCAST,MULTICAST,DYNAMIC>  mtu 1500
        ether 50:65:83:e1:6c:c6  txqueuelen 1000  (Ethernet)
        RX packets 0  bytes 0 (0.0 B)
        RX errors 0  dropped 0  overruns 0  frame 0
        TX packets 0  bytes 0 (0.0 B)
        TX errors 0  dropped 0 overruns 0  carrier 0  collisions 0

root@beaglebone:/home/debian# iwconfig
wlan0     IEEE 802.11abgn  ESSID:off/any  
          Mode:Managed  Access Point: Not-Associated   Tx-Power=0 dBm   
          Retry short limit:7   RTS thr:off   Fragment thr:off
          Encryption key:off
          Power Management:on
          
lo        no wireless extensions.

SoftAp0   IEEE 802.11abgn  Mode:Master  Tx-Power=20 dBm   
          Retry short limit:7   RTS thr:off   Fragment thr:off
          Power Management:on
          
usb0      no wireless extensions.

usb1      no wireless extensions.

can0      no wireless extensions.

can1      no wireless extensions.

root@beaglebone:/home/debian# iw dev ewlan0 scan
BSS 34:62:88:06:48:b0(on wlan0)
	TSF: 33997297614644 usec (393d, 11:41:37)
	freq: 2412
	beacon interval: 102 TUs
	capability: ESS Privacy ShortPreamble ShortSlotTime RadioMeasure (0x1431)
	signal: -78.00 dBm
	last seen: 752 ms ago
	Information elements from Probe Response frame:
	SSID: BLUESSO
	Supported rates: 6.0* 9.0 12.0* 18.0 24.0 36.0 48.0 54.0 
	DS Parameter set: channel 1
	Country: CA	Environment: Indoor/Outdoor
		Channels [1 - 11] @ 30 dBm
	BSS Load:
		 * station count: 2
		 * channel utilisation: 100/255
		 * available admission capacity: 23437 [*32us]
	ERP: <no flags>
	HT capabilities:
		Capabilities: 0x19ac
			HT20
			SM Power Save disabled
			RX HT20 SGI
			TX STBC
			RX STBC 1-stream
			Max AMSDU length: 7935 bytes
			DSSS/CCK HT40
		Maximum RX AMPDU length 65535 bytes (exponent: 0x003)
		Minimum RX AMPDU time spacing: 8 usec (0x06)
		HT RX MCS rate indexes supported: 0-23
		HT TX MCS rate indexes are undefined
	RSN:	 * Version: 1
		 * Group cipher: TKIP
		 * Pairwise ciphers: CCMP
		 * Authentication suites: IEEE 802.1X
		 * Capabilities: 4-PTKSA-RC 4-GTKSA-RC (0x0028)
	HT operation:
		 * primary channel: 1
		 * secondary channel offset: no secondary
		 * STA channel width: 20 MHz
		 * RIFS: 0
		 * HT protection: nonmember
		 * non-GF present: 1
		 * OBSS non-GF present: 0
		 * dual beacon: 0
		 * dual CTS protection: 0
		 * STBC beacon: 0
		 * L-SIG TXOP Prot: 0
		 * PCO active: 0
		 * PCO phase: 0
	WPA:	 * Version: 1
		 * Group cipher: TKIP
		 * Pairwise ciphers: TKIP
		 * Authentication suites: IEEE 802.1X
		 * Capabilities: 1-PTKSA-RC 1-GTKSA-RC (0x0000)
	WMM:	 * Parameter version 1
		 * u-APSD
		 * BE: CW 15-1023, AIFSN 3
		 * BK: CW 15-1023, AIFSN 7
		 * VI: CW 7-15, AIFSN 2, TXOP 3008 usec
		 * VO: CW 3-7, AIFSN 2, TXOP 1504 usec
BSS bc:16:f5:b5:7a:71(on wlan0)
	TSF: 33997473327070 usec (393d, 11:44:33)
	freq: 2412
	beacon interval: 102 TUs
	capability: ESS Privacy ShortPreamble ShortSlotTime RadioMeasure (0x1431)
	signal: -75.00 dBm
	last seen: 780 ms ago
	Information elements from Probe Response frame:
	SSID: Internet
	Supported rates: 6.0* 9.0 12.0* 18.0 24.0 36.0 48.0 54.0 
	DS Parameter set: channel 1
	Country: CA	Environment: Indoor/Outdoor
		Channels [1 - 11] @ 30 dBm
	BSS Load:
		 * station count: 2
		 * channel utilisation: 90/255
		 * available admission capacity: 23437 [*32us]
	ERP: <no flags>
	HT capabilities:
		Capabilities: 0x19ac
			HT20
			SM Power Save disabled
			RX HT20 SGI
			TX STBC
			RX STBC 1-stream
			Max AMSDU length: 7935 bytes
			DSSS/CCK HT40
		Maximum RX AMPDU length 65535 bytes (exponent: 0x003)
		Minimum RX AMPDU time spacing: 8 usec (0x06)
		HT RX MCS rate indexes supported: 0-23
		HT TX MCS rate indexes are undefined
	RSN:	 * Version: 1
		 * Group cipher: TKIP
		 * Pairwise ciphers: CCMP
		 * Authentication suites: PSK
		 * Capabilities: 4-PTKSA-RC 4-GTKSA-RC (0x0028)
	HT operation:
		 * primary channel: 1
		 * secondary channel offset: no secondary
		 * STA channel width: 20 MHz
		 * RIFS: 0
		 * HT protection: nonmember
		 * non-GF present: 1
		 * OBSS non-GF present: 0
		 * dual beacon: 0
		 * dual CTS protection: 0
		 * STBC beacon: 0
		 * L-SIG TXOP Prot: 0
		 * PCO active: 0
		 * PCO phase: 0
	WPA:	 * Version: 1
		 * Group cipher: TKIP
		 * Pairwise ciphers: TKIP
		 * Authentication suites: PSK
		 * Capabilities: 1-PTKSA-RC 1-GTKSA-RC (0x0000)
	WMM:	 * Parameter version 1
		 * u-APSD
		 * BE: CW 15-1023, AIFSN 3
		 * BK: CW 15-1023, AIFSN 7
		 * VI: CW 7-15, AIFSN 2, TXOP 3008 usec
		 * VO: CW 3-7, AIFSN 2, TXOP 1504 usec
BSS 34:62:88:06:48:b1(on wlan0)
	TSF: 33997297674112 usec (393d, 11:41:37)
	freq: 2412
	beacon interval: 102 TUs
	capability: ESS Privacy ShortPreamble ShortSlotTime RadioMeasure (0x1431)
	signal: -77.00 dBm
	last seen: 912 ms ago
	Information elements from Probe Response frame:
	SSID: Internet
	Supported rates: 6.0* 9.0 12.0* 18.0 24.0 36.0 48.0 54.0 
	DS Parameter set: channel 1
	Country: CA	Environment: Indoor/Outdoor
		Channels [1 - 11] @ 30 dBm
	BSS Load:
		 * station count: 2
		 * channel utilisation: 100/255
		 * available admission capacity: 23437 [*32us]
	ERP: <no flags>
	HT capabilities:
		Capabilities: 0x19ac
			HT20
			SM Power Save disabled
			RX HT20 SGI
			TX STBC
			RX STBC 1-stream
			Max AMSDU length: 7935 bytes
			DSSS/CCK HT40
		Maximum RX AMPDU length 65535 bytes (exponent: 0x003)
		Minimum RX AMPDU time spacing: 8 usec (0x06)
		HT RX MCS rate indexes supported: 0-23
		HT TX MCS rate indexes are undefined
	RSN:	 * Version: 1
		 * Group cipher: TKIP
		 * Pairwise ciphers: CCMP
		 * Authentication suites: PSK
		 * Capabilities: 4-PTKSA-RC 4-GTKSA-RC (0x0028)
	HT operation:
		 * primary channel: 1
		 * secondary channel offset: no secondary
		 * STA channel width: 20 MHz
		 * RIFS: 0
		 * HT protection: nonmember
		 * non-GF present: 1
		 * OBSS non-GF present: 0
		 * dual beacon: 0
		 * dual CTS protection: 0
		 * STBC beacon: 0
		 * L-SIG TXOP Prot: 0
		 * PCO active: 0
		 * PCO phase: 0
	WPA:	 * Version: 1
		 * Group cipher: TKIP
		 * Pairwise ciphers: TKIP
		 * Authentication suites: PSK
		 * Capabilities: 1-PTKSA-RC 1-GTKSA-RC (0x0000)
	WMM:	 * Parameter version 1
		 * u-APSD
		 * BE: CW 15-1023, AIFSN 3
		 * BK: CW 15-1023, AIFSN 7
		 * VI: CW 7-15, AIFSN 2, TXOP 3008 usec
		 * VO: CW 3-7, AIFSN 2, TXOP 1504 usec
BSS c8:d7:19:00:a6:ad(on wlan0)
	TSF: 33998026858486 usec (393d, 11:53:46)
	freq: 2412
	beacon interval: 100 TUs
	capability: ESS Privacy ShortPreamble ShortSlotTime (0x0431)
	signal: -79.00 dBm
	last seen: 10840 ms ago
	Information elements from Probe Response frame:
	SSID: \x00\x00\x00\x00\x00\x00\x00\x00
	Supported rates: 1.0* 2.0* 5.5* 11.0* 6.0 9.0 12.0 18.0 
	DS Parameter set: channel 1
	TIM: DTIM Count 0 DTIM Period 1 Bitmap Control 0x0 Bitmap[0] 0x0
	ERP: <no flags>
	Extended supported rates: 24.0 36.0 48.0 54.0 
	RSN:	 * Version: 1
		 * Group cipher: TKIP
		 * Pairwise ciphers: CCMP
		 * Authentication suites: PSK
		 * Capabilities: 1-PTKSA-RC 1-GTKSA-RC (0x0000)
	HT capabilities:
		Capabilities: 0x11fe
			HT20/HT40
			SM Power Save disabled
			RX Greenfield
			RX HT20 SGI
			RX HT40 SGI
			TX STBC
			RX STBC 1-stream
			Max AMSDU length: 3839 bytes
			DSSS/CCK HT40
		Maximum RX AMPDU length 65535 bytes (exponent: 0x003)
		Minimum RX AMPDU time spacing: 4 usec (0x05)
		HT RX MCS rate indexes supported: 0-23
		HT TX MCS rate indexes are undefined
	HT operation:
		 * primary channel: 1
		 * secondary channel offset: above
		 * STA channel width: any
		 * RIFS: 0
		 * HT protection: nonmember
		 * non-GF present: 1
		 * OBSS non-GF present: 0
		 * dual beacon: 0
		 * dual CTS protection: 0
		 * STBC beacon: 0
		 * L-SIG TXOP Prot: 0
		 * PCO active: 0
		 * PCO phase: 0
	Overlapping BSS scan params:
		 * passive dwell: 20 TUs
		 * active dwell: 10 TUs
		 * channel width trigger scan interval: 180 s
		 * scan passive total per channel: 200 TUs
		 * scan active total per channel: 20 TUs
		 * BSS width channel transition delay factor: 5
		 * OBSS Scan Activity Threshold: 0.25 %
	Extended capabilities: HT Information Exchange Supported
	WPA:	 * Version: 1
		 * Group cipher: TKIP
		 * Pairwise ciphers: TKIP
		 * Authentication suites: PSK
	WMM:	 * Parameter version 1
		 * u-APSD
		 * BE: CW 15-1023, AIFSN 3
		 * BK: CW 15-1023, AIFSN 7
		 * VI: CW 7-15, AIFSN 2, TXOP 3008 usec
		 * VO: CW 3-7, AIFSN 2, TXOP 1504 usec
BSS bc:16:f5:b5:7a:70(on wlan0)
	TSF: 33997473270768 usec (393d, 11:44:33)
	freq: 2412
	beacon interval: 102 TUs
	capability: ESS Privacy ShortPreamble ShortSlotTime RadioMeasure (0x1431)
	signal: -75.00 dBm
	last seen: 832 ms ago
	Information elements from Probe Response frame:
	SSID: BLUESSO
	Supported rates: 6.0* 9.0 12.0* 18.0 24.0 36.0 48.0 54.0 
	DS Parameter set: channel 1
	Country: CA	Environment: Indoor/Outdoor
		Channels [1 - 11] @ 30 dBm
	BSS Load:
		 * station count: 2
		 * channel utilisation: 90/255
		 * available admission capacity: 23437 [*32us]
	ERP: <no flags>
	HT capabilities:
		Capabilities: 0x19ac
			HT20
			SM Power Save disabled
			RX HT20 SGI
			TX STBC
			RX STBC 1-stream
			Max AMSDU length: 7935 bytes
			DSSS/CCK HT40
		Maximum RX AMPDU length 65535 bytes (exponent: 0x003)
		Minimum RX AMPDU time spacing: 8 usec (0x06)
		HT RX MCS rate indexes supported: 0-23
		HT TX MCS rate indexes are undefined
	RSN:	 * Version: 1
		 * Group cipher: TKIP
		 * Pairwise ciphers: CCMP
		 * Authentication suites: IEEE 802.1X
		 * Capabilities: 4-PTKSA-RC 4-GTKSA-RC (0x0028)
	HT operation:
		 * primary channel: 1
		 * secondary channel offset: no secondary
		 * STA channel width: 20 MHz
		 * RIFS: 0
		 * HT protection: nonmember
		 * non-GF present: 1
		 * OBSS non-GF present: 0
		 * dual beacon: 0
		 * dual CTS protection: 0
		 * STBC beacon: 0
		 * L-SIG TXOP Prot: 0
		 * PCO active: 0
		 * PCO phase: 0
	WPA:	 * Version: 1
		 * Group cipher: TKIP
		 * Pairwise ciphers: TKIP
		 * Authentication suites: IEEE 802.1X
		 * Capabilities: 1-PTKSA-RC 1-GTKSA-RC (0x0000)
	WMM:	 * Parameter version 1
		 * u-APSD
		 * BE: CW 15-1023, AIFSN 3
		 * BK: CW 15-1023, AIFSN 7
		 * VI: CW 7-15, AIFSN 2, TXOP 3008 usec
		 * VO: CW 3-7, AIFSN 2, TXOP 1504 usec
BSS f8:d1:11:4c:1b:06(on wlan0)
	TSF: 182922946074 usec (2d, 02:48:42)
	freq: 2427
	beacon interval: 100 TUs
	capability: ESS Privacy ShortPreamble ShortSlotTime (0x0431)
	signal: -59.00 dBm
	last seen: 140 ms ago
	Information elements from Probe Response frame:
	SSID: TPLINK_demo
	Supported rates: 1.0* 2.0* 5.5* 11.0* 6.0 9.0 12.0 18.0 
	DS Parameter set: channel 4
	RSN:	 * Version: 1
		 * Group cipher: TKIP
		 * Pairwise ciphers: CCMP TKIP
		 * Authentication suites: PSK
		 * Capabilities: 1-PTKSA-RC 1-GTKSA-RC (0x0000)
	WPA:	 * Version: 1
		 * Group cipher: TKIP
		 * Pairwise ciphers: CCMP TKIP
		 * Authentication suites: PSK
	ERP: <no flags>
	Extended supported rates: 24.0 36.0 48.0 54.0 
	WMM:	 * Parameter version 1
		 * u-APSD
		 * BE: CW 15-1023, AIFSN 3
		 * BK: CW 15-1023, AIFSN 7
		 * VI: CW 7-15, AIFSN 2, TXOP 3008 usec
		 * VO: CW 3-7, AIFSN 2, TXOP 1504 usec
	HT capabilities:
		Capabilities: 0x114e
			HT20/HT40
			SM Power Save disabled
			RX HT40 SGI
			RX STBC 1-stream
			Max AMSDU length: 3839 bytes
			DSSS/CCK HT40
		Maximum RX AMPDU length 65535 bytes (exponent: 0x003)
		Minimum RX AMPDU time spacing: 8 usec (0x06)
		HT RX MCS rate indexes supported: 0-7
		HT TX MCS rate indexes are undefined
	HT operation:
		 * primary channel: 4
		 * secondary channel offset: above
		 * STA channel width: any
		 * RIFS: 1
		 * HT protection: no
		 * non-GF present: 0
		 * OBSS non-GF present: 0
		 * dual beacon: 0
		 * dual CTS protection: 0
		 * STBC beacon: 0
		 * L-SIG TXOP Prot: 0
		 * PCO active: 0
		 * PCO phase: 0
	WPS:	 * Version: 1.0
		 * Wi-Fi Protected Setup State: 2 (Configured)
		 * Response Type: 3 (AP)
		 * UUID: 00000000-0000-1000-0000-f8d1114c1b06
		 * Manufacturer: TP-LINK
		 * Model: TL-WR740N
		 * Model Number: 1.0/2.0
		 * Serial Number: 1.0
		 * Primary Device Type: 6-0050f204-1
		 * Device name: Wireless Router TL-WR740N
		 * Config methods: Ethernet, Label, PBC
		 * RF Bands: 0x1
BSS 98:fc:11:82:40:16(on wlan0)
	TSF: 2843168033984 usec (32d, 21:46:08)
	freq: 2437
	beacon interval: 100 TUs
	capability: ESS Privacy ShortSlotTime (0x0411)
	signal: -65.00 dBm
	last seen: 996 ms ago
	Information elements from Probe Response frame:
	SSID: Altumview-2.4G-Guest
	Supported rates: 1.0* 2.0* 5.5* 11.0* 18.0 24.0 36.0 54.0 
	DS Parameter set: channel 6
	ERP: <no flags>
	ERP D4.0: <no flags>
	RSN:	 * Version: 1
		 * Group cipher: TKIP
		 * Pairwise ciphers: CCMP TKIP
		 * Authentication suites: PSK
		 * Capabilities: 16-PTKSA-RC 1-GTKSA-RC (0x000c)
	Extended supported rates: 6.0 9.0 12.0 48.0 
	HT capabilities:
		Capabilities: 0x18fc
			HT20
			SM Power Save disabled
			RX Greenfield
			RX HT20 SGI
			RX HT40 SGI
			TX STBC
			No RX STBC
			Max AMSDU length: 7935 bytes
			DSSS/CCK HT40
		Maximum RX AMPDU length 65535 bytes (exponent: 0x003)
		Minimum RX AMPDU time spacing: 8 usec (0x06)
		HT RX MCS rate indexes supported: 0-15
		HT TX MCS rate indexes are undefined
	HT operation:
		 * primary channel: 6
		 * secondary channel offset: no secondary
		 * STA channel width: 20 MHz
		 * RIFS: 1
		 * HT protection: no
		 * non-GF present: 0
		 * OBSS non-GF present: 0
		 * dual beacon: 0
		 * dual CTS protection: 0
		 * STBC beacon: 0
		 * L-SIG TXOP Prot: 0
		 * PCO active: 0
		 * PCO phase: 0
	Overlapping BSS scan params:
		 * passive dwell: 20 TUs
		 * active dwell: 10 TUs
		 * channel width trigger scan interval: 300 s
		 * scan passive total per channel: 200 TUs
		 * scan active total per channel: 20 TUs
		 * BSS width channel transition delay factor: 5
		 * OBSS Scan Activity Threshold: 0.25 %
	Extended capabilities: HT Information Exchange Supported
	WPS:	 * Version: 1.0
		 * Wi-Fi Protected Setup State: 2 (Configured)
		 * Selected Registrar: 0x0
		 * Response Type: 3 (AP)
		 * UUID: c629f1f0-a3fa-8d09-d580-2d86266e5cfb
		 * Manufacturer: Cisco
		 * Model: Linksys E3000
		 * Model Number: v1.0.03
		 * Serial Number: 42
		 * Primary Device Type: 6-0050f204-1
		 * Device name: Linksys E3000
		 * Config methods: Label, PBC
	WPA:	 * Version: 1
		 * Group cipher: TKIP
		 * Pairwise ciphers: CCMP TKIP
		 * Authentication suites: PSK
		 * Capabilities: 16-PTKSA-RC 1-GTKSA-RC (0x000c)
	WMM:	 * Parameter version 1
		 * u-APSD
		 * BE: CW 15-1023, AIFSN 3
		 * BK: CW 15-1023, AIFSN 7
		 * VI: CW 7-15, AIFSN 2, TXOP 3008 usec
		 * VO: CW 3-7, AIFSN 2, TXOP 1504 usec
BSS 18:d6:c7:8c:a9:5a(on wlan0)
	TSF: 1271370973638 usec (14d, 17:09:30)
	freq: 2437
	beacon interval: 100 TUs
	capability: ESS Privacy ShortPreamble ShortSlotTime (0x0431)
	signal: -39.00 dBm
	last seen: 996 ms ago
	Information elements from Probe Response frame:
	SSID: TP-LINK_A95A
	Supported rates: 1.0* 2.0* 5.5* 11.0* 6.0 9.0 12.0 18.0 
	DS Parameter set: channel 6
	ERP: <no flags>
	Extended supported rates: 24.0 36.0 48.0 54.0 
	HT capabilities:
		Capabilities: 0x1ad
			RX LDPC
			HT20
			SM Power Save disabled
			RX HT20 SGI
			TX STBC
			RX STBC 1-stream
			Max AMSDU length: 3839 bytes
			No DSSS/CCK HT40
		Maximum RX AMPDU length 65535 bytes (exponent: 0x003)
		Minimum RX AMPDU time spacing: 8 usec (0x06)
		HT TX/RX MCS rate indexes supported: 0-23
	HT operation:
		 * primary channel: 6
		 * secondary channel offset: no secondary
		 * STA channel width: 20 MHz
		 * RIFS: 1
		 * HT protection: no
		 * non-GF present: 0
		 * OBSS non-GF present: 0
		 * dual beacon: 0
		 * dual CTS protection: 0
		 * STBC beacon: 0
		 * L-SIG TXOP Prot: 0
		 * PCO active: 0
		 * PCO phase: 0
	Overlapping BSS scan params:
		 * passive dwell: 20 TUs
		 * active dwell: 10 TUs
		 * channel width trigger scan interval: 300 s
		 * scan passive total per channel: 200 TUs
		 * scan active total per channel: 20 TUs
		 * BSS width channel transition delay factor: 5
		 * OBSS Scan Activity Threshold: 0.25 %
	Extended capabilities: HT Information Exchange Supported, 6
	WMM:	 * Parameter version 1
		 * u-APSD
		 * BE: CW 15-1023, AIFSN 3
		 * BK: CW 15-1023, AIFSN 7
		 * VI: CW 7-15, AIFSN 2, TXOP 3008 usec
		 * VO: CW 3-7, AIFSN 2, TXOP 1504 usec
	WPS:	 * Version: 1.0
		 * Wi-Fi Protected Setup State: 2 (Configured)
		 * Response Type: 3 (AP)
		 * UUID: 12345678-9abc-def0-1234-18d6c78ca95a
		 * Manufacturer: TP-LINK
		 * Model: Archer C7
		 * Model Number: 2.0
		 * Serial Number: 1.0
		 * Primary Device Type: 6-0050f204-1
		 * Device name: Wireless Router Archer C7
		 * Config methods: Display
		 * RF Bands: 0x3
		 * Unknown TLV (0x1049, 6 bytes): 00 37 2a 00 01 20
	RSN:	 * Version: 1
		 * Group cipher: CCMP
		 * Pairwise ciphers: CCMP
		 * Authentication suites: PSK
		 * Capabilities: 1-PTKSA-RC 1-GTKSA-RC (0x0000)
	WPA:	 * Version: 1
		 * Group cipher: CCMP
		 * Pairwise ciphers: CCMP
		 * Authentication suites: PSK
BSS f8:d1:11:4c:70:fa(on wlan0)
	TSF: 181107681185 usec (2d, 02:18:27)
	freq: 2452
	beacon interval: 100 TUs
	capability: ESS Privacy ShortPreamble ShortSlotTime (0x0431)
	signal: -43.00 dBm
	last seen: 480 ms ago
	Information elements from Probe Response frame:
	SSID: DemoAP
	Supported rates: 1.0* 2.0* 5.5* 11.0* 6.0 9.0 12.0 18.0 
	DS Parameter set: channel 9
	RSN:	 * Version: 1
		 * Group cipher: TKIP
		 * Pairwise ciphers: CCMP TKIP
		 * Authentication suites: PSK
		 * Capabilities: 1-PTKSA-RC 1-GTKSA-RC (0x0000)
	WPA:	 * Version: 1
		 * Group cipher: TKIP
		 * Pairwise ciphers: CCMP TKIP
		 * Authentication suites: PSK
	ERP: <no flags>
	Extended supported rates: 24.0 36.0 48.0 54.0 
	WMM:	 * Parameter version 1
		 * u-APSD
		 * BE: CW 15-1023, AIFSN 3
		 * BK: CW 15-1023, AIFSN 7
		 * VI: CW 7-15, AIFSN 2, TXOP 3008 usec
		 * VO: CW 3-7, AIFSN 2, TXOP 1504 usec
	HT capabilities:
		Capabilities: 0x114e
			HT20/HT40
			SM Power Save disabled
			RX HT40 SGI
			RX STBC 1-stream
			Max AMSDU length: 3839 bytes
			DSSS/CCK HT40
		Maximum RX AMPDU length 65535 bytes (exponent: 0x003)
		Minimum RX AMPDU time spacing: 8 usec (0x06)
		HT RX MCS rate indexes supported: 0-7
		HT TX MCS rate indexes are undefined
	HT operation:
		 * primary channel: 9
		 * secondary channel offset: below
		 * STA channel width: any
		 * RIFS: 1
		 * HT protection: no
		 * non-GF present: 0
		 * OBSS non-GF present: 0
		 * dual beacon: 0
		 * dual CTS protection: 0
		 * STBC beacon: 0
		 * L-SIG TXOP Prot: 0
		 * PCO active: 0
		 * PCO phase: 0
	WPS:	 * Version: 1.0
		 * Wi-Fi Protected Setup State: 2 (Configured)
		 * Response Type: 3 (AP)
		 * UUID: 00000000-0000-1000-0000-f8d1114c70fa
		 * Manufacturer: TP-LINK
		 * Model: TL-WR740N
		 * Model Number: 1.0/2.0
		 * Serial Number: 1.0
		 * Primary Device Type: 6-0050f204-1
		 * Device name: Wireless Router TL-WR740N
		 * Config methods: Ethernet, Label, PBC
		 * RF Bands: 0x1
BSS 92:2a:a8:03:30:39(on wlan0)
	TSF: 4923992166784 usec (56d, 23:46:32)
	freq: 2462
	beacon interval: 100 TUs
	capability: ESS Privacy ShortPreamble ShortSlotTime (0x0431)
	signal: -79.00 dBm
	last seen: 9004 ms ago
	Information elements from Probe Response frame:
	SSID: 
	Supported rates: 1.0* 2.0* 5.5* 11.0* 6.0* 9.0 12.0* 18.0 
	DS Parameter set: channel 11
	TIM: DTIM Count 0 DTIM Period 3 Bitmap Control 0x0 Bitmap[0] 0x0
	ERP: <no flags>
	Extended supported rates: 24.0* 36.0 48.0 54.0 
	BSS Load:
		 * station count: 0
		 * channel utilisation: 114/255
		 * available admission capacity: 0 [*32us]
	HT capabilities:
		Capabilities: 0x1ac
			HT20
			SM Power Save disabled
			RX HT20 SGI
			TX STBC
			RX STBC 1-stream
			Max AMSDU length: 3839 bytes
			No DSSS/CCK HT40
		Maximum RX AMPDU length 65535 bytes (exponent: 0x003)
		Minimum RX AMPDU time spacing: 8 usec (0x06)
		HT TX/RX MCS rate indexes supported: 0-23
	HT operation:
		 * primary channel: 11
		 * secondary channel offset: no secondary
		 * STA channel width: 20 MHz
		 * RIFS: 0
		 * HT protection: nonmember
		 * non-GF present: 1
		 * OBSS non-GF present: 0
		 * dual beacon: 0
		 * dual CTS protection: 0
		 * STBC beacon: 0
		 * L-SIG TXOP Prot: 0
		 * PCO active: 0
		 * PCO phase: 0
	Extended capabilities: 6
	WMM:	 * Parameter version 1
		 * BE: CW 15-1023, AIFSN 3
		 * BK: CW 15-1023, AIFSN 7
		 * VI: CW 7-15, AIFSN 2, TXOP 3008 usec
		 * VO: CW 3-7, AIFSN 2, TXOP 1504 usec
	RSN:	 * Version: 1
		 * Group cipher: CCMP
		 * Pairwise ciphers: CCMP
		 * Authentication suites: PSK
		 * Capabilities: 1-PTKSA-RC 1-GTKSA-RC (0x0000)
BSS 2c:30:33:c9:a9:c2(on wlan0)
	TSF: 2955676206128 usec (34d, 05:01:16)
	freq: 2462
	beacon interval: 100 TUs
	capability: ESS Privacy ShortSlotTime RadioMeasure (0x1411)
	signal: -71.00 dBm
	last seen: 16 ms ago
	Information elements from Probe Response frame:
	SSID: NETGEAR45
	Supported rates: 1.0* 2.0* 5.5 11.0 18.0 24.0 36.0 54.0 
	DS Parameter set: channel 11
	ERP: <no flags>
	Extended supported rates: 6.0 9.0 12.0 48.0 
	RSN:	 * Version: 1
		 * Group cipher: CCMP
		 * Pairwise ciphers: CCMP
		 * Authentication suites: PSK
		 * Capabilities: 16-PTKSA-RC 1-GTKSA-RC (0x000c)
	BSS Load:
		 * station count: 1
		 * channel utilisation: 82/255
		 * available admission capacity: 0 [*32us]
	HT capabilities:
		Capabilities: 0x9ad
			RX LDPC
			HT20
			SM Power Save disabled
			RX HT20 SGI
			TX STBC
			RX STBC 1-stream
			Max AMSDU length: 7935 bytes
			No DSSS/CCK HT40
		Maximum RX AMPDU length 65535 bytes (exponent: 0x003)
		Minimum RX AMPDU time spacing: 4 usec (0x05)
		HT RX MCS rate indexes supported: 0-23
		HT TX MCS rate indexes are undefined
	HT operation:
		 * primary channel: 11
		 * secondary channel offset: no secondary
		 * STA channel width: 20 MHz
		 * RIFS: 1
		 * HT protection: no
		 * non-GF present: 1
		 * OBSS non-GF present: 0
		 * dual beacon: 0
		 * dual CTS protection: 0
		 * STBC beacon: 0
		 * L-SIG TXOP Prot: 0
		 * PCO active: 0
		 * PCO phase: 0
	Overlapping BSS scan params:
		 * passive dwell: 20 TUs
		 * active dwell: 10 TUs
		 * channel width trigger scan interval: 300 s
		 * scan passive total per channel: 200 TUs
		 * scan active total per channel: 20 TUs
		 * BSS width channel transition delay factor: 5
		 * OBSS Scan Activity Threshold: 0.25 %
	Extended capabilities: HT Information Exchange Supported, Extended Channel Switching, BSS Transition, 6
	WPS:	 * Version: 1.0
		 * Wi-Fi Protected Setup State: 2 (Configured)
		 * AP setup locked: 0x01
		 * Response Type: 3 (AP)
		 * UUID: 6c064faa-08f4-e292-bd5e-50196fb3ae46
		 * Manufacturer: NETGEAR, Inc.
		 * Model: R7000
		 * Model Number: R7000
		 * Serial Number: 32
		 * Primary Device Type: 6-0050f204-1
		 * Device name: R7000
		 * Config methods: Display
		 * RF Bands: 0x3
		 * Unknown TLV (0x1049, 6 bytes): 00 37 2a 00 01 20
	WMM:	 * Parameter version 1
		 * u-APSD
		 * BE: CW 15-1023, AIFSN 3
		 * BK: CW 15-1023, AIFSN 7
		 * VI: CW 7-15, AIFSN 2, TXOP 6016 usec
		 * VO: CW 3-7, AIFSN 2, TXOP 3264 usec
BSS 58:ef:68:ba:1e:c5(on wlan0)
	TSF: 180689450811 usec (2d, 02:11:29)
	freq: 2462
	beacon interval: 100 TUs
	capability: ESS Privacy ShortSlotTime (0x0411)
	signal: -57.00 dBm
	last seen: 12 ms ago
	Information elements from Probe Response frame:
	SSID: Altumview-2.4G
	Supported rates: 1.0* 2.0* 5.5* 11.0* 18.0 24.0 36.0 54.0 
	DS Parameter set: channel 11
	ERP: Barker_Preamble_Mode
	Extended supported rates: 6.0 9.0 12.0 48.0 
	RSN:	 * Version: 1
		 * Group cipher: TKIP
		 * Pairwise ciphers: CCMP TKIP
		 * Authentication suites: PSK
		 * Capabilities: 16-PTKSA-RC 1-GTKSA-RC (0x000c)
	BSS Load:
		 * station count: 19
		 * channel utilisation: 130/255
		 * available admission capacity: 0 [*32us]
	HT capabilities:
		Capabilities: 0x116f
			RX LDPC
			HT20/HT40
			SM Power Save disabled
			RX HT20 SGI
			RX HT40 SGI
			RX STBC 1-stream
			Max AMSDU length: 3839 bytes
			DSSS/CCK HT40
		Maximum RX AMPDU length 65535 bytes (exponent: 0x003)
		Minimum RX AMPDU time spacing: 4 usec (0x05)
		HT RX MCS rate indexes supported: 0-23
		HT TX MCS rate indexes are undefined
	HT operation:
		 * primary channel: 11
		 * secondary channel offset: no secondary
		 * STA channel width: 20 MHz
		 * RIFS: 0
		 * HT protection: nonmember
		 * non-GF present: 1
		 * OBSS non-GF present: 1
		 * dual beacon: 0
		 * dual CTS protection: 0
		 * STBC beacon: 0
		 * L-SIG TXOP Prot: 0
		 * PCO active: 0
		 * PCO phase: 0
	Overlapping BSS scan params:
		 * passive dwell: 20 TUs
		 * active dwell: 10 TUs
		 * channel width trigger scan interval: 300 s
		 * scan passive total per channel: 200 TUs
		 * scan active total per channel: 20 TUs
		 * BSS width channel transition delay factor: 5
		 * OBSS Scan Activity Threshold: 0.25 %
	Extended capabilities: HT Information Exchange Supported, Extended Channel Switching, BSS Transition, 6
	WPS:	 * Version: 1.0
		 * Wi-Fi Protected Setup State: 2 (Configured)
		 * Response Type: 3 (AP)
		 * UUID: 0d6992ef-b3ce-c1eb-ecb7-3d65c4f4deb9
		 * Manufacturer: Linksys, LLC
		 * Model: Linksys EA9300
		 * Model Number: EA9300-CA
		 * Serial Number: 18R1060C700688
		 * Primary Device Type: 6-0050f204-1
		 * Device name: Altumview-2.4G AP
		 * Config methods: Label, Display, Keypad
		 * RF Bands: 0x3
		 * Unknown TLV (0x1049, 6 bytes): 00 37 2a 00 01 20
	WPA:	 * Version: 1
		 * Group cipher: TKIP
		 * Pairwise ciphers: CCMP TKIP
		 * Authentication suites: PSK
	WMM:	 * Parameter version 1
		 * u-APSD
		 * BE: CW 15-1023, AIFSN 3
		 * BK: CW 15-1023, AIFSN 7
		 * VI: CW 7-15, AIFSN 2, TXOP 3008 usec
		 * VO: CW 3-7, AIFSN 2, TXOP 1504 usec
BSS 5a:ef:68:ba:1e:c6(on wlan0)
	TSF: 180689454973 usec (2d, 02:11:29)
	freq: 2462
	beacon interval: 100 TUs
	capability: ESS ShortPreamble ShortSlotTime (0x0421)
	signal: -56.00 dBm
	last seen: 12 ms ago
	Information elements from Probe Response frame:
	SSID: Altumview-guest
	Supported rates: 1.0* 2.0* 5.5* 11.0* 18.0 24.0 36.0 54.0 
	DS Parameter set: channel 11
	ERP: Barker_Preamble_Mode
	Extended supported rates: 6.0 9.0 12.0 48.0 
	BSS Load:
		 * station count: 0
		 * channel utilisation: 130/255
		 * available admission capacity: 0 [*32us]
	HT capabilities:
		Capabilities: 0x116f
			RX LDPC
			HT20/HT40
			SM Power Save disabled
			RX HT20 SGI
			RX HT40 SGI
			RX STBC 1-stream
			Max AMSDU length: 3839 bytes
			DSSS/CCK HT40
		Maximum RX AMPDU length 65535 bytes (exponent: 0x003)
		Minimum RX AMPDU time spacing: 4 usec (0x05)
		HT RX MCS rate indexes supported: 0-23
		HT TX MCS rate indexes are undefined
	HT operation:
		 * primary channel: 11
		 * secondary channel offset: no secondary
		 * STA channel width: 20 MHz
		 * RIFS: 0
		 * HT protection: nonmember
		 * non-GF present: 1
		 * OBSS non-GF present: 1
		 * dual beacon: 0
		 * dual CTS protection: 0
		 * STBC beacon: 0
		 * L-SIG TXOP Prot: 0
		 * PCO active: 0
		 * PCO phase: 0
	Overlapping BSS scan params:
		 * passive dwell: 20 TUs
		 * active dwell: 10 TUs
		 * channel width trigger scan interval: 300 s
		 * scan passive total per channel: 200 TUs
		 * scan active total per channel: 20 TUs
		 * BSS width channel transition delay factor: 5
		 * OBSS Scan Activity Threshold: 0.25 %
	Extended capabilities: HT Information Exchange Supported, Extended Channel Switching, BSS Transition, 6
	WMM:	 * Parameter version 1
		 * u-APSD
		 * BE: CW 15-1023, AIFSN 3
		 * BK: CW 15-1023, AIFSN 7
		 * VI: CW 7-15, AIFSN 2, TXOP 3008 usec
		 * VO: CW 3-7, AIFSN 2, TXOP 1504 usec
BSS a4:2b:b0:c9:35:ec(on wlan0)
	TSF: 2104840748124 usec (24d, 08:40:40)
	freq: 2447
	beacon interval: 100 TUs
	capability: ESS Privacy ShortPreamble ShortSlotTime (0x0431)
	signal: -85.00 dBm
	last seen: 9500 ms ago
	Information elements from Probe Response frame:
	SSID: TP-LINK_35EC
	Supported rates: 1.0* 2.0* 5.5* 11.0* 6.0 9.0 12.0 18.0 
	DS Parameter set: channel 8
	ERP: <no flags>
	RSN:	 * Version: 1
		 * Group cipher: CCMP
		 * Pairwise ciphers: CCMP
		 * Authentication suites: PSK
		 * Capabilities: 1-PTKSA-RC 1-GTKSA-RC (0x0000)
	Extended supported rates: 24.0 36.0 48.0 54.0 
	HT capabilities:
		Capabilities: 0x11ef
			RX LDPC
			HT20/HT40
			SM Power Save disabled
			RX HT20 SGI
			RX HT40 SGI
			TX STBC
			RX STBC 1-stream
			Max AMSDU length: 3839 bytes
			DSSS/CCK HT40
		Maximum RX AMPDU length 65535 bytes (exponent: 0x003)
		Minimum RX AMPDU time spacing: 8 usec (0x06)
		HT TX/RX MCS rate indexes supported: 0-15
	HT operation:
		 * primary channel: 8
		 * secondary channel offset: below
		 * STA channel width: any
		 * RIFS: 1
		 * HT protection: 20 MHz
		 * non-GF present: 1
		 * OBSS non-GF present: 0
		 * dual beacon: 0
		 * dual CTS protection: 0
		 * STBC beacon: 0
		 * L-SIG TXOP Prot: 0
		 * PCO active: 0
		 * PCO phase: 0
	Extended capabilities: 6
	WMM:	 * Parameter version 1
		 * u-APSD
		 * BE: CW 15-1023, AIFSN 3
		 * BK: CW 15-1023, AIFSN 7
		 * VI: CW 7-15, AIFSN 2, TXOP 3008 usec
		 * VO: CW 3-7, AIFSN 2, TXOP 1504 usec
	WPS:	 * Version: 1.0
		 * Wi-Fi Protected Setup State: 2 (Configured)
		 * Response Type: 3 (AP)
		 * UUID: 00010203-0405-0607-0809-0a0b0c0d0e0f
		 * Manufacturer: TP-LINK
		 * Model: TL-WR841N
		 * Model Number: 11.0
		 * Serial Number: 1.0
		 * Primary Device Type: 6-0050f204-1
		 * Device name: Wireless Router TL-WR841N
		 * Config methods: Ethernet, Label, PBC
		 * RF Bands: 0x1
		 * Unknown TLV (0x1049, 20 bytes): 00 24 e2 60 02 00 01 01 60 00 00 02 00 01 60 01 00 02 00 01
BSS 82:2a:a8:03:30:39(on wlan0)
	TSF: 4923997097770 usec (56d, 23:46:37)
	freq: 2462
	beacon interval: 100 TUs
	capability: ESS ShortPreamble ShortSlotTime (0x0421)
	signal: -79.00 dBm
	last seen: 4024 ms ago
	Information elements from Probe Response frame:
	SSID: Enliven Guest
	Supported rates: 1.0* 2.0* 5.5* 11.0* 6.0* 9.0 12.0* 18.0 
	DS Parameter set: channel 11
	ERP: <no flags>
	Extended supported rates: 24.0* 36.0 48.0 54.0 
	BSS Load:
		 * station count: 0
		 * channel utilisation: 125/255
		 * available admission capacity: 0 [*32us]
	HT capabilities:
		Capabilities: 0x1ac
			HT20
			SM Power Save disabled
			RX HT20 SGI
			TX STBC
			RX STBC 1-stream
			Max AMSDU length: 3839 bytes
			No DSSS/CCK HT40
		Maximum RX AMPDU length 65535 bytes (exponent: 0x003)
		Minimum RX AMPDU time spacing: 8 usec (0x06)
		HT TX/RX MCS rate indexes supported: 0-23
	HT operation:
		 * primary channel: 11
		 * secondary channel offset: no secondary
		 * STA channel width: 20 MHz
		 * RIFS: 0
		 * HT protection: nonmember
		 * non-GF present: 1
		 * OBSS non-GF present: 0
		 * dual beacon: 0
		 * dual CTS protection: 0
		 * STBC beacon: 0
		 * L-SIG TXOP Prot: 0
		 * PCO active: 0
		 * PCO phase: 0
	Extended capabilities: 6
	WMM:	 * Parameter version 1
		 * BE: CW 15-1023, AIFSN 3
		 * BK: CW 15-1023, AIFSN 7
		 * VI: CW 7-15, AIFSN 2, TXOP 3008 usec
		 * VO: CW 3-7, AIFSN 2, TXOP 1504 usec
BSS 80:2a:a8:03:30:39(on wlan0)
	TSF: 4923992269184 usec (56d, 23:46:32)
	freq: 2462
	beacon interval: 100 TUs
	capability: ESS Privacy ShortPreamble ShortSlotTime (0x0431)
	signal: -79.00 dBm
	last seen: 8928 ms ago
	Information elements from Probe Response frame:
	SSID: 
	Supported rates: 1.0* 2.0* 5.5* 11.0* 6.0* 9.0 12.0* 18.0 
	DS Parameter set: channel 11
	TIM: DTIM Count 0 DTIM Period 1 Bitmap Control 0x0 Bitmap[0] 0x3a
	ERP: <no flags>
	Extended supported rates: 24.0* 36.0 48.0 54.0 
	BSS Load:
		 * station count: 0
		 * channel utilisation: 114/255
		 * available admission capacity: 0 [*32us]
	HT capabilities:
		Capabilities: 0x1ac
			HT20
			SM Power Save disabled
			RX HT20 SGI
			TX STBC
			RX STBC 1-stream
			Max AMSDU length: 3839 bytes
			No DSSS/CCK HT40
		Maximum RX AMPDU length 65535 bytes (exponent: 0x003)
		Minimum RX AMPDU time spacing: 8 usec (0x06)
		HT TX/RX MCS rate indexes supported: 0-23
	HT operation:
		 * primary channel: 11
		 * secondary channel offset: no secondary
		 * STA channel width: 20 MHz
		 * RIFS: 0
		 * HT protection: nonmember
		 * non-GF present: 1
		 * OBSS non-GF present: 0
		 * dual beacon: 0
		 * dual CTS protection: 0
		 * STBC beacon: 0
		 * L-SIG TXOP Prot: 0
		 * PCO active: 0
		 * PCO phase: 0
	Extended capabilities: 6
	WMM:	 * Parameter version 1
		 * BE: CW 15-1023, AIFSN 3
		 * BK: CW 15-1023, AIFSN 7
		 * VI: CW 7-15, AIFSN 2, TXOP 3008 usec
		 * VO: CW 3-7, AIFSN 2, TXOP 1504 usec
	RSN:	 * Version: 1
		 * Group cipher: CCMP
		 * Pairwise ciphers: CCMP
		 * Authentication suites: PSK
		 * Capabilities: 1-PTKSA-RC 1-GTKSA-RC (0x0000)
BSS 82:2a:a8:03:32:93(on wlan0)
	TSF: 4075077017984 usec (47d, 03:57:57)
	freq: 2437
	beacon interval: 100 TUs
	capability: ESS ShortPreamble ShortSlotTime (0x0421)
	signal: -88.00 dBm
	last seen: 20036 ms ago
	Information elements from Probe Response frame:
	SSID: Enliven Guest
	Supported rates: 1.0* 2.0* 5.5* 11.0* 6.0* 9.0 12.0* 18.0 
	DS Parameter set: channel 6
	TIM: DTIM Count 0 DTIM Period 1 Bitmap Control 0x0 Bitmap[0] 0x0
	ERP: <no flags>
	Extended supported rates: 24.0* 36.0 48.0 54.0 
	BSS Load:
		 * station count: 1
		 * channel utilisation: 34/255
		 * available admission capacity: 0 [*32us]
	HT capabilities:
		Capabilities: 0x1ac
			HT20
			SM Power Save disabled
			RX HT20 SGI
			TX STBC
			RX STBC 1-stream
			Max AMSDU length: 3839 bytes
			No DSSS/CCK HT40
		Maximum RX AMPDU length 65535 bytes (exponent: 0x003)
		Minimum RX AMPDU time spacing: 8 usec (0x06)
		HT TX/RX MCS rate indexes supported: 0-23
	HT operation:
		 * primary channel: 6
		 * secondary channel offset: no secondary
		 * STA channel width: 20 MHz
		 * RIFS: 0
		 * HT protection: nonmember
		 * non-GF present: 1
		 * OBSS non-GF present: 0
		 * dual beacon: 0
		 * dual CTS protection: 0
		 * STBC beacon: 0
		 * L-SIG TXOP Prot: 0
		 * PCO active: 0
		 * PCO phase: 0
	Extended capabilities: 6
	WMM:	 * Parameter version 1
		 * BE: CW 15-1023, AIFSN 3
		 * BK: CW 15-1023, AIFSN 7
		 * VI: CW 7-15, AIFSN 2, TXOP 3008 usec
		 * VO: CW 3-7, AIFSN 2, TXOP 1504 usec
BSS 28:c6:8e:d2:b4:2b(on wlan0)
	TSF: 39212237184 usec (0d, 10:53:32)
	freq: 2462
	beacon interval: 100 TUs
	capability: ESS Privacy ShortPreamble ShortSlotTime (0x0431)
	signal: -87.00 dBm
	last seen: 8944 ms ago
	Information elements from Probe Response frame:
	SSID: ngHub_319438N102C5A
	Supported rates: 1.0* 2.0* 5.5* 11.0* 6.0 9.0 12.0 18.0 
	DS Parameter set: channel 11
	TIM: DTIM Count 0 DTIM Period 1 Bitmap Control 0x0 Bitmap[0] 0x0
	Country: US	Environment: Indoor/Outdoor
		Channels [1 - 11] @ 30 dBm
	ERP: <no flags>
	Extended supported rates: 24.0 36.0 48.0 54.0 
	HT capabilities:
		Capabilities: 0x1ad
			RX LDPC
			HT20
			SM Power Save disabled
			RX HT20 SGI
			TX STBC
			RX STBC 1-stream
			Max AMSDU length: 3839 bytes
			No DSSS/CCK HT40
		Maximum RX AMPDU length 65535 bytes (exponent: 0x003)
		Minimum RX AMPDU time spacing: No restriction (0x00)
		HT RX MCS rate indexes supported: 0-15
		HT TX MCS rate indexes are undefined
	HT operation:
		 * primary channel: 11
		 * secondary channel offset: no secondary
		 * STA channel width: 20 MHz
		 * RIFS: 0
		 * HT protection: nonmember
		 * non-GF present: 0
		 * OBSS non-GF present: 0
		 * dual beacon: 0
		 * dual CTS protection: 0
		 * STBC beacon: 0
		 * L-SIG TXOP Prot: 0
		 * PCO active: 0
		 * PCO phase: 0
	WMM:	 * Parameter version 1
		 * u-APSD
		 * BE: CW 15-1023, AIFSN 3
		 * BK: CW 15-1023, AIFSN 7
		 * VI: CW 7-15, AIFSN 2, TXOP 3008 usec
		 * VO: CW 3-7, AIFSN 2, TXOP 1504 usec
	RSN:	 * Version: 1
		 * Group cipher: CCMP
		 * Pairwise ciphers: CCMP
		 * Authentication suites: PSK
		 * Capabilities: 1-PTKSA-RC 1-GTKSA-RC (0x0000)
	WPS:	 * Version: 1.0
		 * Wi-Fi Protected Setup State: 2 (Configured)
		 * Unknown TLV (0x1049, 6 bytes): 00 37 2a 00 01 20
root@beaglebone:/home/debian# 
root@beaglebone:/home/debian# ip route show
192.168.6.0/30 dev usb1 proto kernel scope link src 192.168.6.2 
192.168.7.0/30 dev usb0 proto kernel scope link src 192.168.7.2 
192.168.8.0/24 dev SoftAp0 proto kernel scope link src 192.168.8.1 
root@beaglebone:/home/debian# ip route add default via 192.168.7.1
root@beaglebone:/home/debian# ls /etc/resolv* -l
lrwxrwxrwx 1 root root   24 Nov  3  2016 /etc/resolv.conf -> /run/connman/resolv.conf

/etc/resolvconf:
total 8
drwxr-xr-x 2 root root 4096 Oct 10 12:02 update.d
drwxr-xr-x 2 root root 4096 Oct 10 12:01 update-libc.d
root@beaglebone:/home/debian# echo disabled overlay in /boot/uEnv.txt
disabled overlay in /boot/uEnv.txt
root@beaglebone:/home/debian# 
root@beaglebone:/home/debian# 
root@beaglebone:/home/debian# 
root@beaglebone:/home/debian# poweroff
[  287.012397] configfs-gadget gadget: unbind function 'rndis'/daecd480
[  287.018977] configfs-gadget gadget: unbind function 'cdc_ethernet'/dc4646c0
[  287.026005] configfs-gadget gadget: unbind function 'acm'/daecd840
[  287.032236] configfs-gadget gadget: unbind function 'Mass Storage Function'/da826280
[  287.045427] reboot: Power down

U-Boot SPL 2017.09-00002-g0f3f1c7907 (Oct 09 2017 - 15:30:22)
Trying to boot from MMC2


U-Boot 2017.09-00002-g0f3f1c7907 (Oct 09 2017 - 15:30:22 -0500), Build: jenkins-github_Bootloader-Builder-607

CPU  : AM335X-GP rev 2.1
I2C:   ready
DRAM:  512 MiB
No match for driver 'omap_hsmmc'
No match for driver 'omap_hsmmc'
Some drivers were not found
Reset Source: Power-on reset has occurred.
MMC:   OMAP SD/MMC: 0, OMAP SD/MMC: 1
Using default environment

Board: BeagleBone Black
<ethaddr> not set. Validating first E-fuse MAC
BeagleBone Black:
Model: BeagleBoard.org BeagleBone Black Wireless:
BeagleBone: cape eeprom: i2c_probe: 0x54:
BeagleBone: cape eeprom: i2c_probe: 0x55:
BeagleBone: cape eeprom: i2c_probe: 0x56:
BeagleBone: cape eeprom: i2c_probe: 0x57:
Net:   eth0: MII MODE
Could not get PHY for cpsw: addr 0
cpsw
Press SPACE to abort autoboot in 2 seconds
board_name=[BBBW] ...
Card did not respond to voltage select!
mmc_init: -95, time 13
Card did not respond to voltage select!
mmc_init: -95, time 13
Card did not respond to voltage select!
mmc_init: -95, time 12
gpio: pin 56 (gpio 56) value is 0
gpio: pin 55 (gpio 55) value is 0
gpio: pin 54 (gpio 54) value is 0
gpio: pin 53 (gpio 53) value is 1
Card did not respond to voltage select!
mmc_init: -95, time 12
Card did not respond to voltage select!
mmc_init: -95, time 13
switch to partitions #0, OK
mmc1(part 0) is current device
Scanning mmc 1:1...
gpio: pin 56 (gpio 56) value is 0
gpio: pin 55 (gpio 55) value is 0
gpio: pin 54 (gpio 54) value is 0
gpio: pin 53 (gpio 53) value is 1
switch to partitions #0, OK
mmc1(part 0) is current device
gpio: pin 54 (gpio 54) value is 1
Checking for: /uEnv.txt ...
Checking for: /boot.scr ...
Checking for: /boot/boot.scr ...
Checking for: /boot/uEnv.txt ...
gpio: pin 55 (gpio 55) value is 1
2171 bytes read in 14 ms (151.4 KiB/s)
Loaded environment from /boot/uEnv.txt
Checking if uname_r is set in /boot/uEnv.txt...
gpio: pin 56 (gpio 56) value is 1
Running uname_boot ...
loading /boot/vmlinuz-4.4.91-ti-r133 ...
8886912 bytes read in 578 ms (14.7 MiB/s)
loading /boot/dtbs/4.4.91-ti-r133/am335x-boneblack-wireless.dtb ...
59550 bytes read in 49 ms (1.2 MiB/s)
uboot_overlays: add [enable_uboot_overlays=1] to /boot/uEnv.txt to enable...
loading /boot/initrd.img-4.4.91-ti-r133 ...
5822099 bytes read in 383 ms (14.5 MiB/s)
debug: [console=ttyO0,115200n8 root=/dev/mmcblk1p1 ro rootfstype=ext4 rootwait coherent_pool=1M net.ifnames=0 quiet] ...
debug: [bootz 0x82000000 0x88080000:58d693 0x88000000] ...
## Flattened Device Tree blob at 88000000
   Booting using the fdt blob at 0x88000000
   Loading Ramdisk to 8fa72000, end 8ffff693 ... OK
   Loading Device Tree to 8fa60000, end 8fa7189d ... OK

Starting kernel ...

[    0.000873] clocksource_probe: no matching clocksources found
[    2.096239] wkup_m3_ipc 44e11324.wkup_m3_ipc: could not get rproc handle
[    2.343274] omap_voltage_late_init: Voltage driver support not added
[    2.351424] PM: Cannot get wkup_m3_ipc handle
rootfs: clean, 75635/233392 files, 439916/932864 blocks

Debian GNU/Linux 9 beaglebone ttyS0

BeagleBoard.org Debian Image 2017-10-10

Support/FAQ: http://elinux.org/Beagleboard:BeagleBoneBlack_Debian

default username:password is [debian:temppwd]

beaglebone login: debian
Password: 
Last login: Tue Oct 10 12:10:00 UTC 2017 from 192.168.7.1 on pts/0
Linux beaglebone 4.4.91-ti-r133 #1 SMP Tue Oct 10 05:18:08 UTC 2017 armv7l

The programs included with the Debian GNU/Linux system are free software;
the exact distribution terms for each program are described in the
individual files in /usr/share/doc/*/copyright.

Debian GNU/Linux comes with ABSOLUTELY NO WARRANTY, to the extent
permitted by applicable law.
debian@beaglebone:~$ 
debian@beaglebone:~$ 
debian@beaglebone:~$ sudo bash
[sudo] password for debian: 
root@beaglebone:/home/debian# iwconfig
wlan0     IEEE 802.11abgn  ESSID:off/any  
          Mode:Managed  Access Point: Not-Associated   Tx-Power=0 dBm   
          Retry short limit:7   RTS thr:off   Fragment thr:off
          Encryption key:off
          Power Management:on
          
lo        no wireless extensions.

SoftAp0   IEEE 802.11abgn  Mode:Master  Tx-Power=20 dBm   
          Retry short limit:7   RTS thr:off   Fragment thr:off
          Power Management:on
          
usb0      no wireless extensions.

usb1      no wireless extensions.

root@beaglebone:/home/debian# iw scadev wlan0 scan
BSS 34:62:88:06:48:b0(on wlan0)
	TSF: 33997492452617 usec (393d, 11:44:52)
	freq: 2412
	beacon interval: 102 TUs
	capability: ESS Privacy ShortPreamble ShortSlotTime RadioMeasure (0x1431)
	signal: -76.00 dBm
	last seen: 548 ms ago
	Information elements from Probe Response frame:
	SSID: BLUESSO
	Supported rates: 6.0* 9.0 12.0* 18.0 24.0 36.0 48.0 54.0 
	DS Parameter set: channel 1
	Country: CA	Environment: Indoor/Outdoor
		Channels [1 - 11] @ 30 dBm
	BSS Load:
		 * station count: 2
		 * channel utilisation: 94/255
		 * available admission capacity: 23437 [*32us]
	ERP: <no flags>
	HT capabilities:
		Capabilities: 0x19ac
			HT20
			SM Power Save disabled
			RX HT20 SGI
			TX STBC
			RX STBC 1-stream
			Max AMSDU length: 7935 bytes
			DSSS/CCK HT40
		Maximum RX AMPDU length 65535 bytes (exponent: 0x003)
		Minimum RX AMPDU time spacing: 8 usec (0x06)
		HT RX MCS rate indexes supported: 0-23
