

U-Boot SPL 2017.09-00002-g0f3f1c7907 (Oct 09 2017 - 15:30:22)
Trying to boot from MMC2


U-Boot 2017.09-00002-g0f3f1c7907 (Oct 09 2017 - 15:30:22 -0500), Build: jenkins-github_Bootloader-Builder-607

CPU  : AM335X-GP rev 2.1
I2C:   ready
DRAM:  512 MiB
No match for driver 'omap_hsmmc'
No match for driver 'omap_hsmmc'
Some drivers were not found
Reset Source: Global warm SW reset has occurred.
Reset Source: Power-on reset has occurred.
MMC:   OMAP SD/MMC: 0, OMAP SD/MMC: 1
Using default environment

Board: BeagleBone Black
<ethaddr> not set. Validating first E-fuse MAC
BeagleBone Black:
Model: BeagleBoard.org BeagleBone Black Wireless:
BeagleBone: cape eeprom: i2c_probe: 0x54:
BeagleBone: cape eeprom: i2c_probe: 0x55:
BeagleBone: cape eeprom: i2c_probe: 0x56:
BeagleBone: cape eeprom: i2c_probe: 0x57:
Net:   eth0: MII MODE
Could not get PHY for cpsw: addr 0
cpsw
Press SPACE to abort autoboot in 2 seconds
board_name=[BBBW] ...
Card did not respond to voltage select!
mmc_init: -95, time 13
Card did not respond to voltage select!
mmc_init: -95, time 13
Card did not respond to voltage select!
mmc_init: -95, time 12
gpio: pin 56 (gpio 56) value is 0
gpio: pin 55 (gpio 55) value is 0
gpio: pin 54 (gpio 54) value is 0
gpio: pin 53 (gpio 53) value is 1
Card did not respond to voltage select!
mmc_init: -95, time 12
Card did not respond to voltage select!
mmc_init: -95, time 13
switch to partitions #0, OK
mmc1(part 0) is current device
Scanning mmc 1:1...
gpio: pin 56 (gpio 56) value is 0
gpio: pin 55 (gpio 55) value is 0
gpio: pin 54 (gpio 54) value is 0
gpio: pin 53 (gpio 53) value is 1
switch to partitions #0, OK
mmc1(part 0) is current device
gpio: pin 54 (gpio 54) value is 1
Checking for: /uEnv.txt ...
Checking for: /boot.scr ...
Checking for: /boot/boot.scr ...
Checking for: /boot/uEnv.txt ...
gpio: pin 55 (gpio 55) value is 1
2194 bytes read in 15 ms (142.6 KiB/s)
Loaded environment from /boot/uEnv.txt
Checking if uname_r is set in /boot/uEnv.txt...
gpio: pin 56 (gpio 56) value is 1
Running uname_boot ...
loading /boot/vmlinuz-4.9.37-a-r47 ...
9495336 bytes read in 624 ms (14.5 MiB/s)
loading /boot/dtbs/4.9.37-a-r47/am335x-boneblack-wireless.dtb ...
60764 bytes read in 45 ms (1.3 MiB/s)
uboot_overlays: add [enable_uboot_overlays=1] to /boot/uEnv.txt to enable...
loading /boot/initrd.img-4.9.37-a-r47 ...
6209126 bytes read in 417 ms (14.2 MiB/s)
debug: [console=ttyO0,115200n8 root=/dev/mmcblk1p1 ro rootfstype=ext4 rootwait log_buf_len=2M] ...
debug: [bootz 0x82000000 0x88080000:5ebe66 0x88000000] ...
## Flattened Device Tree blob at 88000000
   Booting using the fdt blob at 0x88000000
   Loading Ramdisk to 8fa14000, end 8ffffe66 ... OK
   Loading Device Tree to 8fa02000, end 8fa13d5b ... OK

Starting kernel ...

[    0.000000] Booting Linux on physical CPU 0x0
[    0.000000] Linux version 4.9.37-a-r47 (am33build@lg-ThinkCentre-M800) (gcc version 6.3.1 20170404 (Linaro GCC 6.3-2017.05) ) #42 SMP PREEMPT Fri Jul 6 17:41:53 UTC 2018
[    0.000000] CPU: ARMv7 Processor [413fc082] revision 2 (ARMv7), cr=10c5387d
[    0.000000] CPU: PIPT / VIPT nonaliasing data cache, VIPT aliasing instruction cache
[    0.000000] OF: fdt:Machine model: TI AM335x BeagleBone Black Wireless
[    0.000000] cma: Reserved 48 MiB at 0x9c800000
[    0.000000] Memory policy: Data cache writeback
[    0.000000] CPU: All CPU(s) started in SVC mode.
[    0.000000] AM335X ES2.1 (sgx neon)
[    0.000000] percpu: Embedded 15 pages/cpu @df929000 s31948 r8192 d21300 u61440
[    0.000000] Built 1 zonelists in Zone order, mobility grouping on.  Total pages: 129412
[    0.000000] Kernel command line: console=ttyO0,115200n8 root=/dev/mmcblk1p1 ro rootfstype=ext4 rootwait log_buf_len=2M
[    0.000000] log_buf_len: 2097152 bytes
[    0.000000] early log buf free: 129704(98%)
[    0.000000] PID hash table entries: 2048 (order: 1, 8192 bytes)
[    0.000000] Dentry cache hash table entries: 65536 (order: 6, 262144 bytes)
[    0.000000] Inode-cache hash table entries: 32768 (order: 5, 131072 bytes)
[    0.000000] Memory: 439280K/522240K available (12288K kernel code, 1101K rwdata, 4144K rodata, 1024K init, 735K bss, 33808K reserved, 49152K cma-reserved, 0K highmem)
[    0.000000] Virtual kernel memory layout:
[    0.000000]     vector  : 0xffff0000 - 0xffff1000   (   4 kB)
[    0.000000]     fixmap  : 0xffc00000 - 0xfff00000   (3072 kB)
[    0.000000]     vmalloc : 0xe0000000 - 0xff800000   ( 504 MB)
[    0.000000]     lowmem  : 0xc0000000 - 0xdfe00000   ( 510 MB)
[    0.000000]     pkmap   : 0xbfe00000 - 0xc0000000   (   2 MB)
[    0.000000]     modules : 0xbf000000 - 0xbfe00000   (  14 MB)
[    0.000000]       .text : 0xc0008000 - 0xc0d00000   (13280 kB)
[    0.000000]       .init : 0xc1200000 - 0xc1300000   (1024 kB)
[    0.000000]       .data : 0xc1300000 - 0xc14135f0   (1102 kB)
[    0.000000]        .bss : 0xc1415000 - 0xc14ccf68   ( 736 kB)
[    0.000000] Preemptible hierarchical RCU implementation.
[    0.000000] 	Build-time adjustment of leaf fanout to 32.
[    0.000000] 	RCU restricting CPUs from NR_CPUS=2 to nr_cpu_ids=1.
[    0.000000] RCU: Adjusting geometry for rcu_fanout_leaf=32, nr_cpu_ids=1
[    0.000000] NR_IRQS:16 nr_irqs:16 16
[    0.000000] IRQ: Found an INTC at 0xfa200000 (revision 5.0) with 128 interrupts
[    0.000000] OMAP clockevent source: timer2 at 24000000 Hz
[    0.000018] sched_clock: 32 bits at 24MHz, resolution 41ns, wraps every 89478484971ns
[    0.000041] clocksource: timer1: mask: 0xffffffff max_cycles: 0xffffffff, max_idle_ns: 79635851949 ns
[    0.000055] OMAP clocksource: timer1 at 24000000 Hz
[    0.000933] clocksource_probe: no matching clocksources found
[    0.001411] Console: colour dummy device 80x30
[    0.001443] WARNING: Your 'console=ttyO0' has been replaced by 'ttyS0'
[    0.001451] This ensures that you still see kernel messages. Please
[    0.001459] update your kernel commandline.
[    0.001485] Calibrating delay loop... 995.32 BogoMIPS (lpj=1990656)
[    0.046634] pid_max: default: 32768 minimum: 301
[    0.046929] Security Framework initialized
[    0.046948] Yama: becoming mindful.
[    0.046992] AppArmor: AppArmor disabled by boot time parameter
[    0.047206] Mount-cache hash table entries: 1024 (order: 0, 4096 bytes)
[    0.047221] Mountpoint-cache hash table entries: 1024 (order: 0, 4096 bytes)
[    0.048419] CPU: Testing write buffer coherency: ok
[    0.048503] ftrace: allocating 37594 entries in 111 pages
[    0.154822] CPU0: thread -1, cpu 0, socket -1, mpidr 0
[    0.154905] Setting up static identity map for 0x80100000 - 0x80100060
[    0.202653] Brought up 1 CPUs
[    0.202683] SMP: Total of 1 processors activated (995.32 BogoMIPS).
[    0.202693] CPU: All CPU(s) started in SVC mode.
[    0.204330] devtmpfs: initialized
[    0.226961] VFP support v0.3: implementor 41 architecture 3 part 30 variant c rev 3
[    0.227538] clocksource: jiffies: mask: 0xffffffff max_cycles: 0xffffffff, max_idle_ns: 7645041785100000 ns
[    0.227571] futex hash table entries: 256 (order: 2, 16384 bytes)
[    0.231606] xor: measuring software checksum speed
[    0.270669]    arm4regs  :  1217.000 MB/sec
[    0.310621]    8regs     :   956.000 MB/sec
[    0.350620]    32regs    :  1088.000 MB/sec
[    0.390621]    neon      :  1662.000 MB/sec
[    0.390631] xor: using function: neon (1662.000 MB/sec)
[    0.390651] pinctrl core: initialized pinctrl subsystem
[    0.390917]   sdiodbg bus.c bus_add_driver bus: 'platform': add driver ti-adpll
[    0.390944]   sdiodbg dd.c driver_attach
[    0.390956]   sdiodbg dd.c driver_attach -- done ret 0
[    0.390986]   sdiodbg bus.c bus_add_driver -- done
[    0.391148]   sdiodbg bus.c bus_add_device bus: 'platform': add device reg-dummy
[    0.391320]   sdiodbg bus.c bus_add_driver bus: 'platform': add driver reg-dummy
[    0.391340]   sdiodbg dd.c driver_attach
[    0.391354]   sdiodbg dd.c   __driver_attach  instant  drv->name reg-dummy  match func c08c8998 diff
[    0.391448]  sdiodbg regulator-dummy: no parameters
[    0.391719]   sdiodbg dd.c driver_attach -- done ret 0
[    0.391750]   sdiodbg bus.c bus_add_driver -- done
[    0.392393] NET: Registered protocol family 16
[    0.395431] DMA: preallocated 256 KiB pool for atomic coherent allocations
[    0.423738] omap_hwmod: debugss: _wait_target_disable failed
[    0.464097]   sdiodbg bus.c bus_add_driver bus: 'platform': add driver omap_gpio
[    0.464128]   sdiodbg dd.c driver_attach
[    0.464145]   sdiodbg dd.c driver_attach -- done ret 0
[    0.464175]   sdiodbg bus.c bus_add_driver -- done
[    0.464604]   sdiodbg bus.c bus_add_driver bus: 'platform': add driver sram
[    0.464626]   sdiodbg dd.c driver_attach
[    0.464637]   sdiodbg dd.c driver_attach -- done ret 0
[    0.464664]   sdiodbg bus.c bus_add_driver -- done
[    0.464685]   sdiodbg bus.c bus_add_driver bus: 'platform': add driver syscon
[    0.464703]   sdiodbg dd.c driver_attach
[    0.464713]   sdiodbg dd.c driver_attach -- done ret 0
[    0.464739]   sdiodbg bus.c bus_add_driver -- done
[    0.464887]   sdiodbg bus.c bus_add_driver bus: 'i2c': add driver dummy
[    0.464906]   sdiodbg dd.c driver_attach
[    0.464915]   sdiodbg dd.c driver_attach -- done ret 0
[    0.464941]   sdiodbg bus.c bus_add_driver -- done
[    0.474663] cpuidle: using governor ladder
[    0.486648] cpuidle: using governor menu
[    0.486664]   sdiodbg bus.c bus_add_driver bus: 'platform': add driver omap_hwspinlock
[    0.486696]   sdiodbg dd.c driver_attach
[    0.486709]   sdiodbg dd.c driver_attach -- done ret 0
[    0.486737]   sdiodbg bus.c bus_add_driver -- done
[    0.486760]   sdiodbg bus.c bus_add_driver bus: 'platform': add driver omap-gpmc
[    0.486779]   sdiodbg dd.c driver_attach
[    0.486789]   sdiodbg dd.c driver_attach -- done ret 0
[    0.486815]   sdiodbg bus.c bus_add_driver -- done
[    0.486834]   sdiodbg bus.c bus_add_driver bus: 'platform': add driver omap_l3_smx
[    0.486851]   sdiodbg dd.c driver_attach
[    0.486861]   sdiodbg dd.c driver_attach -- done ret 0
[    0.486901]   sdiodbg bus.c bus_add_driver -- done
[    0.486922]   sdiodbg bus.c bus_add_driver bus: 'platform': add driver omap_l3_noc
[    0.486941]   sdiodbg dd.c driver_attach
[    0.486951]   sdiodbg dd.c driver_attach -- done ret 0
[    0.486976]   sdiodbg bus.c bus_add_driver -- done
[    0.487379]   sdiodbg bus.c bus_add_device bus: 'platform': add device opp_table0
[    0.487786]   sdiodbg bus.c bus_add_device bus: 'platform': add device pmu
[    0.487991]   sdiodbg bus.c bus_add_device bus: 'platform': add device soc
[    0.488204]   sdiodbg bus.c bus_add_device bus: 'platform': add device soc:mpu
[    0.488454]   sdiodbg bus.c bus_add_device bus: 'platform': add device ocp
[    0.488681]   sdiodbg bus.c bus_add_device bus: 'platform': add device ocp:l4_wkup@44c00000
[    0.488948]   sdiodbg bus.c bus_add_device bus: 'platform': add device 44d00000.wkup_m3
[    0.489220]   sdiodbg bus.c bus_add_device bus: 'platform': add device 44e00000.prcm
[    0.489463]   sdiodbg bus.c bus_add_device bus: 'platform': add device 44e10000.scm
[    0.489761]   sdiodbg bus.c bus_add_device bus: 'platform': add device 44e10800.pinmux
[    0.490002]   sdiodbg bus.c bus_add_device bus: 'platform': add device 44e10000.scm_conf
[    0.490377]   sdiodbg bus.c bus_add_device bus: 'platform': add device 44e11324.wkup_m3_ipc
[    0.490723]   sdiodbg bus.c bus_add_device bus: 'platform': add device 44e10f90.dma-router
[    0.491267]   sdiodbg bus.c bus_add_device bus: 'platform': add device 49000000.edma
[    0.491652]   sdiodbg bus.c bus_add_device bus: 'platform': add device 49800000.tptc
[    0.492024]   sdiodbg bus.c bus_add_device bus: 'platform': add device 49900000.tptc
[    0.492383]   sdiodbg bus.c bus_add_device bus: 'platform': add device 49a00000.tptc
[    0.492639]   sdiodbg bus.c bus_add_device bus: 'platform': add device 4c000000.emif
[    0.492991]   sdiodbg bus.c bus_add_device bus: 'platform': add device 44e07000.gpio
[    0.493429]   sdiodbg bus.c bus_add_device bus: 'gpio': add device gpiochip0
[    0.495830] OMAP GPIO hardware version 0.1
[    0.496259]   sdiodbg bus.c bus_add_device bus: 'platform': add device 4804c000.gpio
[    0.496716]   sdiodbg bus.c bus_add_device bus: 'gpio': add device gpiochip1
[    0.499521]   sdiodbg bus.c bus_add_device bus: 'platform': add device 481ac000.gpio
[    0.499960]   sdiodbg bus.c bus_add_device bus: 'gpio': add device gpiochip2
[    0.502486]   sdiodbg bus.c bus_add_device bus: 'platform': add device 481ae000.gpio
[    0.503009] GPIO line 106 (LS_BUF_EN) hogged as output/high
[    0.503057]   sdiodbg bus.c bus_add_device bus: 'gpio': add device gpiochip3
[    0.505526]   sdiodbg bus.c bus_add_device bus: 'platform': add device 44e09000.serial
[    0.506054]   sdiodbg bus.c bus_add_device bus: 'platform': add device 481a6000.serial
[    0.506506]   sdiodbg bus.c bus_add_device bus: 'platform': add device 44e0b000.i2c
[    0.507022]   sdiodbg bus.c bus_add_device bus: 'platform': add device 4819c000.i2c
[    0.507389]   sdiodbg bus.c bus_add_device bus: 'platform': add device 48060000.mmc
[    0.507769]   sdiodbg bus.c bus_add_device bus: 'platform': add device 481d8000.mmc
[    0.508129]   sdiodbg bus.c bus_add_device bus: 'platform': add device 47810000.mmc
[    0.508414]   sdiodbg bus.c bus_add_device bus: 'platform': add device 480ca000.spinlock
[    0.509077]   sdiodbg bus.c bus_add_device bus: 'platform': add device 44e35000.wdt
[    0.509519]   sdiodbg bus.c bus_add_device bus: 'platform': add device 480c8000.mailbox
[    0.509951]   sdiodbg bus.c bus_add_device bus: 'platform': add device 48042000.timer
[    0.510315]   sdiodbg bus.c bus_add_device bus: 'platform': add device 48044000.timer
[    0.510791]   sdiodbg bus.c bus_add_device bus: 'platform': add device 48046000.timer
[    0.511192]   sdiodbg bus.c bus_add_device bus: 'platform': add device 48048000.timer
[    0.511577]   sdiodbg bus.c bus_add_device bus: 'platform': add device 4804a000.timer
[    0.512030]   sdiodbg bus.c bus_add_device bus: 'platform': add device 44e3e000.rtc
[    0.512365]   sdiodbg bus.c bus_add_device bus: 'platform': add device 47400000.usb
[    0.512730]   sdiodbg bus.c bus_add_device bus: 'platform': add device 40300000.ocmcram
[    0.513122]   sdiodbg bus.c bus_add_device bus: 'platform': add device 4a326000.pruss-soc-bus
[    0.513545]   sdiodbg bus.c bus_add_device bus: 'platform': add device 4830e000.lcdc
[    0.513973]   sdiodbg bus.c bus_add_device bus: 'platform': add device 53100000.sham
[    0.514367]   sdiodbg bus.c bus_add_device bus: 'platform': add device 53500000.aes
[    0.514930]   sdiodbg bus.c bus_add_device bus: 'platform': add device 48038000.mcasp
[    0.515328]   sdiodbg bus.c bus_add_device bus: 'platform': add device 48310000.rng
[    0.515585]   sdiodbg bus.c bus_add_device bus: 'platform': add device leds
[    0.515796]   sdiodbg bus.c bus_add_device bus: 'platform': add device fixedregulator0
[    0.515989]   sdiodbg bus.c bus_add_device bus: 'platform': add device bone_capemgr
[    0.516181]   sdiodbg bus.c bus_add_device bus: 'platform': add device fixedregulator@2
[    0.516384]   sdiodbg bus.c bus_add_device bus: 'platform': add device btwilink
[    0.516609]   sdiodbg bus.c bus_add_device bus: 'platform': add device clk_mcasp0
[    0.516802]   sdiodbg bus.c bus_add_device bus: 'platform': add device sound
[    0.517821] No ATAGs?
[    0.517840] hw-breakpoint: debug architecture 0x4 unsupported.
[    0.518136] omap4_sram_init:Unable to allocate sram needed to handle errata I688
[    0.518150] omap4_sram_init:Unable to get sram pool needed to handle errata I688
[    0.518402]   sdiodbg bus.c bus_add_driver bus: 'platform': add driver omap_dma_system
[    0.518444]   sdiodbg dd.c driver_attach
[    0.518546]   sdiodbg dd.c driver_attach -- done ret 0
[    0.518579]   sdiodbg bus.c bus_add_driver -- done
[    0.518873]   sdiodbg bus.c bus_add_driver bus: 'platform': add driver ti-dma-crossbar
[    0.518898]   sdiodbg dd.c driver_attach
[    0.518951]   sdiodbg dd.c   __driver_attach  instant  drv->name ti-dma-crossbar  match func c08c8998 
[    0.519183]   sdiodbg dd.c driver_attach -- done ret 0
[    0.519218]   sdiodbg bus.c bus_add_driver -- done
[    0.519589]   sdiodbg bus.c bus_add_device bus: 'cpu': add device cpu0
[    0.546734]   sdiodbg bus.c bus_add_device bus: 'workqueue': add device writeback
[    0.630739] raid6: int32x1  gen()   250 MB/s
[    0.698658] raid6: int32x1  xor()   216 MB/s
[    0.766735] raid6: int32x2  gen()   324 MB/s
[    0.834638] raid6: int32x2  xor()   264 MB/s
[    0.902696] raid6: int32x4  gen()   302 MB/s
[    0.970621] raid6: int32x4  xor()   246 MB/s
[    1.038721] raid6: int32x8  gen()   294 MB/s
[    1.090618] random: fast init done
[    1.106637] raid6: int32x8  xor()   209 MB/s
[    1.174639] raid6: neonx1   gen()  1451 MB/s
[    1.242639] raid6: neonx1   xor()   843 MB/s
[    1.310619] raid6: neonx2   gen()  1918 MB/s
[    1.378643] raid6: neonx2   xor()  1198 MB/s
[    1.446626] raid6: neonx4   gen()  1950 MB/s
[    1.514639] raid6: neonx4   xor()  1201 MB/s
[    1.582684] raid6: neonx8   gen()   909 MB/s
[    1.650634] raid6: neonx8   xor()   780 MB/s
[    1.650645] raid6: using algorithm neonx4 gen() 1950 MB/s
[    1.650654] raid6: .... xor() 1201 MB/s, rmw enabled
[    1.650662] raid6: using intx1 recovery algorithm
[    1.650699]   sdiodbg bus.c bus_add_driver bus: 'platform': add driver omap-control-phy
[    1.650741]   sdiodbg dd.c driver_attach
[    1.651033]   sdiodbg dd.c driver_attach -- done ret 0
[    1.651070]   sdiodbg bus.c bus_add_driver -- done
[    1.651157]   sdiodbg bus.c bus_add_driver bus: 'i2c': add driver pca953x
[    1.651184]   sdiodbg dd.c driver_attach
[    1.651193]   sdiodbg dd.c driver_attach -- done ret 0
[    1.651220]   sdiodbg bus.c bus_add_driver -- done
[    1.651241]   sdiodbg bus.c bus_add_driver bus: 'i2c': add driver sx150x
[    1.651278]   sdiodbg dd.c driver_attach
[    1.651287]   sdiodbg dd.c driver_attach -- done ret 0
[    1.651313]   sdiodbg bus.c bus_add_driver -- done
[    1.651335]   sdiodbg bus.c bus_add_driver bus: 'platform': add driver palmas-gpio
[    1.651354]   sdiodbg dd.c driver_attach
[    1.651520]   sdiodbg dd.c driver_attach -- done ret 0
[    1.651546]   sdiodbg bus.c bus_add_driver -- done
[    1.651569]   sdiodbg bus.c bus_add_driver bus: 'platform': add driver tps65910-gpio
[    1.651588]   sdiodbg dd.c driver_attach
[    1.651634]   sdiodbg dd.c driver_attach -- done ret 0
[    1.651660]   sdiodbg bus.c bus_add_driver -- done
[    1.651679]   sdiodbg bus.c bus_add_driver bus: 'platform': add driver twl4030_gpio
[    1.651698]   sdiodbg dd.c driver_attach
[    1.651794]   sdiodbg dd.c driver_attach -- done ret 0
[    1.651820]   sdiodbg bus.c bus_add_driver -- done
[    1.651968]   sdiodbg bus.c bus_add_driver bus: 'platform': add driver omap-dma-engine
[    1.651991]   sdiodbg dd.c driver_attach
[    1.652175]   sdiodbg dd.c driver_attach -- done ret 0
[    1.652202]   sdiodbg bus.c bus_add_driver -- done
[    1.652224]   sdiodbg bus.c bus_add_driver bus: 'platform': add driver dw_dmac
[    1.652242]   sdiodbg dd.c driver_attach
[    1.652331]   sdiodbg dd.c driver_attach -- done ret 0
[    1.652357]   sdiodbg bus.c bus_add_driver -- done
[    1.652377]   sdiodbg bus.c bus_add_driver bus: 'platform': add driver edma3-tptc
[    1.652395]   sdiodbg dd.c driver_attach
[    1.652432]   sdiodbg dd.c   __driver_attach  instant  drv->name edma3-tptc  match func c08c8998 
[    1.652582]   sdiodbg dd.c   __driver_attach  instant  drv->name edma3-tptc  match func c08c8998 
[    1.652654]   sdiodbg dd.c   __driver_attach  instant  drv->name edma3-tptc  match func c08c8998 
[    1.652784]   sdiodbg dd.c driver_attach -- done ret 0
[    1.652812]   sdiodbg bus.c bus_add_driver -- done
[    1.652836]   sdiodbg bus.c bus_add_driver bus: 'platform': add driver edma
[    1.652856]   sdiodbg dd.c driver_attach
[    1.652900]   sdiodbg dd.c   __driver_attach  instant  drv->name edma  match func c08c8998 
[    1.661735] edma 49000000.edma: TI EDMA DMA engine driver
[    1.661920]   sdiodbg dd.c driver_attach -- done ret 0
[    1.661956]   sdiodbg bus.c bus_add_driver -- done
[    1.661991]   sdiodbg bus.c bus_add_driver bus: 'platform': add driver reg-fixed-voltage
[    1.662014]   sdiodbg dd.c driver_attach
[    1.662130]   sdiodbg dd.c   __driver_attach  instant  drv->name reg-fixed-voltage  match func c08c8998 
[    1.662289]  sdiodbg vmmcsd_fixed: 3300 mV 
[    1.662600]   sdiodbg dd.c   __driver_attach  instant  drv->name reg-fixed-voltage  match func c08c8998 
[    1.662837]  sdiodbg wlan-en-regulator: 1800 mV 
[    1.663103]   sdiodbg dd.c driver_attach -- done ret 0
[    1.663135]   sdiodbg bus.c bus_add_driver -- done
[    1.663163]   sdiodbg bus.c bus_add_driver bus: 'platform': add driver gpio-regulator
[    1.663183]   sdiodbg dd.c driver_attach
[    1.663307]   sdiodbg dd.c driver_attach -- done ret 0
[    1.663333]   sdiodbg bus.c bus_add_driver -- done
[    1.663354]   sdiodbg bus.c bus_add_driver bus: 'platform': add driver palmas-pmic
[    1.663374]   sdiodbg dd.c driver_attach
[    1.663616]   sdiodbg dd.c driver_attach -- done ret 0
[    1.663640]   sdiodbg bus.c bus_add_driver -- done
[    1.663664]   sdiodbg bus.c bus_add_driver bus: 'i2c': add driver tps65023
[    1.663682]   sdiodbg dd.c driver_attach
[    1.663691]   sdiodbg dd.c driver_attach -- done ret 0
[    1.663714]   sdiodbg bus.c bus_add_driver -- done
[    1.663735]   sdiodbg bus.c bus_add_driver bus: 'platform': add driver tps6507x-pmic
[    1.663753]   sdiodbg dd.c driver_attach
[    1.663799]   sdiodbg dd.c driver_attach -- done ret 0
[    1.663821]   sdiodbg bus.c bus_add_driver -- done
[    1.663842]   sdiodbg bus.c bus_add_driver bus: 'platform': add driver tps65217-pmic
[    1.663859]   sdiodbg dd.c driver_attach
[    1.663902]   sdiodbg dd.c driver_attach -- done ret 0
[    1.663925]   sdiodbg bus.c bus_add_driver -- done
[    1.663945]   sdiodbg bus.c bus_add_driver bus: 'platform': add driver tps65910-pmic
[    1.663963]   sdiodbg dd.c driver_attach
[    1.664005]   sdiodbg dd.c driver_attach -- done ret 0
[    1.664040]   sdiodbg bus.c bus_add_driver -- done
[    1.664060]   sdiodbg bus.c bus_add_driver bus: 'platform': add driver twl_reg
[    1.664078]   sdiodbg dd.c driver_attach
[    1.664995]   sdiodbg dd.c driver_attach -- done ret 0
[    1.665021]   sdiodbg bus.c bus_add_driver -- done
[    1.666749]   sdiodbg bus.c bus_add_driver bus: 'i2c': add driver tps65217
[    1.666788]   sdiodbg dd.c driver_attach
[    1.666799]   sdiodbg dd.c driver_attach -- done ret 0
[    1.666829]   sdiodbg bus.c bus_add_driver -- done
[    1.666857]   sdiodbg bus.c bus_add_driver bus: 'i2c': add driver tps65910
[    1.666888]   sdiodbg dd.c driver_attach
[    1.666898]   sdiodbg dd.c driver_attach -- done ret 0
[    1.666922]   sdiodbg bus.c bus_add_driver -- done
[    1.666944]   sdiodbg bus.c bus_add_driver bus: 'i2c': add driver palmas
[    1.666961]   sdiodbg dd.c driver_attach
[    1.666970]   sdiodbg dd.c driver_attach -- done ret 0
[    1.666993]   sdiodbg bus.c bus_add_driver -- done
[    1.667417] SCSI subsystem initialized
[    1.670893]   sdiodbg bus.c bus_add_driver bus: 'mdio_bus': add driver Generic PHY
[    1.670917]   sdiodbg dd.c driver_attach
[    1.670929]   sdiodbg dd.c driver_attach -- done ret 0
[    1.670954]   sdiodbg bus.c bus_add_driver -- done
[    1.670974]   sdiodbg bus.c bus_add_driver bus: 'mdio_bus': add driver Generic 10G PHY
[    1.670990]   sdiodbg dd.c driver_attach
[    1.670999]   sdiodbg dd.c driver_attach -- done ret 0
[    1.671023]   sdiodbg bus.c bus_add_driver -- done
[    1.671145]   sdiodbg bus.c bus_add_driver bus: 'usb': add driver usbfs
[    1.671175]   sdiodbg dd.c driver_attach
[    1.671185]   sdiodbg dd.c driver_attach -- done ret 0
[    1.671263]   sdiodbg bus.c bus_add_driver -- done
[    1.671295] usbcore: registered new interface driver usbfs
[    1.671312]   sdiodbg bus.c bus_add_driver bus: 'usb': add driver hub
[    1.671330]   sdiodbg dd.c driver_attach
[    1.671339]   sdiodbg dd.c driver_attach -- done ret 0
[    1.671379]   sdiodbg bus.c bus_add_driver -- done
[    1.671406] usbcore: registered new interface driver hub
[    1.671494]   sdiodbg bus.c bus_add_driver bus: 'usb': add driver usb
[    1.671517]   sdiodbg dd.c driver_attach
[    1.671526]   sdiodbg dd.c driver_attach -- done ret 0
[    1.671551]   sdiodbg bus.c bus_add_driver -- done
[    1.671570] usbcore: registered new device driver usb
[    1.671592]   sdiodbg bus.c bus_add_driver bus: 'platform': add driver usb_phy_generic
[    1.671613]   sdiodbg dd.c driver_attach
[    1.671789]   sdiodbg dd.c driver_attach -- done ret 0
[    1.671817]   sdiodbg bus.c bus_add_driver -- done
[    1.671979]   sdiodbg bus.c bus_add_driver bus: 'platform': add driver i2c-gpio
[    1.672000]   sdiodbg dd.c driver_attach
[    1.672104]   sdiodbg dd.c driver_attach -- done ret 0
[    1.672129]   sdiodbg bus.c bus_add_driver -- done
[    1.672152]   sdiodbg bus.c bus_add_driver bus: 'platform': add driver omap_i2c
[    1.672172]   sdiodbg dd.c driver_attach
[    1.672259]   sdiodbg dd.c   __driver_attach  instant  drv->name omap_i2c  match func c08c8998 
[    1.672327] omap_i2c 44e0b000.i2c: could not find pctldev for node /ocp/l4_wkup@44c00000/scm@210000/pinmux@800/pinmux_i2c0_pins, deferring probe
[    1.672369]   sdiodbg dd.c   __driver_attach  instant  drv->name omap_i2c  match func c08c8998 
[    1.672401] omap_i2c 4819c000.i2c: could not find pctldev for node /ocp/l4_wkup@44c00000/scm@210000/pinmux@800/pinmux_i2c2_pins, deferring probe
[    1.672495]   sdiodbg dd.c driver_attach -- done ret 0
[    1.672526]   sdiodbg bus.c bus_add_driver -- done
[    1.672545] media: Linux media interface: v0.10
[    1.672604] Linux video capture interface: v2.00
[    1.672704] pps_core: LinuxPPS API ver. 1 registered
[    1.672713] pps_core: Software ver. 5.3.6 - Copyright 2005-2007 Rodolfo Giometti <giometti@linux.it>
[    1.672740] PTP clock support registered
[    1.672934]   sdiodbg bus.c bus_add_driver bus: 'platform': add driver omap-mailbox
[    1.672953]   sdiodbg dd.c driver_attach
[    1.673055]   sdiodbg dd.c   __driver_attach  instant  drv->name omap-mailbox  match func c08c8998 
[    1.673644] omap-mailbox 480c8000.mailbox: omap mailbox rev 0x400
[    1.673760]   sdiodbg dd.c driver_attach -- done ret 0
[    1.673793]   sdiodbg bus.c bus_add_driver -- done
[    1.675259] NetLabel: Initializing
[    1.675276] NetLabel:  domain hash size = 128
[    1.675284] NetLabel:  protocols = UNLABELED CIPSOv4
[    1.675370] NetLabel:  unlabeled traffic allowed by default
[    1.675994] clocksource: Switched to clocksource timer1
[    1.807941] VFS: Disk quotas dquot_6.6.0
[    1.808173] VFS: Dquot-cache hash table entries: 1024 (order 0, 4096 bytes)
[    1.808597]   sdiodbg bus.c bus_add_driver bus: 'platform': add driver simple-framebuffer
[    1.808627]   sdiodbg dd.c driver_attach
[    1.808840]   sdiodbg dd.c driver_attach -- done ret 0
[    1.808873]   sdiodbg bus.c bus_add_driver -- done
[    1.823328]   sdiodbg bus.c bus_add_driver bus: 'platform': add driver usbhs_tll
[    1.823365]   sdiodbg dd.c driver_attach
[    1.823567]   sdiodbg dd.c driver_attach -- done ret 0
[    1.823601]   sdiodbg bus.c bus_add_driver -- done
[    1.824171] NET: Registered protocol family 2
[    1.825207] TCP established hash table entries: 4096 (order: 2, 16384 bytes)
[    1.825260] TCP bind hash table entries: 4096 (order: 3, 32768 bytes)
[    1.825322] TCP: Hash tables configured (established 4096 bind 4096)
[    1.825400] UDP hash table entries: 256 (order: 1, 8192 bytes)
[    1.825424] UDP-Lite hash table entries: 256 (order: 1, 8192 bytes)
[    1.825640] NET: Registered protocol family 1
[    1.834592] RPC: Registered named UNIX socket transport module.
[    1.834611] RPC: Registered udp transport module.
[    1.834619] RPC: Registered tcp transport module.
[    1.834627] RPC: Registered tcp NFSv4.1 backchannel transport module.
[    1.834670]   sdiodbg bus.c bus_add_driver bus: 'platform': add driver usbhs_omap
[    1.834711]   sdiodbg dd.c driver_attach
[    1.834903]   sdiodbg dd.c driver_attach -- done ret 0
[    1.834927]   sdiodbg bus.c bus_add_driver -- done
[    1.835379] Unpacking initramfs...
[    2.306200] Freeing initrd memory: 6064K (cfa14000 - d0000000)
[    2.306447]   sdiodbg bus.c bus_add_driver bus: 'platform': add driver armv7-pmu
[    2.306509]   sdiodbg dd.c driver_attach
[    2.306556]   sdiodbg dd.c   __driver_attach  instant  drv->name armv7-pmu  match func c08c8998 
[    2.306777] hw perfevents: enabled with armv7_cortex_a8 PMU driver, 5 counters available
[    2.307118]   sdiodbg dd.c driver_attach -- done ret 0
[    2.307160]   sdiodbg bus.c bus_add_driver -- done
[    2.307218]   sdiodbg bus.c bus_add_driver bus: 'platform': add driver omap_timer
[    2.307243]   sdiodbg dd.c driver_attach
[    2.307397]   sdiodbg dd.c   __driver_attach  instant  drv->name omap_timer  match func c08c8998 
[    2.307663]   sdiodbg dd.c   __driver_attach  instant  drv->name omap_timer  match func c08c8998 
[    2.307814]   sdiodbg dd.c   __driver_attach  instant  drv->name omap_timer  match func c08c8998 
[    2.307946]   sdiodbg dd.c   __driver_attach  instant  drv->name omap_timer  match func c08c8998 
[    2.308251]   sdiodbg dd.c   __driver_attach  instant  drv->name omap_timer  match func c08c8998 
[    2.308492]   sdiodbg dd.c driver_attach -- done ret 0
[    2.308527]   sdiodbg bus.c bus_add_driver -- done
[    2.309237]   sdiodbg bus.c bus_add_device bus: 'clocksource': add device clocksource0
[    2.309404]   sdiodbg bus.c bus_add_driver bus: 'platform': add driver alarmtimer
[    2.309428]   sdiodbg dd.c driver_attach
[    2.309508]   sdiodbg dd.c driver_attach -- done ret 0
[    2.309538]   sdiodbg bus.c bus_add_driver -- done
[    2.309587]   sdiodbg bus.c bus_add_device bus: 'platform': add device alarmtimer
[    2.309974]   sdiodbg bus.c bus_add_device bus: 'clockevents': add device clockevent0
[    2.310102]   sdiodbg bus.c bus_add_device bus: 'clockevents': add device broadcast
[    2.310294] audit: initializing netlink subsys (disabled)
[    2.310391] audit: type=2000 audit(2.240:1): initialized
[    2.310873]   sdiodbg bus.c bus_add_device bus: 'event_source': add device armv7_cortex_a8
[    2.311019]   sdiodbg bus.c bus_add_device bus: 'event_source': add device breakpoint
[    2.311147]   sdiodbg bus.c bus_add_device bus: 'event_source': add device tracepoint
[    2.311276]   sdiodbg bus.c bus_add_device bus: 'event_source': add device software
[    2.316113] workingset: timestamp_bits=14 max_order=17 bucket_order=3
[    2.316331] zbud: loaded
[    2.321608] NFS: Registering the id_resolver key type
[    2.321657] Key type id_resolver registered
[    2.321668] Key type id_legacy registered
[    2.321689] nfs4filelayout_init: NFSv4 File Layout Driver Registering...
[    2.322113] fuse init (API version 7.26)
[    2.322586] orangefs_debugfs_init: called with debug mask: :none: :0:
[    2.322892] orangefs_init: module version upstream loaded
[    2.322904] SGI XFS with ACLs, security attributes, realtime, no debug enabled
[    2.342828] Key type asymmetric registered
[    2.342852] Asymmetric key parser 'x509' registered
[    2.342989] Block layer SCSI generic (bsg) driver version 0.4 loaded (major 247)
[    2.347301] io scheduler noop registered
[    2.347318] io scheduler deadline registered
[    2.347420] io scheduler cfq registered (default)
[    2.347534]   sdiodbg bus.c bus_add_driver bus: 'platform': add driver omap-ocp2scp
[    2.347570]   sdiodbg dd.c driver_attach
[    2.347804]   sdiodbg dd.c driver_attach -- done ret 0
[    2.347841]   sdiodbg bus.c bus_add_driver -- done
[    2.347874]   sdiodbg bus.c bus_add_driver bus: 'platform': add driver simple-pm-bus
[    2.347897]   sdiodbg dd.c driver_attach
[    2.348251]   sdiodbg dd.c driver_attach -- done ret 0
[    2.348288]   sdiodbg bus.c bus_add_driver -- done
[    2.348347]   sdiodbg bus.c bus_add_driver bus: 'platform': add driver omap-usb2
[    2.348368]   sdiodbg dd.c driver_attach
[    2.348552]   sdiodbg dd.c driver_attach -- done ret 0
[    2.348580]   sdiodbg bus.c bus_add_driver -- done
[    2.348603]   sdiodbg bus.c bus_add_driver bus: 'platform': add driver ti-pipe3
[    2.348623]   sdiodbg dd.c driver_attach
[    2.348777]   sdiodbg dd.c driver_attach -- done ret 0
[    2.348804]   sdiodbg bus.c bus_add_driver -- done
[    2.348827]   sdiodbg bus.c bus_add_driver bus: 'platform': add driver palmas-pinctrl
[    2.348846]   sdiodbg dd.c driver_attach
[    2.348978]   sdiodbg dd.c driver_attach -- done ret 0
[    2.349004]   sdiodbg bus.c bus_add_driver -- done
[    2.349026]   sdiodbg bus.c bus_add_driver bus: 'platform': add driver pinctrl-single
[    2.349045]   sdiodbg dd.c driver_attach
[    2.349098]   sdiodbg dd.c   __driver_attach  instant  drv->name pinctrl-single  match func c08c8998 
[    2.349617] pinctrl-single 44e10800.pinmux: 142 pins at pa f9e10800 size 568
[    2.349827]   sdiodbg dd.c driver_attach -- done ret 0
[    2.349863]   sdiodbg bus.c bus_add_driver -- done
[    2.349897]   sdiodbg bus.c bus_add_driver bus: 'platform': add driver ti-iodelay
[    2.349923]   sdiodbg dd.c driver_attach
[    2.350026]   sdiodbg dd.c driver_attach -- done ret 0
[    2.350054]   sdiodbg bus.c bus_add_driver -- done
[    2.350076]   sdiodbg bus.c bus_add_driver bus: 'platform': add driver gpio-of-helper
[    2.350097]   sdiodbg dd.c driver_attach
[    2.350189]   sdiodbg dd.c driver_attach -- done ret 0
[    2.350215]   sdiodbg bus.c bus_add_driver -- done
[    2.350237]   sdiodbg bus.c bus_add_driver bus: 'platform': add driver basic-mmio-gpio
[    2.350256]   sdiodbg dd.c driver_attach
[    2.350366]   sdiodbg dd.c driver_attach -- done ret 0
[    2.350392]   sdiodbg bus.c bus_add_driver -- done
[    2.350414]   sdiodbg bus.c bus_add_driver bus: 'platform': add driver gpio-syscon
[    2.350433]   sdiodbg dd.c driver_attach
[    2.350543]   sdiodbg dd.c driver_attach -- done ret 0
[    2.350569]   sdiodbg bus.c bus_add_driver -- done
[    2.350590]   sdiodbg bus.c bus_add_driver bus: 'platform': add driver tps65218-gpio
[    2.350608]   sdiodbg dd.c driver_attach
[    2.350700]   sdiodbg dd.c driver_attach -- done ret 0
[    2.350726]   sdiodbg bus.c bus_add_driver -- done
[    2.350747]   sdiodbg bus.c bus_add_driver bus: 'platform': add driver twl6040-gpo
[    2.350776]   sdiodbg dd.c driver_attach
[    2.350822]   sdiodbg dd.c driver_attach -- done ret 0
[    2.350847]   sdiodbg bus.c bus_add_driver -- done
[    2.350868]   sdiodbg bus.c bus_add_driver bus: 'platform': add driver ecap
[    2.350888]   sdiodbg dd.c driver_attach
[    2.351003]   sdiodbg dd.c driver_attach -- done ret 0
[    2.351031]   sdiodbg bus.c bus_add_driver -- done
[    2.351052]   sdiodbg bus.c bus_add_driver bus: 'platform': add driver ehrpwm
[    2.351069]   sdiodbg dd.c driver_attach
[    2.351186]   sdiodbg dd.c driver_attach -- done ret 0
[    2.351210]   sdiodbg bus.c bus_add_driver -- done
[    2.351230]   sdiodbg bus.c bus_add_driver bus: 'platform': add driver pwmss
[    2.351249]   sdiodbg dd.c driver_attach
[    2.351341]   sdiodbg dd.c driver_attach -- done ret 0
[    2.351366]   sdiodbg bus.c bus_add_driver -- done
[    2.351413]   sdiodbg bus.c bus_add_driver bus: 'platform': add driver dra7-pcie
[    2.351430]   sdiodbg dd.c driver_attach
[    2.351543]   sdiodbg dd.c driver_attach -- done ret 0
[    2.351557]   sdiodbg bus.c bus_add_driver -- done
[    2.351619]   sdiodbg bus.c bus_add_driver bus: 'platform': add driver gpio-backlight
[    2.351638]   sdiodbg dd.c driver_attach
[    2.351729]   sdiodbg dd.c driver_attach -- done ret 0
[    2.351754]   sdiodbg bus.c bus_add_driver -- done
[    2.351777]   sdiodbg bus.c bus_add_driver bus: 'platform': add driver pwm-backlight
[    2.351795]   sdiodbg dd.c driver_attach
[    2.351884]   sdiodbg dd.c driver_attach -- done ret 0
[    2.351908]   sdiodbg bus.c bus_add_driver -- done
[    2.351930]   sdiodbg bus.c bus_add_driver bus: 'platform': add driver tps65217-bl
[    2.352150]   sdiodbg dd.c driver_attach
[    2.352262]   sdiodbg dd.c driver_attach -- done ret 0
[    2.352292]   sdiodbg bus.c bus_add_driver -- done
[    2.352325]   sdiodbg bus.c bus_add_driver bus: 'i2c': add driver ssd1307fb
[    2.352347]   sdiodbg dd.c driver_attach
[    2.352356]   sdiodbg dd.c driver_attach -- done ret 0
[    2.352379]   sdiodbg bus.c bus_add_driver -- done
[    2.352408]   sdiodbg bus.c bus_add_driver bus: 'platform': add driver of_fixed_factor_clk
[    2.352426]   sdiodbg dd.c driver_attach
[    2.352524]   sdiodbg dd.c driver_attach -- done ret 0
[    2.352549]   sdiodbg bus.c bus_add_driver -- done
[    2.352574]   sdiodbg bus.c bus_add_driver bus: 'platform': add driver of_fixed_clk
[    2.352593]   sdiodbg dd.c driver_attach
[    2.352685]   sdiodbg dd.c driver_attach -- done ret 0
[    2.352709]   sdiodbg bus.c bus_add_driver -- done
[    2.352730]   sdiodbg bus.c bus_add_driver bus: 'platform': add driver gpio-clk
[    2.352748]   sdiodbg dd.c driver_attach
[    2.352855]   sdiodbg dd.c   __driver_attach  instant  drv->name gpio-clk  match func c08c8998 
[    2.353183]   sdiodbg dd.c driver_attach -- done ret 0
[    2.353220]   sdiodbg bus.c bus_add_driver -- done
[    2.353256]   sdiodbg bus.c bus_add_driver bus: 'platform': add driver palmas-clk
[    2.353278]   sdiodbg dd.c driver_attach
[    2.353422]   sdiodbg dd.c driver_attach -- done ret 0
[    2.353450]   sdiodbg bus.c bus_add_driver -- done
[    2.353475]   sdiodbg bus.c bus_add_driver bus: 'platform': add driver twl6040-pdmclk
[    2.353494]   sdiodbg dd.c driver_attach
[    2.353542]   sdiodbg dd.c driver_attach -- done ret 0
[    2.353576]   sdiodbg bus.c bus_add_driver -- done
[    2.353599]   sdiodbg bus.c bus_add_driver bus: 'platform': add driver dra7-atl
[    2.353617]   sdiodbg dd.c driver_attach
[    2.353712]   sdiodbg dd.c driver_attach -- done ret 0
[    2.353737]   sdiodbg bus.c bus_add_driver -- done
[    2.353758]   sdiodbg bus.c bus_add_driver bus: 'platform': add driver cppi41-dma-engine
[    2.353777]   sdiodbg dd.c driver_attach
[    2.353892]   sdiodbg dd.c driver_attach -- done ret 0
[    2.353916]   sdiodbg bus.c bus_add_driver -- done
[    2.353938]   sdiodbg bus.c bus_add_driver bus: 'platform': add driver pm33xx
[    2.353962]   sdiodbg dd.c driver_attach
[    2.354007]   sdiodbg dd.c driver_attach -- done ret 0
[    2.354032]   sdiodbg bus.c bus_add_driver -- done
[    2.354052]   sdiodbg bus.c bus_add_driver bus: 'platform': add driver wkup_m3_ipc
[    2.354070]   sdiodbg dd.c driver_attach
[    2.354107]   sdiodbg dd.c   __driver_attach  instant  drv->name wkup_m3_ipc  match func c08c8998 
[    2.354393] wkup_m3_ipc 44e11324.wkup_m3_ipc: could not get rproc handle
[    2.354592]   sdiodbg dd.c driver_attach -- done ret 0
[    2.354624]   sdiodbg bus.c bus_add_driver -- done
[    2.354659]   sdiodbg bus.c bus_add_driver bus: 'platform': add driver pwm-regulator
[    2.354681]   sdiodbg dd.c driver_attach
[    2.354783]   sdiodbg dd.c driver_attach -- done ret 0
[    2.354808]   sdiodbg bus.c bus_add_driver -- done
[    2.354832]   sdiodbg bus.c bus_add_driver bus: 'platform': add driver pbias-regulator
[    2.354850]   sdiodbg dd.c driver_attach
[    2.355036]   sdiodbg dd.c driver_attach -- done ret 0
[    2.355061]   sdiodbg bus.c bus_add_driver -- done
[    2.355083]   sdiodbg bus.c bus_add_driver bus: 'platform': add driver ti_abb
[    2.355101]   sdiodbg dd.c driver_attach
[    2.355234]   sdiodbg dd.c driver_attach -- done ret 0
[    2.355259]   sdiodbg bus.c bus_add_driver -- done
[    2.355281]   sdiodbg bus.c bus_add_driver bus: 'platform': add driver tps65218-pmic
[    2.355300]   sdiodbg dd.c driver_attach
[    2.355346]   sdiodbg dd.c driver_attach -- done ret 0
[    2.355370]   sdiodbg bus.c bus_add_driver -- done
[    2.355812] Serial: 8250/16550 driver, 6 ports, IRQ sharing disabled
[    2.355901]   sdiodbg bus.c bus_add_device bus: 'platform': add device serial8250
[    2.358507]   sdiodbg bus.c bus_add_driver bus: 'platform': add driver serial8250
[    2.358541]   sdiodbg dd.c driver_attach
[    2.358636]   sdiodbg dd.c   __driver_attach  instant  drv->name serial8250  match func c08c8998 
[    2.358722]   sdiodbg dd.c driver_attach -- done ret 0
[    2.358751]   sdiodbg bus.c bus_add_driver -- done
[    2.358777]   sdiodbg bus.c bus_add_driver bus: 'pci': add driver serial
[    2.358797]   sdiodbg dd.c driver_attach
[    2.358806]   sdiodbg dd.c driver_attach -- done ret 0
[    2.358881]   sdiodbg bus.c bus_add_driver -- done
[    2.358909]   sdiodbg bus.c bus_add_driver bus: 'platform': add driver omap8250
[    2.358930]   sdiodbg dd.c driver_attach
[    2.359047]   sdiodbg dd.c   __driver_attach  instant  drv->name omap8250  match func c08c8998 
[    2.359730] 44e09000.serial: ttyS0 at MMIO 0x44e09000 (irq = 158, base_baud = 3000000) is a 8250
[    5.773765] console [ttyS0] enabled
[    5.777797]   sdiodbg dd.c   __driver_attach  instant  drv->name omap8250  match func c08c8998 
[    5.787310] 481a6000.serial: ttyS3 at MMIO 0x481a6000 (irq = 159, base_baud = 3000000) is a 8250
[    5.796830]   sdiodbg dd.c driver_attach -- done ret 0
[    5.802134]   sdiodbg bus.c bus_add_driver -- done
[    5.807063]   sdiodbg bus.c bus_add_driver bus: 'platform': add driver of_serial
[    5.814550]   sdiodbg dd.c driver_attach
[    5.818880]   sdiodbg dd.c driver_attach -- done ret 0
[    5.824097]   sdiodbg bus.c bus_add_driver -- done
[    5.829558] [drm] Initialized
[    5.832669]   sdiodbg bus.c bus_add_driver bus: 'platform': add driver omapdss
[    5.839991]   sdiodbg dd.c driver_attach
[    5.844024]   sdiodbg dd.c driver_attach -- done ret 0
[    5.849223]   sdiodbg bus.c bus_add_driver -- done
[    5.854116]   sdiodbg bus.c bus_add_driver bus: 'platform': add driver amplifier-opa362
[    5.862199]   sdiodbg dd.c driver_attach
[    5.866281]   sdiodbg dd.c driver_attach -- done ret 0
[    5.871480]   sdiodbg bus.c bus_add_driver -- done
[    5.876337]   sdiodbg bus.c bus_add_driver bus: 'platform': add driver tpd12s015
[    5.883799]   sdiodbg dd.c driver_attach
[    5.887853]   sdiodbg dd.c driver_attach -- done ret 0
[    5.893292]   sdiodbg bus.c bus_add_driver -- done
[    5.898184]   sdiodbg bus.c bus_add_driver bus: 'platform': add driver connector-dvi
[    5.906007]   sdiodbg dd.c driver_attach
[    5.910090]   sdiodbg dd.c driver_attach -- done ret 0
[    5.915287]   sdiodbg bus.c bus_add_driver -- done
[    5.920146]   sdiodbg bus.c bus_add_driver bus: 'platform': add driver connector-hdmi
[    5.928046]   sdiodbg dd.c driver_attach
[    5.932102]   sdiodbg dd.c driver_attach -- done ret 0
[    5.937298]   sdiodbg bus.c bus_add_driver -- done
[    5.942154]   sdiodbg bus.c bus_add_driver bus: 'platform': add driver panel-dpi
[    5.949619]   sdiodbg dd.c driver_attach
[    5.953671]   sdiodbg dd.c driver_attach -- done ret 0
[    5.958865]   sdiodbg bus.c bus_add_driver -- done
[    5.963719]   sdiodbg bus.c bus_add_driver bus: 'platform': add driver tfp410
[    5.970923]   sdiodbg dd.c driver_attach
[    5.974977]   sdiodbg dd.c driver_attach -- done ret 0
[    5.980182]   sdiodbg bus.c bus_add_driver -- done
[    5.985034]   sdiodbg bus.c bus_add_driver bus: 'platform': add driver panel
[    5.992149]   sdiodbg dd.c driver_attach
[    5.996200]   sdiodbg dd.c driver_attach -- done ret 0
[    6.001404]   sdiodbg bus.c bus_add_driver -- done
[    6.006256]   sdiodbg bus.c bus_add_driver bus: 'platform': add driver tilcdc
[    6.013458]   sdiodbg dd.c driver_attach
[    6.017510]   sdiodbg dd.c   __driver_attach  instant  drv->name tilcdc  match func c08c8998 
[    6.026242]   sdiodbg dd.c driver_attach -- done ret 0
[    6.031462]   sdiodbg bus.c bus_add_driver -- done
[    6.036321]   sdiodbg bus.c bus_add_driver bus: 'i2c': add driver tda998x
[    6.043176]   sdiodbg dd.c driver_attach
[    6.047139]   sdiodbg dd.c driver_attach -- done ret 0
[    6.052340]   sdiodbg bus.c bus_add_driver -- done
[    6.057191]   sdiodbg bus.c bus_add_driver bus: 'mipi-dsi': add driver adv7533
[    6.064480]   sdiodbg dd.c driver_attach
[    6.068444]   sdiodbg dd.c driver_attach -- done ret 0
[    6.073643]   sdiodbg bus.c bus_add_driver -- done
[    6.078488]   sdiodbg bus.c bus_add_driver bus: 'i2c': add driver adv7511
[    6.085338]   sdiodbg dd.c driver_attach
[    6.089300]   sdiodbg dd.c driver_attach -- done ret 0
[    6.094498]   sdiodbg bus.c bus_add_driver -- done
[    6.099358]   sdiodbg bus.c bus_add_driver bus: 'platform': add driver etnaviv-gpu
[    6.107014]   sdiodbg dd.c driver_attach
[    6.111081]   sdiodbg dd.c driver_attach -- done ret 0
[    6.116291]   sdiodbg bus.c bus_add_driver -- done
[    6.121145]   sdiodbg bus.c bus_add_driver bus: 'platform': add driver etnaviv
[    6.128434]   sdiodbg dd.c driver_attach
[    6.132522]   sdiodbg dd.c driver_attach -- done ret 0
[    6.137730]   sdiodbg bus.c bus_add_driver -- done
[    6.142649]   sdiodbg bus.c bus_add_driver bus: 'platform': add driver ti_opp_supply
[    6.150468]   sdiodbg dd.c driver_attach
[    6.154569]   sdiodbg dd.c driver_attach -- done ret 0
[    6.159776]   sdiodbg bus.c bus_add_driver -- done
[    6.164658]   sdiodbg bus.c bus_add_driver bus: 'i2c': add driver at24
[    6.171250]   sdiodbg dd.c driver_attach
[    6.175220]   sdiodbg dd.c driver_attach -- done ret 0
[    6.180423]   sdiodbg bus.c bus_add_driver -- done
[    6.185273]   sdiodbg bus.c bus_add_driver bus: 'spi': add driver at25
[    6.191863]   sdiodbg dd.c driver_attach
[    6.195827]   sdiodbg dd.c driver_attach -- done ret 0
[    6.201027]   sdiodbg bus.c bus_add_driver -- done
[    6.205880]   sdiodbg bus.c bus_add_driver bus: 'platform': add driver argus-ups
[    6.213345]   sdiodbg dd.c driver_attach
[    6.217400]   sdiodbg dd.c driver_attach -- done ret 0
[    6.222596]   sdiodbg bus.c bus_add_driver -- done
[    6.227482]   sdiodbg bus.c bus_add_driver bus: 'platform': add driver bone-pinmux-helper
[    6.235734]   sdiodbg dd.c driver_attach
[    6.239790]   sdiodbg dd.c driver_attach -- done ret 0
[    6.244999]   sdiodbg bus.c bus_add_driver -- done
[    6.249855]   sdiodbg bus.c bus_add_driver bus: 'platform': add driver bone_capemgr
[    6.257580]   sdiodbg dd.c driver_attach
[    6.261630]   sdiodbg dd.c   __driver_attach  instant  drv->name bone_capemgr  match func c08c8998 
[    6.270842]   sdiodbg dd.c driver_attach -- done ret 0
[    6.276060]   sdiodbg bus.c bus_add_driver -- done
[    6.280917]   sdiodbg bus.c bus_add_driver bus: 'platform': add driver ti_am3359-tscadc
[    6.289003]   sdiodbg dd.c driver_attach
[    6.293072]   sdiodbg dd.c driver_attach -- done ret 0
[    6.298280]   sdiodbg bus.c bus_add_driver -- done
[    6.303134]   sdiodbg bus.c bus_add_driver bus: 'i2c': add driver tps65218
[    6.310076]   sdiodbg dd.c driver_attach
[    6.314040]   sdiodbg dd.c driver_attach -- done ret 0
[    6.319239]   sdiodbg bus.c bus_add_driver -- done
[    6.324085]   sdiodbg bus.c bus_add_driver bus: 'i2c': add driver twl
[    6.330586]   sdiodbg dd.c driver_attach
[    6.334549]   sdiodbg dd.c driver_attach -- done ret 0
[    6.339748]   sdiodbg bus.c bus_add_driver -- done
[    6.344602]   sdiodbg bus.c bus_add_driver bus: 'platform': add driver twl4030_power
[    6.352415]   sdiodbg dd.c driver_attach
[    6.356582]   sdiodbg dd.c driver_attach -- done ret 0
[    6.361799]   sdiodbg bus.c bus_add_driver -- done
[    6.366656]   sdiodbg bus.c bus_add_driver bus: 'platform': add driver twl4030-audio
[    6.374474]   sdiodbg dd.c driver_attach
[    6.378526]   sdiodbg dd.c driver_attach -- done ret 0
[    6.383733]   sdiodbg bus.c bus_add_driver -- done
[    6.388585]   sdiodbg bus.c bus_add_driver bus: 'i2c': add driver twl6040
[    6.395436]   sdiodbg dd.c driver_attach
[    6.399398]   sdiodbg dd.c driver_attach -- done ret 0
[    6.404598]   sdiodbg bus.c bus_add_driver -- done
[    6.409522]   sdiodbg bus.c bus_add_driver bus: 'scsi': add driver sd
[    6.416036]   sdiodbg dd.c driver_attach
[    6.420000]   sdiodbg dd.c driver_attach -- done ret 0
[    6.425200]   sdiodbg bus.c bus_add_driver -- done
[    6.430056]   sdiodbg bus.c bus_add_driver bus: 'platform': add driver ahci
[    6.437086]   sdiodbg dd.c driver_attach
[    6.441244]   sdiodbg dd.c driver_attach -- done ret 0
[    6.446450]   sdiodbg bus.c bus_add_driver -- done
[    6.451612]   sdiodbg bus.c bus_add_driver bus: 'mdio_bus': add driver TI DP83848C 10/100 Mbps PHY
[    6.460681]   sdiodbg dd.c driver_attach
[    6.464649]   sdiodbg dd.c driver_attach -- done ret 0
[    6.469851]   sdiodbg bus.c bus_add_driver -- done
[    6.474700]   sdiodbg bus.c bus_add_driver bus: 'mdio_bus': add driver NS DP83848C 10/100 Mbps PHY
[    6.483734]   sdiodbg dd.c driver_attach
[    6.487698]   sdiodbg dd.c driver_attach -- done ret 0
[    6.492900]   sdiodbg bus.c bus_add_driver -- done
[    6.497747]   sdiodbg bus.c bus_add_driver bus: 'mdio_bus': add driver TI DP83620 10/100 Mbps PHY
[    6.506693]   sdiodbg dd.c driver_attach
[    6.510657]   sdiodbg dd.c driver_attach -- done ret 0
[    6.515856]   sdiodbg bus.c bus_add_driver -- done
[    6.520702]   sdiodbg bus.c bus_add_driver bus: 'mdio_bus': add driver TI TLK10X 10/100 Mbps PHY
[    6.529575]   sdiodbg dd.c driver_attach
[    6.533541]   sdiodbg dd.c driver_attach -- done ret 0
[    6.538744]   sdiodbg bus.c bus_add_driver -- done
[    6.543590]   sdiodbg bus.c bus_add_driver bus: 'mdio_bus': add driver TI DP83822 10/100 Mbps PHY
[    6.552535]   sdiodbg dd.c driver_attach
[    6.556497]   sdiodbg dd.c driver_attach -- done ret 0
[    6.561695]   sdiodbg bus.c bus_add_driver -- done
[    6.566578]   sdiodbg bus.c bus_add_device bus: 'platform': add device Fixed MDIO bus.0
[    6.575027] libphy: Fixed MDIO Bus: probed
[    6.579194]   sdiodbg bus.c bus_add_driver bus: 'mdio_bus': add driver Micrel KS8737
[    6.587011]   sdiodbg dd.c driver_attach
[    6.590976]   sdiodbg dd.c driver_attach -- done ret 0
[    6.596177]   sdiodbg bus.c bus_add_driver -- done
[    6.601024]   sdiodbg bus.c bus_add_driver bus: 'mdio_bus': add driver Micrel KSZ8021 or KSZ8031
[    6.609880]   sdiodbg dd.c driver_attach
[    6.613843]   sdiodbg dd.c driver_attach -- done ret 0
[    6.619041]   sdiodbg bus.c bus_add_driver -- done
[    6.623885]   sdiodbg bus.c bus_add_driver bus: 'mdio_bus': add driver Micrel KSZ8031
[    6.631780]   sdiodbg dd.c driver_attach
[    6.635742]   sdiodbg dd.c driver_attach -- done ret 0
[    6.640948]   sdiodbg bus.c bus_add_driver -- done
[    6.645795]   sdiodbg bus.c bus_add_driver bus: 'mdio_bus': add driver Micrel KSZ8041
[    6.653690]   sdiodbg dd.c driver_attach
[    6.657651]   sdiodbg dd.c driver_attach -- done ret 0
[    6.662849]   sdiodbg bus.c bus_add_driver -- done
[    6.667693]   sdiodbg bus.c bus_add_driver bus: 'mdio_bus': add driver Micrel KSZ8041RNLI
[    6.675939]   sdiodbg dd.c driver_attach
[    6.679901]   sdiodbg dd.c driver_attach -- done ret 0
[    6.685100]   sdiodbg bus.c bus_add_driver -- done
[    6.689944]   sdiodbg bus.c bus_add_driver bus: 'mdio_bus': add driver Micrel KSZ8051
[    6.697839]   sdiodbg dd.c driver_attach
[    6.701801]   sdiodbg dd.c driver_attach -- done ret 0
[    6.706999]   sdiodbg bus.c bus_add_driver -- done
[    6.711845]   sdiodbg bus.c bus_add_driver bus: 'mdio_bus': add driver Micrel KSZ8001 or KS8721
[    6.720613]   sdiodbg dd.c driver_attach
[    6.724575]   sdiodbg dd.c driver_attach -- done ret 0
[    6.729773]   sdiodbg bus.c bus_add_driver -- done
[    6.734618]   sdiodbg bus.c bus_add_driver bus: 'mdio_bus': add driver Micrel KSZ8081 or KSZ8091
[    6.743473]   sdiodbg dd.c driver_attach
[    6.747435]   sdiodbg dd.c driver_attach -- done ret 0
[    6.752633]   sdiodbg bus.c bus_add_driver -- done
[    6.757478]   sdiodbg bus.c bus_add_driver bus: 'mdio_bus': add driver Micrel KSZ8061
[    6.765374]   sdiodbg dd.c driver_attach
[    6.769335]   sdiodbg dd.c driver_attach -- done ret 0
[    6.774533]   sdiodbg bus.c bus_add_driver -- done
[    6.779377]   sdiodbg bus.c bus_add_driver bus: 'mdio_bus': add driver Micrel KSZ9021 Gigabit PHY
[    6.788319]   sdiodbg dd.c driver_attach
[    6.792280]   sdiodbg dd.c driver_attach -- done ret 0
[    6.797478]   sdiodbg bus.c bus_add_driver -- done
[    6.802322]   sdiodbg bus.c bus_add_driver bus: 'mdio_bus': add driver Micrel KSZ9031 Gigabit PHY
[    6.811264]   sdiodbg dd.c driver_attach
[    6.815227]   sdiodbg dd.c driver_attach -- done ret 0
[    6.820426]   sdiodbg bus.c bus_add_driver -- done
[    6.825271]   sdiodbg bus.c bus_add_driver bus: 'mdio_bus': add driver Micrel KSZ8873MLL Switch
[    6.834040]   sdiodbg dd.c driver_attach
[    6.838001]   sdiodbg dd.c driver_attach -- done ret 0
[    6.843200]   sdiodbg bus.c bus_add_driver -- done
[    6.848046]   sdiodbg bus.c bus_add_driver bus: 'mdio_bus': add driver Micrel KSZ886X Switch
[    6.856552]   sdiodbg dd.c driver_attach
[    6.860514]   sdiodbg dd.c driver_attach -- done ret 0
[    6.865712]   sdiodbg bus.c bus_add_driver -- done
[    6.870558]   sdiodbg bus.c bus_add_driver bus: 'mdio_bus': add driver Micrel KSZ8795
[    6.878452]   sdiodbg dd.c driver_attach
[    6.882414]   sdiodbg dd.c driver_attach -- done ret 0
[    6.887618]   sdiodbg bus.c bus_add_driver -- done
[    6.892466]   sdiodbg bus.c bus_add_driver bus: 'mdio_bus': add driver Microsemi VSC8531
[    6.900647]   sdiodbg dd.c driver_attach
[    6.904612]   sdiodbg dd.c driver_attach -- done ret 0
[    6.909811]   sdiodbg bus.c bus_add_driver -- done
[    6.914658]   sdiodbg bus.c bus_add_driver bus: 'mdio_bus': add driver Microsemi VSC8541 SyncE
[    6.923447]   sdiodbg dd.c driver_attach
[    6.927421]   sdiodbg dd.c driver_attach -- done ret 0
[    6.932635]   sdiodbg bus.c bus_add_driver -- done
[    6.937487]   sdiodbg bus.c bus_add_driver bus: 'mdio_bus': add driver SMSC LAN83C185
[    6.945386]   sdiodbg dd.c driver_attach
[    6.949350]   sdiodbg dd.c driver_attach -- done ret 0
[    6.954550]   sdiodbg bus.c bus_add_driver -- done
[    6.959397]   sdiodbg bus.c bus_add_driver bus: 'mdio_bus': add driver SMSC LAN8187
[    6.967120]   sdiodbg dd.c driver_attach
[    6.971083]   sdiodbg dd.c driver_attach -- done ret 0
[    6.976283]   sdiodbg bus.c bus_add_driver -- done
[    6.981129]   sdiodbg bus.c bus_add_driver bus: 'mdio_bus': add driver SMSC LAN8700
[    6.988851]   sdiodbg dd.c driver_attach
[    6.992814]   sdiodbg dd.c driver_attach -- done ret 0
[    6.998013]   sdiodbg bus.c bus_add_driver -- done
[    7.002859]   sdiodbg bus.c bus_add_driver bus: 'mdio_bus': add driver SMSC LAN911x Internal PHY
[    7.011714]   sdiodbg dd.c driver_attach
[    7.015677]   sdiodbg dd.c driver_attach -- done ret 0
[    7.020876]   sdiodbg bus.c bus_add_driver -- done
[    7.025723]   sdiodbg bus.c bus_add_driver bus: 'mdio_bus': add driver SMSC LAN8710/LAN8720
[    7.034145]   sdiodbg dd.c driver_attach
[    7.038109]   sdiodbg dd.c driver_attach -- done ret 0
[    7.043307]   sdiodbg bus.c bus_add_driver -- done
[    7.048153]   sdiodbg bus.c bus_add_driver bus: 'mdio_bus': add driver SMSC LAN8740
[    7.055873]   sdiodbg dd.c driver_attach
[    7.059835]   sdiodbg dd.c driver_attach -- done ret 0
[    7.065034]   sdiodbg bus.c bus_add_driver -- done
[    7.069882]   sdiodbg bus.c bus_add_driver bus: 'mdio_bus': add driver Vitesse VSC8234
[    7.077866]   sdiodbg dd.c driver_attach
[    7.081827]   sdiodbg dd.c driver_attach -- done ret 0
[    7.087026]   sdiodbg bus.c bus_add_driver -- done
[    7.091871]   sdiodbg bus.c bus_add_driver bus: 'mdio_bus': add driver Vitesse VSC8244
[    7.099854]   sdiodbg dd.c driver_attach
[    7.103816]   sdiodbg dd.c driver_attach -- done ret 0
[    7.109015]   sdiodbg bus.c bus_add_driver -- done
[    7.113859]   sdiodbg bus.c bus_add_driver bus: 'mdio_bus': add driver Vitesse VSC8514
[    7.121843]   sdiodbg dd.c driver_attach
[    7.125804]   sdiodbg dd.c driver_attach -- done ret 0
[    7.131002]   sdiodbg bus.c bus_add_driver -- done
[    7.135847]   sdiodbg bus.c bus_add_driver bus: 'mdio_bus': add driver Vitesse VSC8574
[    7.143829]   sdiodbg dd.c driver_attach
[    7.147791]   sdiodbg dd.c driver_attach -- done ret 0
[    7.152990]   sdiodbg bus.c bus_add_driver -- done
[    7.157835]   sdiodbg bus.c bus_add_driver bus: 'mdio_bus': add driver Vitesse VSC8601
[    7.165820]   sdiodbg dd.c driver_attach
[    7.169782]   sdiodbg dd.c driver_attach -- done ret 0
[    7.174980]   sdiodbg bus.c bus_add_driver -- done
[    7.179824]   sdiodbg bus.c bus_add_driver bus: 'mdio_bus': add driver Vitesse VSC8662
[    7.187808]   sdiodbg dd.c driver_attach
[    7.191770]   sdiodbg dd.c driver_attach -- done ret 0
[    7.196969]   sdiodbg bus.c bus_add_driver -- done
[    7.201815]   sdiodbg bus.c bus_add_driver bus: 'mdio_bus': add driver Vitesse VSC8221
[    7.209798]   sdiodbg dd.c driver_attach
[    7.213759]   sdiodbg dd.c driver_attach -- done ret 0
[    7.218967]   sdiodbg bus.c bus_add_driver -- done
[    7.223814]   sdiodbg bus.c bus_add_driver bus: 'mdio_bus': add driver Vitesse VSC8211
[    7.231799]   sdiodbg dd.c driver_attach
[    7.235760]   sdiodbg dd.c driver_attach -- done ret 0
[    7.240962]   sdiodbg bus.c bus_add_driver -- done
[    7.245827]   sdiodbg bus.c bus_add_driver bus: 'platform': add driver davinci_mdio
[    7.253556]   sdiodbg dd.c driver_attach
[    7.257695]   sdiodbg dd.c driver_attach -- done ret 0
[    7.262914]   sdiodbg bus.c bus_add_driver -- done
[    7.267782]   sdiodbg bus.c bus_add_driver bus: 'platform': add driver cpsw-phy-sel
[    7.275515]   sdiodbg dd.c driver_attach
[    7.279622]   sdiodbg dd.c driver_attach -- done ret 0
[    7.284833]   sdiodbg bus.c bus_add_driver -- done
[    7.289693]   sdiodbg bus.c bus_add_driver bus: 'platform': add driver cpsw
[    7.296723]   sdiodbg dd.c driver_attach
[    7.300842]   sdiodbg dd.c driver_attach -- done ret 0
[    7.306048]   sdiodbg bus.c bus_add_driver -- done
[    7.310902]   sdiodbg bus.c bus_add_driver bus: 'platform': add driver am335x-control-usb
[    7.319153]   sdiodbg dd.c driver_attach
[    7.323211]   sdiodbg dd.c driver_attach -- done ret 0
[    7.328416]   sdiodbg bus.c bus_add_driver -- done
[    7.333268]   sdiodbg bus.c bus_add_driver bus: 'platform': add driver am335x-phy-driver
[    7.341430]   sdiodbg dd.c driver_attach
[    7.345489]   sdiodbg dd.c driver_attach -- done ret 0
[    7.350697]   sdiodbg bus.c bus_add_driver -- done
[    7.355551]   sdiodbg bus.c bus_add_driver bus: 'platform': add driver gpio-vbus
[    7.363015]   sdiodbg dd.c driver_attach
[    7.367018]   sdiodbg dd.c driver_attach -- done ret 0
[    7.372220]   sdiodbg bus.c bus_add_driver -- done
[    7.377070]   sdiodbg bus.c bus_add_driver bus: 'platform': add driver dwc3
[    7.384095]   sdiodbg dd.c driver_attach
[    7.388163]   sdiodbg dd.c driver_attach -- done ret 0
[    7.393368]   sdiodbg bus.c bus_add_driver -- done
[    7.398221]   sdiodbg bus.c bus_add_driver bus: 'platform': add driver omap-dwc3
[    7.405685]   sdiodbg dd.c driver_attach
[    7.409759]   sdiodbg dd.c driver_attach -- done ret 0
[    7.414962]   sdiodbg bus.c bus_add_driver -- done
[    7.419809]   sdiodbg bus.c bus_add_driver bus: 'pci': add driver dwc3-pci
[    7.426748]   sdiodbg dd.c driver_attach
[    7.430710]   sdiodbg dd.c driver_attach -- done ret 0
[    7.435986]   sdiodbg bus.c bus_add_driver -- done
[    7.440846]   sdiodbg bus.c bus_add_driver bus: 'platform': add driver dwc3-of-simple
[    7.448749]   sdiodbg dd.c driver_attach
[    7.452853]   sdiodbg dd.c driver_attach -- done ret 0
[    7.458057]   sdiodbg bus.c bus_add_driver -- done
[    7.462906] ehci_hcd: USB 2.0 'Enhanced' Host Controller (EHCI) Driver
[    7.469523] ehci-pci: EHCI PCI platform driver
[    7.474017]   sdiodbg bus.c bus_add_driver bus: 'pci': add driver ehci-pci
[    7.480959]   sdiodbg dd.c driver_attach
[    7.484923]   sdiodbg dd.c driver_attach -- done ret 0
[    7.490161]   sdiodbg bus.c bus_add_driver -- done
[    7.495013] ehci-platform: EHCI generic platform driver
[    7.500299]   sdiodbg bus.c bus_add_driver bus: 'platform': add driver ehci-platform
[    7.508114]   sdiodbg dd.c driver_attach
[    7.512227]   sdiodbg dd.c driver_attach -- done ret 0
[    7.517435]   sdiodbg bus.c bus_add_driver -- done
[    7.522282] ehci-omap: OMAP-EHCI Host Controller driver
[    7.527561]   sdiodbg bus.c bus_add_driver bus: 'platform': add driver ehci-omap
[    7.535025]   sdiodbg dd.c driver_attach
[    7.539078]   sdiodbg dd.c driver_attach -- done ret 0
[    7.544284]   sdiodbg bus.c bus_add_driver -- done
[    7.549136]   sdiodbg bus.c bus_add_driver bus: 'pci': add driver xhci_hcd
[    7.556077]   sdiodbg dd.c driver_attach
[    7.560041]   sdiodbg dd.c driver_attach -- done ret 0
[    7.565261]   sdiodbg bus.c bus_add_driver -- done
[    7.570117]   sdiodbg bus.c bus_add_driver bus: 'platform': add driver xhci-hcd
[    7.577496]   sdiodbg dd.c driver_attach
[    7.581697]   sdiodbg dd.c driver_attach -- done ret 0
[    7.586905]   sdiodbg bus.c bus_add_driver -- done
[    7.591758]   sdiodbg bus.c bus_add_driver bus: 'usb': add driver usb-storage
[    7.598961]   sdiodbg dd.c driver_attach
[    7.602924]   sdiodbg dd.c driver_attach -- done ret 0
[    7.608158]   sdiodbg bus.c bus_add_driver -- done
[    7.613022] usbcore: registered new interface driver usb-storage
[    7.619090]   sdiodbg bus.c bus_add_driver bus: 'platform': add driver musb-hdrc
[    7.626569]   sdiodbg dd.c driver_attach
[    7.630577]   sdiodbg dd.c driver_attach -- done ret 0
[    7.635780]   sdiodbg bus.c bus_add_driver -- done
[    7.640634]   sdiodbg bus.c bus_add_driver bus: 'platform': add driver musb-dsps
[    7.648096]   sdiodbg dd.c driver_attach
[    7.652173]   sdiodbg dd.c driver_attach -- done ret 0
[    7.657381]   sdiodbg bus.c bus_add_driver -- done
[    7.662237]   sdiodbg bus.c bus_add_driver bus: 'platform': add driver am335x-usb-childs
[    7.670400]   sdiodbg dd.c driver_attach
[    7.674431]   sdiodbg dd.c   __driver_attach  instant  drv->name am335x-usb-childs  match func c08c8998 
[    7.684206]   sdiodbg bus.c bus_add_device bus: 'platform': add device 44e10620.control
[    7.693253]   sdiodbg bus.c bus_add_device bus: 'platform': add device 47401300.usb-phy
[    7.702428] 47401300.usb-phy supply vcc not found, using dummy regulator
[    7.720472]   sdiodbg bus.c bus_add_device bus: 'platform': add device 47401400.usb
[    7.729044]   sdiodbg bus.c bus_add_device bus: 'platform': add device musb-hdrc.0
[    7.740150]   sdiodbg bus.c bus_add_device bus: 'platform': add device 47401b00.usb-phy
[    7.749298] 47401b00.usb-phy supply vcc not found, using dummy regulator
[    7.768392]   sdiodbg bus.c bus_add_device bus: 'platform': add device 47401c00.usb
[    7.776882]   sdiodbg bus.c bus_add_device bus: 'platform': add device musb-hdrc.1
[    7.787185] musb-hdrc musb-hdrc.1: MUSB HDRC host driver
[    7.792641] musb-hdrc musb-hdrc.1: new USB bus registered, assigned bus number 1
[    7.800425] usb usb1: New USB device found, idVendor=1d6b, idProduct=0002
[    7.807291] usb usb1: New USB device strings: Mfr=3, Product=2, SerialNumber=1
[    7.814572] usb usb1: Product: MUSB HDRC host driver
[    7.819582] usb usb1: Manufacturer: Linux 4.9.37-a-r47 musb-hcd
[    7.825551] usb usb1: SerialNumber: musb-hdrc.1
[    7.830309]   sdiodbg bus.c bus_add_device bus: 'usb': add device usb1
[    7.837587]   sdiodbg bus.c bus_add_device bus: 'usb': add device 1-0:1.0
[    7.844671] hub 1-0:1.0: USB hub found
[    7.848569] hub 1-0:1.0: 1 port detected
[    7.864499]   sdiodbg bus.c bus_add_device bus: 'platform': add device 47400000.dma-controller
[    7.882501]   sdiodbg dd.c driver_attach -- done ret 0
[    7.887788]   sdiodbg bus.c bus_add_driver -- done
[    7.893312] mousedev: PS/2 mouse device common for all mice
[    7.899043]   sdiodbg bus.c bus_add_driver bus: 'serio': add driver atkbd
[    7.905969]   sdiodbg dd.c driver_attach
[    7.910207]   sdiodbg dd.c driver_attach -- done ret 0
[    7.915498]   sdiodbg bus.c bus_add_driver -- done
[    7.920392]   sdiodbg dd.c driver_attach
[    7.924394]   sdiodbg bus.c bus_add_driver bus: 'i2c': add driver edt_ft5x06
[    7.924417]   sdiodbg dd.c driver_attach
[    7.924422]   sdiodbg dd.c driver_attach -- done ret 0
[    7.924442]   sdiodbg bus.c bus_add_driver -- done
[    7.924503]   sdiodbg bus.c bus_add_driver bus: 'platform': add driver TI-am335x-tsc
[    7.924520]   sdiodbg dd.c driver_attach
[    7.924739]   sdiodbg dd.c driver_attach -- done ret 0
[    7.924762]   sdiodbg bus.c bus_add_driver -- done
[    7.924794]   sdiodbg bus.c bus_add_driver bus: 'platform': add driver palmas_pwrbutton
[    7.924808]   sdiodbg dd.c driver_attach
[    7.924919]   sdiodbg dd.c driver_attach -- done ret 0
[    7.924939]   sdiodbg bus.c bus_add_driver -- done
[    7.924962]   sdiodbg bus.c bus_add_driver bus: 'platform': add driver tps6521x_pwrbutton
[    7.924976]   sdiodbg dd.c driver_attach
[    7.925104]   sdiodbg dd.c driver_attach -- done ret 0
[    7.925124]   sdiodbg bus.c bus_add_driver -- done
[    7.925143]   sdiodbg bus.c bus_add_driver bus: 'platform': add driver twl4030_pwrbutton
[    7.925156]   sdiodbg dd.c driver_attach
[    7.925256]   sdiodbg dd.c driver_attach -- done ret 0
[    7.925295]   sdiodbg bus.c bus_add_driver -- done
[    7.925316]   sdiodbg bus.c bus_add_driver bus: 'platform': add driver twl4030-vibra
[    7.925331]   sdiodbg dd.c driver_attach
[    7.925379]   sdiodbg dd.c driver_attach -- done ret 0
[    7.925399]   sdiodbg bus.c bus_add_driver -- done
[    7.925418]   sdiodbg bus.c bus_add_driver bus: 'platform': add driver twl6040-vibra
[    7.925431]   sdiodbg dd.c driver_attach
[    7.925477]   sdiodbg dd.c driver_attach -- done ret 0
[    7.925497]   sdiodbg bus.c bus_add_driver -- done
[    7.932990]   sdiodbg bus.c bus_add_driver bus: 'i2c': add driver rtc-ds1307
[    7.933014]   sdiodbg dd.c driver_attach
[    7.933019]   sdiodbg dd.c driver_attach -- done ret 0
[    7.933041]   sdiodbg bus.c bus_add_driver -- done
[    7.933078]   sdiodbg bus.c bus_add_driver bus: 'platform': add driver omap_rtc
[    7.933093]   sdiodbg dd.c driver_attach
[    7.933205]   sdiodbg dd.c   __driver_attach  instant  drv->name omap_rtc  match func c08c8998 
[    7.933410] omap_rtc 44e3e000.rtc: already running
[    7.933919] omap_rtc 44e3e000.rtc: rtc core: registered 44e3e000.rtc as rtc0
[    7.934258]   sdiodbg dd.c driver_attach -- done ret 0
[    7.934289]   sdiodbg bus.c bus_add_driver -- done
[    7.934342]   sdiodbg bus.c bus_add_driver bus: 'platform': add driver palmas-rtc
[    7.934361]   sdiodbg dd.c driver_attach
[    7.934501]   sdiodbg dd.c driver_attach -- done ret 0
[    7.934523]   sdiodbg bus.c bus_add_driver -- done
[    7.934546]   sdiodbg bus.c bus_add_driver bus: 'i2c': add driver rtc-pcf8523
[    7.934561]   sdiodbg dd.c driver_attach
[    7.934565]   sdiodbg dd.c driver_attach -- done ret 0
[    7.934585]   sdiodbg bus.c bus_add_driver -- done
[    7.934600]   sdiodbg bus.c bus_add_driver bus: 'i2c': add driver rtc-pcf8563
[    7.934611]   sdiodbg dd.c driver_attach
[    7.934615]   sdiodbg dd.c driver_attach -- done ret 0
[    7.934635]   sdiodbg bus.c bus_add_driver -- done
[    7.934660]   sdiodbg bus.c bus_add_driver bus: 'platform': add driver twl_rtc
[    7.934674]   sdiodbg dd.c driver_attach
[    7.934783]   sdiodbg dd.c driver_attach -- done ret 0
[    7.934803]   sdiodbg bus.c bus_add_driver -- done
[    7.934815] i2c /dev entries driver
[    7.934855]   sdiodbg bus.c bus_add_driver bus: 'i2c': add driver pca954x
[    7.934868]   sdiodbg dd.c driver_attach
[    7.934872]   sdiodbg dd.c driver_attach -- done ret 0
[    7.934891]   sdiodbg bus.c bus_add_driver -- done
[    7.934913]   sdiodbg bus.c bus_add_driver bus: 'platform': add driver i2c-mux-pinctrl
[    7.934928]   sdiodbg dd.c driver_attach
[    7.935030]   sdiodbg dd.c driver_attach -- done ret 0
[    7.935050]   sdiodbg bus.c bus_add_driver -- done
[    7.935065]   sdiodbg bus.c bus_add_driver bus: 'i2c': add driver ir-kbd-i2c
[    7.935078]   sdiodbg dd.c driver_attach
[    7.935082]   sdiodbg dd.c driver_attach -- done ret 0
[    7.935100]   sdiodbg bus.c bus_add_driver -- done
[    7.935122]   sdiodbg bus.c bus_add_driver bus: 'platform': add driver gpio-fan
[    7.935134]   sdiodbg dd.c driver_attach
[    7.935232]   sdiodbg dd.c driver_attach -- done ret 0
[    7.935265]   sdiodbg bus.c bus_add_driver -- done
[    7.935287]   sdiodbg bus.c bus_add_driver bus: 'platform': add driver ti-soc-thermal
[    7.935300]   sdiodbg dd.c driver_attach
[    7.935424]   sdiodbg dd.c driver_attach -- done ret 0
[    7.935444]   sdiodbg bus.c bus_add_driver -- done
[    7.935466]   sdiodbg bus.c bus_add_driver bus: 'platform': add driver omap_wdt
[    7.935480]   sdiodbg dd.c driver_attach
[    7.935538]   sdiodbg dd.c   __driver_attach  instant  drv->name omap_wdt  match func c08c8998 
[    7.936683] omap_wdt: OMAP Watchdog Timer Rev 0x01: initial timeout 60 sec
[    7.936785]   sdiodbg dd.c driver_attach -- done ret 0
[    7.936811]   sdiodbg bus.c bus_add_driver -- done
[    7.936858]   sdiodbg bus.c bus_add_driver bus: 'platform': add driver cpufreq-dt
[    7.936877]   sdiodbg dd.c driver_attach
[    7.936943]   sdiodbg dd.c driver_attach -- done ret 0
[    7.936965]   sdiodbg bus.c bus_add_driver -- done
[    7.937049]   sdiodbg bus.c bus_add_driver bus: 'platform': add driver ti-cpufreq
[    7.937063]   sdiodbg dd.c driver_attach
[    7.937113]   sdiodbg dd.c driver_attach -- done ret 0
[    7.937133]   sdiodbg bus.c bus_add_driver -- done
[    7.937179]   sdiodbg bus.c bus_add_device bus: 'platform': add device ti-cpufreq
[    7.937657]   sdiodbg bus.c bus_add_device bus: 'platform': add device cpufreq-dt
[    7.938017] cpuidle: enable-method property 'ti,am3352' found operations
[    7.938190]   sdiodbg bus.c bus_add_driver bus: 'platform': add driver pwrseq_simple
[    7.938207]   sdiodbg dd.c driver_attach
[    7.938371]   sdiodbg dd.c driver_attach -- done ret 0
[    7.938395]   sdiodbg bus.c bus_add_driver -- done
[    7.938432]   sdiodbg bus.c bus_add_driver bus: 'platform': add driver pwrseq_emmc
[    7.938466]   sdiodbg dd.c driver_attach
[    7.938573]   sdiodbg dd.c driver_attach -- done ret 0
[    7.938594]   sdiodbg bus.c bus_add_driver -- done
[    7.938615]   sdiodbg bus.c bus_add_driver bus: 'mmc': add driver mmcblk
[    7.938628]   sdiodbg dd.c driver_attach
[    7.938632]   sdiodbg dd.c driver_attach -- done ret 0
[    7.938651]   sdiodbg bus.c bus_add_driver -- done
[    7.938674]   sdiodbg bus.c bus_add_driver bus: 'platform': add driver omap_hsmmc
[    7.938689]   sdiodbg dd.c driver_attach
[    7.938796]   sdiodbg dd.c   __driver_attach  instant  drv->name omap_hsmmc  match func c08c8998 
[    7.939148] omap_hsmmc 48060000.mmc: Got CD GPIO
[    7.988670]   sdiodbg dd.c   __driver_attach  instant  drv->name omap_hsmmc  match func c08c8998 
[    8.034332]   sdiodbg dd.c   __driver_attach  instant  drv->name omap_hsmmc  match func c08c8998 
[    8.164039]   sdiodbg dd.c driver_attach -- done ret 0
[    8.164077]   sdiodbg bus.c bus_add_driver -- done
[    8.164155]   sdiodbg bus.c bus_add_driver bus: 'platform': add driver leds-gpio
[    8.164177]   sdiodbg dd.c driver_attach
[    8.164310]   sdiodbg dd.c   __driver_attach  instant  drv->name leds-gpio  match func c08c8998 
[    8.165391]   sdiodbg dd.c driver_attach -- done ret 0
[    8.165417]   sdiodbg bus.c bus_add_driver -- done
[    8.165605] ledtrig-cpu: registered to indicate activity on CPUs
[    8.165714] hidraw: raw HID events driver (C) Jiri Kosina
[    8.166047]   sdiodbg bus.c bus_add_driver bus: 'hid': add driver hid-generic
[    8.166066]   sdiodbg dd.c driver_attach
[    8.166072]   sdiodbg dd.c driver_attach -- done ret 0
[    8.166132]   sdiodbg bus.c bus_add_driver -- done
[    8.166153]   sdiodbg bus.c bus_add_driver bus: 'hid': add driver logitech
[    8.166165]   sdiodbg dd.c driver_attach
[    8.166169]   sdiodbg dd.c driver_attach -- done ret 0
[    8.166217]   sdiodbg bus.c bus_add_driver -- done
[    8.166238]   sdiodbg bus.c bus_add_driver bus: 'hid': add driver logitech-djreceiver
[    8.166250]   sdiodbg dd.c driver_attach
[    8.166253]   sdiodbg dd.c driver_attach -- done ret 0
[    8.166288]   sdiodbg bus.c bus_add_driver -- done
[    8.166310]   sdiodbg bus.c bus_add_driver bus: 'hid': add driver logitech-hidpp-device
[    8.166327]   sdiodbg dd.c driver_attach
[    8.166331]   sdiodbg dd.c driver_attach -- done ret 0
[    8.166378]   sdiodbg bus.c bus_add_driver -- done
[    8.166403]   sdiodbg bus.c bus_add_driver bus: 'usb': add driver usbhid
[    8.166417]   sdiodbg dd.c driver_attach
[    8.166430]   sdiodbg dd.c driver_attach -- done ret 0
[    8.166475]   sdiodbg bus.c bus_add_driver -- done
[    8.166500] usbcore: registered new interface driver usbhid
[    8.166503] usbhid: USB HID core driver
[    8.166592]   sdiodbg bus.c bus_add_driver bus: 'platform': add driver wkup_m3_rproc
[    8.166611]   sdiodbg dd.c driver_attach
[    8.166648]   sdiodbg dd.c   __driver_attach  instant  drv->name wkup_m3_rproc  match func c08c8998 
[    8.166958] remoteproc remoteproc0: wkup_m3 is available
[    8.167207]   sdiodbg dd.c driver_attach -- done ret 0
[    8.167237]   sdiodbg bus.c bus_add_driver -- done
[    8.167306]   sdiodbg bus.c bus_add_driver bus: 'platform': add driver extcon-gpio
[    8.167322]   sdiodbg dd.c driver_attach
[    8.167383]   sdiodbg dd.c driver_attach -- done ret 0
[    8.167405]   sdiodbg bus.c bus_add_driver -- done
[    8.167428]   sdiodbg bus.c bus_add_driver bus: 'platform': add driver palmas-usb
[    8.167441]   sdiodbg dd.c driver_attach
[    8.167614]   sdiodbg dd.c driver_attach -- done ret 0
[    8.167645]   sdiodbg bus.c bus_add_driver -- done
[    8.167669]   sdiodbg bus.c bus_add_driver bus: 'platform': add driver extcon-usb-gpio
[    8.167684]   sdiodbg dd.c driver_attach
[    8.167788]   sdiodbg dd.c driver_attach -- done ret 0
[    8.167810]   sdiodbg bus.c bus_add_driver -- done
[    8.167833]   sdiodbg bus.c bus_add_driver bus: 'platform': add driver emif
[    8.167847]   sdiodbg dd.c driver_attach
[    8.168093]   sdiodbg dd.c driver_attach -- done ret 0
[    8.168106]   sdiodbg bus.c bus_add_driver -- done
[    8.168178]   sdiodbg bus.c bus_add_driver bus: 'platform': add driver ti_emif_sram
[    8.168194]   sdiodbg dd.c driver_attach
[    8.168243]   sdiodbg dd.c   __driver_attach  instant  drv->name ti_emif_sram  match func c08c8998 
[    8.168630]   sdiodbg dd.c driver_attach -- done ret 0
[    8.168657]   sdiodbg bus.c bus_add_driver -- done
[    8.174455] NET: Registered protocol family 10
[    8.180727] mip6: Mobile IPv6
[    8.180744] NET: Registered protocol family 17
[    8.180869] Key type dns_resolver registered
[    8.180875] mpls_gso: MPLS GSO support
[    8.181118] omap_voltage_late_init: Voltage driver support not added
[    8.181240]   sdiodbg bus.c bus_add_device bus: 'soc': add device soc0
[    8.181409]   sdiodbg bus.c bus_add_device bus: 'platform': add device pm33xx.0
[    8.181700] PM: Cannot get wkup_m3_ipc handle
[    8.181851] ThumbEE CPU extension supported.
[    8.181875] Registering SWP/SWPB emulation handler
[    8.183071] registered taskstats version 1
[    8.183196] zswap: loaded using pool lzo/zbud
[    8.196586] Btrfs loaded, crc32c=crc32c-generic
[    8.284910] Key type encrypted registered
[    8.291315]   sdiodbg bus.c bus_add_driver bus: 'platform': add driver dmm
[    8.291369]   sdiodbg dd.c driver_attach
[    8.291663]   sdiodbg dd.c driver_attach -- done ret 0
[    8.291693]   sdiodbg bus.c bus_add_driver -- done
[    8.291751]   sdiodbg bus.c bus_add_driver bus: 'platform': add driver omapdrm
[    8.291769]   sdiodbg dd.c driver_attach
[    8.291832]   sdiodbg dd.c driver_attach -- done ret 0
[    8.291852]   sdiodbg bus.c bus_add_driver -- done
[    9.045064]   sdiodbg dd.c driver_attach -- done ret 0
[    9.050436]  sdiodbg mmc 2754 mmc_rescan --- --- enter ---- host da420000  rescan_dis en  removable yes
[    9.059928]  sdiodbg mmc 2815 mmc_rescan --- --- try_freq ---- host da420000 f_min 400000
[    9.072500]  sdiodbg mmc 2754 mmc_rescan --- --- enter ---- host da420800  rescan_dis en  removable yes
[    9.082035]   sdiodbg mmc/sdio.c mmc_attach_sdio 1096  parent name (null) id 0
[    9.082040]   sdiodbg mmc/sdio.c mmc_attach_sdio 1103 host da420000 
[    9.095864]  sdiodbg mmc 2815 mmc_rescan --- --- try_freq ---- host da420800 f_min 400000
[    9.108523]  sdiodbg mmc 2826 mmc_rescan --- --- exit ---- host da420000  delayed no
[    9.117312]  sdiodbg mmc 2754 mmc_rescan --- --- enter ---- host da424000  rescan_dis en  removable no
[    9.126742]   sdiodbg mmc/sdio.c mmc_attach_sdio 1096  parent name (null) id 0
[    9.126747]   sdiodbg mmc/sdio.c mmc_attach_sdio 1103 host da420800 
[    9.140552]  sdiodbg mmc 2815 mmc_rescan --- --- try_freq ---- host da424000 f_min 400000
[    9.150363]   sdiodbg bus.c bus_add_device bus: 'i2c': add device i2c-0
[    9.164027]   sdiodbg mmc/sdio.c mmc_attach_sdio 1096  parent name (null) id 0
[    9.171595]   sdiodbg bus.c bus_add_device bus: 'i2c': add device 0-0024
[    9.178908]   sdiodbg mmc/sdio.c mmc_attach_sdio 1103 host da424000 
[    9.185737]   sdiodbg mmc/sdio.c mmc_attach_sdio 1108 host da424000 
[    9.192232]   sdiodbg mmc/sdio.c mmc_attach_sdio 1114 host da424000 
[    9.198781] omap_hsmmc 47810000.mmc: card claims to support voltages below defined range
[    9.207448]   sdiodbg bus.c bus_add_device bus: 'platform': add device tps65217-pmic
[    9.216033]   sdiodbg mmc/sdio.c mmc_attach_sdio 1128 host da424000 
[    9.222584]   sdiodbg quirks.c  table c0dafc80  mmc_fixup_methods c0db0108
[    9.229672]  sdiodbg vdds_dpr: at 1500 mV 
[    9.234045]   sdiodbg mmc/sdio.c mmc_sdio_init_card 561 host da424000 
[    9.241073]   sdiodbg mmc/sdio.c mmc_sdio_init_card 567 host da424000 
[    9.247934]   sdiodbg mmc/sdio.c mmc_sdio_init_card 581 host da424000 
[    9.254623]  sdiodbg vdd_mpu: override max_uV, 1351500 -> 1350000
[    9.261014]  sdiodbg  294 mmc_add_card --- --- enter
[    9.261027] mmc1: new high speed MMC card at address 0001
[    9.261384]  sdiodbg vdd_mpu: 925 <--> 1350 mV at 1325 mV 
[    9.261944]   sdiodbg bus.c bus_add_device bus: 'mmc': add device mmc1:0001
[    9.262116]   sdiodbg quirks.c  table c0db0848  mmc_fixup_methods c0db0108
[    9.279531] mmcblk1: mmc1:0001 S10004 3.56 GiB 
[    9.279874]  sdiodbg vdd_core: 925 <--> 1150 mV at 1100 mV 
[    9.295298] mmcblk1boot0: mmc1:0001 S10004 partition 1 4.00 MiB
[    9.295636]  sdiodbg vio,vrtc,vdds: at 1800 mV 
[    9.307299] mmcblk1boot1: mmc1:0001 S10004 partition 2 4.00 MiB
[    9.307551]  sdiodbg vdd_3v3aux: at 3300 mV 
[    9.309317]  sdiodbg vdd_1v8: 1800 mV 
[    9.310369]  mmcblk1: p1
[    9.311352]  sdiodbg vdd_3v3a: at 3300 mV 
[    9.312213]   sdiodbg bus.c bus_add_device bus: 'platform': add device tps65217-bl
[    9.314043]   sdiodbg bus.c bus_add_device bus: 'platform': add device tps65217-charger
[    9.315901]   sdiodbg bus.c bus_add_device bus: 'platform': add device tps65217-pwrbutton
[    9.317513]  sdiodbg  361 mmc_add_card --- --- exit
[    9.317537]  sdiodbg mmc 2826 mmc_rescan --- --- exit ---- host da420800  delayed no
[    9.317879] input: tps65217_pwr_but as /devices/platform/ocp/44e0b000.i2c/i2c-0/0-0024/tps65217-pwrbutton/input/input0
[    9.339235] tps65217 0-0024: TPS65217 ID 0xe version 1.2
[    9.339354]   sdiodbg bus.c bus_add_device bus: 'i2c': add device 0-0050
[    9.339690]   sdiodbg bus.c bus_add_device bus: 'nvmem': add device 0-00500
[    9.339811] at24 0-0050: 32768 byte 24c256 EEPROM, writable, 1 bytes/write
[    9.339887]   sdiodbg bus.c bus_add_device bus: 'i2c': add device 0-0070
[    9.341174]   sdiodbg bus.c bus_add_device bus: 'i2c': add device 0-0034
[    9.439634]   sdiodbg mmc/sdio.c mmc_sdio_init_card 600 host da424000 
[    9.446261]   sdiodbg mmc/sdio.c mmc_sdio_init_card 607 host da424000 
[    9.452848]   sdiodbg mmc/sdio.c mmc_sdio_init_card 619 host da424000 
[    9.459428]   sdiodbg mmc/sdio.c mmc_sdio_init_card 631 host da424000 
[    9.466007]   sdiodbg mmc/sdio.c mmc_sdio_init_card 642 host da424000 
[    9.472585]   sdiodbg mmc/sdio.c mmc_sdio_init_card 664 host da424000 
[    9.479162]   sdiodbg mmc/sdio.c mmc_sdio_init_card 666 host da424000 
[    9.486203]   sdiodbg mmc/sdio.c mmc_sdio_init_card 683 host da424000 
[    9.492873]   sdiodbg mmc/sdio.c mmc_sdio_init_card 696 host da424000 
[    9.499893]   sdiodbg mmc/sdio.c mmc_sdio_init_card 703 host da424000 
[    9.506544]   sdiodbg mmc/sdio.c mmc_sdio_init_card 723 host da424000 
[    9.514642]   sdiodbg mmc/sdio.c mmc_sdio_init_card 731 host da424000 
[    9.521460] tda998x 0-0070: found TDA19988
[    9.526707]   sdiodbg bus.c bus_add_device bus: 'platform': add device hdmi-audio-codec.0.auto
[    9.535949] tilcdc 4830e000.lcdc: bound 0-0070 (ops tda998x_ops)
[    9.542133] [drm] Supports vblank timestamp caching Rev 2 (21.10.2013).
[    9.548839] [drm] No driver support for vblank timestamp query.
[    9.555245] tilcdc 4830e000.lcdc: No connectors reported connected with modes
[    9.562515] [drm] Cannot find any crtc or sizes - going 1024x768
[    9.571234]   sdiodbg mmc/sdio.c mmc_sdio_init_card 746 host da424000 
[    9.584008]   sdiodbg quirks.c  table c0db0108  mmc_fixup_methods c0db0108
[    9.584038]   sdiodbg quirks.c da533808, calling add_quirk  name (null)   vendor 0097 device 4076
[    9.584047]   sdiodbg quirks.c da533808, calling add_quirk  name (null)   vendor 0097 device 4076
[    9.584053]   sdiodbg mmc/sdio.c mmc_sdio_init_card 749 host da424000 
[    9.584057]   sdiodbg mmc/sdio.c mmc_sdio_init_card 766 host da424000 
[    9.584744]   sdiodbg mmc/sdio.c mmc_sdio_init_card 773 host da424000 
[    9.584815] Console: switching to colour frame buffer device 128x48
[    9.585481]   sdiodbg mmc/sdio.c mmc_sdio_init_card 800 host da424000 
[    9.585486]   sdiodbg mmc/sdio.c mmc_sdio_init_card 802 host da424000 
[    9.585497]   sdiodbg mmc/sdio.c mmc_attach_sdio 1163 host da424000 
[    9.586844]   sdiodbg mmc/sdio.c mmc_attach_sdio 1163 host da424000 
[    9.588114]   sdiodbg mmc/sdio.c mmc_attach_sdio 1178 host da424000 
[    9.588129]   sdiodbg mmc/sdio.c mmc_attach_sdio 1180 host da424000 
[    9.588135]  sdiodbg  294 mmc_add_card --- --- enter
[    9.588148] mmc2: new high speed SDIO card at address 0001
[    9.588256]   sdiodbg bus.c bus_add_device bus: 'mmc': add device mmc2:0001
[    9.588263]  sdiodbg bus.c   524 bus_add_device --- --- dump ...
[    9.588507]  sdiodbg  361 mmc_add_card --- --- exit
[    9.588538]   sdiodbg bus.c bus_add_device bus: 'sdio': add device mmc2:0001:1
[    9.588543]  sdiodbg bus.c   524 bus_add_device --- --- dump ...
[    9.588697]   sdiodbg bus.c bus_add_device bus: 'sdio': add device mmc2:0001:2
[    9.588701]  sdiodbg bus.c   524 bus_add_device --- --- dump ...
[    9.588840]  sdiodbg mmc 2826 mmc_rescan --- --- exit ---- host da424000  delayed no
[    9.746172] tilcdc 4830e000.lcdc: fb0:  frame buffer device
[    9.761091] omap_i2c 44e0b000.i2c: bus 0 rev0.11 at 400 kHz
[    9.767889]   sdiodbg bus.c bus_add_device bus: 'i2c': add device i2c-2
[    9.775241]   sdiodbg bus.c bus_add_device bus: 'i2c': add device 2-0054
[    9.782401]   sdiodbg bus.c bus_add_device bus: 'nvmem': add device 2-00540
[    9.789574] at24 2-0054: 32768 byte 24c256 EEPROM, writable, 1 bytes/write
[    9.796590]   sdiodbg bus.c bus_add_device bus: 'i2c': add device 2-0055
[    9.803580]   sdiodbg bus.c bus_add_device bus: 'nvmem': add device 2-00550
[    9.810724] at24 2-0055: 32768 byte 24c256 EEPROM, writable, 1 bytes/write
[    9.817725]   sdiodbg bus.c bus_add_device bus: 'i2c': add device 2-0056
[    9.824687]   sdiodbg bus.c bus_add_device bus: 'nvmem': add device 2-00560
[    9.831814] at24 2-0056: 32768 byte 24c256 EEPROM, writable, 1 bytes/write
[    9.838810]   sdiodbg bus.c bus_add_device bus: 'i2c': add device 2-0057
[    9.845782]   sdiodbg bus.c bus_add_device bus: 'nvmem': add device 2-00570
[    9.852911] at24 2-0057: 32768 byte 24c256 EEPROM, writable, 1 bytes/write
[    9.859894] omap_i2c 4819c000.i2c: bus 2 rev0.11 at 100 kHz
[    9.867099] remoteproc remoteproc0: powering up wkup_m3
[    9.872497] remoteproc remoteproc0: Booting fw image am335x-pm-firmware.elf, size 217148
[    9.880943] remoteproc remoteproc0: remote processor wkup_m3 is now up
[    9.880958] wkup_m3_ipc 44e11324.wkup_m3_ipc: CM3 Firmware Version = 0x192
[    9.898348] bone_capemgr bone_capemgr: Baseboard: 'A335BNLT,BWA5,1652BBWG0612'
[    9.905717] bone_capemgr bone_capemgr: compatible-baseboard=ti,beaglebone-black - #slots=4
[    9.941072] bone_capemgr bone_capemgr: slot #0: No cape found
[    9.972102] bone_capemgr bone_capemgr: slot #1: No cape found
[   10.004754] bone_capemgr bone_capemgr: slot #2: No cape found
[   10.037466] bone_capemgr bone_capemgr: slot #3: No cape found
[   10.043349] bone_capemgr bone_capemgr: initialized OK.
[   10.050356]  sdiodbg vdd_mpu: ramp_delay not set
[   10.055170] cpufreq: cpufreq_online: CPU0: Running at unlisted freq: 1000000 KHz
[   10.062714] cpu cpu0: dev_pm_opp_set_rate: failed to find current OPP for freq 1000000000 (-34)
[   10.073693]  sdiodbg vdd_mpu: ramp_delay not set
[   10.078451] cpufreq: cpufreq_online: CPU0: Unlisted initial frequency changed to: 800000 KHz
[   10.087752] PM: bootloader does not support rtc-only!
[   10.093676]   sdiodbg bus.c bus_add_driver bus: 'platform': add driver gpio-keys
[   10.101282]   sdiodbg dd.c driver_attach
[   10.105512]   sdiodbg dd.c driver_attach -- done ret 0
[   10.110755]   sdiodbg bus.c bus_add_driver -- done
[   10.115679] omap_rtc 44e3e000.rtc: setting system clock to 2000-01-01 20:44:27 UTC (946759467)
[   10.124375] of_cfs_init
[   10.126990] of_cfs_init: OK
[   10.130615]  sdiodbg wlan-en-regulator: disabling
[   10.138124] Freeing unused kernel memory: 1024K (c1200000 - c1300000)
Loading, please wait...
starting version 232
Begin: Loading essential drivers ... done.
Begin: Running /scripts/init-premount ... done.
Begin: Mounting root file system ... Begin: Running /scripts/local-top ... done.
Begin: Running /scripts/local-premount ... done.
Begin: Will now check root file system ... fsck from util-linux 2.29.2
[/sbin/fsck.ext4 (1) -- /dev/mmcblk1p1] fsck.ext4 -a -C0 /dev/mmcblk1p1 
rootfs: clean, 82156/233392 files, 698621/932864 blocks
done.
[   12.815234] EXT4-fs (mmcblk1p1): mounted filesystem with ordered data mode. Opts: (null)
done.
Begin: Running /scripts/local-bottom ... done.
Begin: Running /scripts/init-bottom ... done.
[   13.289573] systemd[1]: System time before build time, advancing clock.
[   13.375899] ip_tables: (C) 2000-2006 Netfilter Core Team
[   13.427302] systemd[1]: systemd 232 running in system mode. (+PAM +AUDIT +SELINUX +IMA +APPARMOR +SMACK +SYSVINIT +UTMP +LIBCRYPTSETUP +GCRYPT +GNUTLS +ACL +XZ +LZ4 +SECCOMP +BLKID +ELFUTILS +KMOD +IDN)
[   13.446473] systemd[1]: Detected architecture arm.

Welcome to Debian GNU/Linux 9 (stretch)!

[   13.465731] systemd[1]: Set hostname to <beaglebone>.
[   14.139357] systemd[1]: Set up automount Arbitrary Executable File Formats File System Automount Point.
[  OK  ] Set up automount Arbitrary Executabrmats File System Automount Point.
[   14.165088] systemd[1]: Listening on udev Kernel Socket.
[  OK  ] Listening on udev Kernel Socket.
[   14.182320] systemd[1]: Created slice User and Session Slice.
[  OK  ] Created slice User and Session Slice.
[   14.200773] systemd[1]: Reached target Remote File Systems.
[  OK  ] Reached target Remote File Systems.
[   14.217184] systemd[1]: Listening on /dev/initctl Compatibility Named Pipe.
[  OK  ] Listening on /dev/initctl Compatibility Named Pipe.
[   14.241322] systemd[1]: Started Dispatch Password Requests to Console Directory Watch.
[  OK  ] Started Dispatch Password Requests to Console Directory Watch.
[   14.265242] systemd[1]: Listening on udev Control Socket.
[  OK  ] Listening on udev Control Socket.
[  OK  ] Listening on Journal Socket.
[  OK  ] Reached target Swap.
[  OK  ] Created slice System Slice.
         Starting Load Kernel Modules...
         Starting Create list of required stce nodes for the current kernel...
         Mounting /sys/kernel/debug...
[  OK  ] Created slice system-serial\x2dgetty.slice.
[   14.441177]   sdiodbg bus.c bus_add_driver bus: 'platform': add driver eqep
[   14.468561]   sdiodbg dd.c driver_attach
[   14.468852]   sdiodbg dd.c driver_attach -- done ret 0
[   14.468927]   sdiodbg bus.c bus_add_driver -- done
[   14.481144]   sdiodbg bus.c bus_add_driver bus: 'platform': add driver ti-pruss
[   14.481180]   sdiodbg dd.c driver_attach
[   14.481547]   sdiodbg dd.c driver_attach -- done ret 0
[   14.481617]   sdiodbg bus.c bus_add_driver -- done
[   14.490515]   sdiodbg bus.c bus_add_driver bus: 'platform': add driver pruss-intc
[   14.490549]   sdiodbg dd.c driver_attach
[   14.490908]   sdiodbg dd.c driver_attach -- done ret 0
[   14.490977]   sdiodbg bus.c bus_add_driver -- done
[   14.500906]   sdiodbg bus.c bus_add_driver bus: 'platform': add driver pru-rproc
[   14.500943]   sdiodbg dd.c driver_attach
[   14.501312]   sdiodbg dd.c driver_attach -- done ret 0
[   14.501395]   sdiodbg bus.c bus_add_driver -- done
[   14.507202]   sdiodbg bus.c bus_add_driver bus: 'spi': add driver spidev
[   14.507227]   sdiodbg dd.c driver_attach
[   14.507237]   sdiodbg dd.c driver_attach -- done ret 0
[   14.507297]   sdiodbg bus.c bus_add_driver -- done
         Mounting POSIX Message Queue File System...
[  OK  ] Listening on fsck to fsckd communication Socket.
[  OK  ] Created slice system-getty.slice.
[  OK  ] Listening on Syslog Socket.
[  OK  ] Listening on Journal Socket (/dev/log).
         Starting Remount Root and Kernel File Systems...
[  OK  ] Started Forward Password Requests to Wall Directory Watch.
[  OK  ] Reached target Encrypted Volumes.
[  OK  ] Reached target Paths.
[  OK  ] Listening on Journal Audit Socket.
[   14.834632] EXT4-fs (mmcblk1p1): re-mounted. Opts: errors=remount-ro
         Starting Journal Service...
[  OK  ] Reached target Slices.
[  OK  ] Mounted POSIX Message Queue File System.
[  OK  ] Mounted /sys/kernel/debug.
[  OK  ] Started Load Kernel Modules.
[  OK  ] Started Create list of required stavice nodes for the current kernel.
[  OK  ] Started Remount Root and Kernel File Systems.
         Starting Load/Save Random Seed...
         Starting udev Coldplug all Devices...
         Starting Create Static Device Nodes in /dev...
         Mounting FUSE Control File System...
         Mounting Configuration File System...
         Starting Apply Kernel Variables...
[  OK  ] Mounted Configuration File System.
[  OK  ] Mounted FUSE Control File System.
[  OK  ] Started Load/Save Random Seed.
[  OK  ] Started Create Static Device Nodes in /dev.
[  OK  ] Started Apply Kernel Variables.
         Starting udev Kernel Device Manager...
[  OK  ] Reached target Local File Systems (Pre).
[  OK  ] Reached target Local File Systems.
         Starting Raise network interfaces...
[  OK  ] Started udev Kernel Device Manager.
[  OK  ] Started Journal Service.
         Starting Flush Journal to Persistent Storage...
[   16.970504] systemd-journald[234]: Received request to flush runtime journal from PID 1
[  OK  ] Started Flush Journal to Persistent Storage.
         Starting Create Volatile Files and Directories...
[  OK  ] Started Create Volatile Files and Directories.
[  OK  ] Started Entropy daemon using the HAVEGE algorithm.
         Starting Update UTMP about System Boot/Shutdown...
         Starting Network Time Synchronization...
[  OK  ] Started udev Coldplug all Devices.
[  OK  ] Started Update UTMP about System Boot/Shutdown.
[  OK  ] Started Raise network interfaces.
[  OK  ] Started Network Time Synchronization.
[  OK  ] Reached target System Initialization.
[  OK  ] Listening on Avahi mDNS/DNS-SD Stack Activation Socket.
[  OK  ] Listening on D-Bus System Message Bus Socket.
[  OK  ] Started Daily Cleanup of Temporary Directories.
[  OK  ] Listening on bonescript.socket.
[  OK  ] Listening on node-red.socket.
[  OK  ] Listening on cloud9.socket.
[  OK  ] Reached target Sockets.
[  OK  ] Reached target Basic System.
[  OK  ] Started Bonescript autorun.
         Starting Restore /etc/resolv.conf ifore the ppp link was shut down...
         Starting LSB: Start busybox udhcpd at boot time...
         Starting BB WL18xx wlan0 Service...
         Starting System Logging Service...
[  OK  ] Started Cgroup management daemon.
         Starting Login Service...
[  OK  ] Started Regular background program processing daemon.
         Starting Generic Board Startup...
[   19.526340] cgroup: new mount options do not match the existing superblock, will be ignored
         Starting Cape Manager Service...
[  OK  ] Started D-Bus System Message Bus.
         Starting Connection service...
[  OK  ] Started Deferred execution scheduler.
         Starting Avahi mDNS/DNS-SD Stack...
         Starting LSB: Load kernel modules needed to enable cpufreq scaling...
[  OK  ] Reached target System Time Synchronized.
[  OK  ] Started Daily apt download activities.
[  OK  ] Started Daily apt upgrade and clean activities.
[  OK  ] Reached target Timers.
[  OK  ] Started System Logging Service.
[  OK  ] Started Restore /etc/resolv.conf ifbefore the ppp link was shut down.
[  OK  ] Started Cape Manager Service.
[   21.529068] random: crng init done
[  OK  ] Started LSB: Start busybox udhcpd at boot time.
[  OK  ] Started Avahi mDNS/DNS-SD Stack.
[  OK  ] Started Connection service.
[   22.395387] nf_conntrack version 0.5.0 (8192 buckets, 32768 max)
[  OK  ] Started Login Service.
[  OK  ] Reached target Network.
[  OK  ] Reached target Network is Online.
         Starting LSB: Advanced IEEE 802.11 management daemon...
         Starting Permit User Sessions...
         Starting OpenBSD Secure Shell server...
         Starting The Apache HTTP Server...
[  OK  ] Started LSB: Advanced IEEE 802.11 management daemon.
[  OK  ] Started Permit User Sessions.
         Starting WPA supplicant...
[  OK  ] Started Getty on tty1.
         Starting Hostname Service...
[  OK  ] Started OpenBSD Secure Shell server.
[  OK  ] Started WPA supplicant.
[   24.304264] using random self ethernet address
[   24.322620] using random host ethernet address
[   24.505196] using random self ethernet address
[   24.528147] using random host ethernet address
[   24.910620] Mass Storage Function, version: 2009/09/11
[   24.940253] LUN: removable file: (no medium)
[  OK  ] Started Hostname Service.
[   25.308533] usb0: HOST MAC 50:65:83:e1:6c:c7
[   25.346851] usb0: MAC 50:65:83:e1:6c:c8
[   25.399269] usb1: HOST MAC 50:65:83:e1:6c:ca
[   25.442011] usb1: MAC 50:65:83:e1:6c:cb
[  OK  ] Started LSB: Load kernel modules needed to enable cpufreq scaling.
[   25.893297] configfs-gadget gadget: high-speed config #1: c
         Starting LSB: set CPUFreq kernel parameters...
[  OK  ] Started The Apache HTTP Server.
[  OK  ] Started LSB: set CPUFreq kernel parameters.
[   27.245556]   sdiodbg bus.c bus_add_driver bus: 'platform': add driver uio_pdrv_genirq
[   27.442703]   sdiodbg dd.c driver_attach
[   27.472390]   sdiodbg dd.c driver_attach -- done ret 0
[   27.499055]   sdiodbg bus.c bus_add_driver -- done
[  OK  ] Found device /dev/ttyS0.
[  OK  ] Started Serial Getty on ttyS0.
[   28.866693]   sdiodbg bus.c bus_add_driver bus: 'platform': add driver tps65217-charger
[   29.224152]   sdiodbg dd.c driver_attach
[   29.224445]   sdiodbg dd.c   __driver_attach  instant  drv->name tps65217-charger  match func c08c8998 
[   29.356548]   sdiodbg dd.c driver_attach -- done ret 0
[   29.508353]   sdiodbg bus.c bus_add_driver -- done

Debian GNU/Linux 9 beaglebone ttyS0

BeagleBoard.org Debian Image 2017-10-10

Support/FAQ: http://elinux.org/Beagleboard:BeagleBoneBlack_Debian

default username:password is [debian:temppwd]

beaglebone login: [   30.653348]   sdiodbg bus.c bus_add_device bus: 'platform': add device snd-soc-dummy
[   30.909830]   sdiodbg bus.c bus_add_driver bus: 'sdio': add driver wl1271_sdio
[   30.909859]   sdiodbg dd.c driver_attach
[   30.909873]   sdiodbg sdio_bus.c    84 sdio_match_device
[   30.909883]   sdiodbg sdio_bus.c  bf215444 class 255 vendor 0097 device 4076
[   30.909891]   sdiodbg sdio_bus.c           class 0 vendor 0097 device 4076
[   30.909896]   sdiodbg sdio_bus.c  return ids bf215444
[   30.909902]   sdiodbg dd.c   __driver_attach  instant  drv->name wl1271_sdio  match func c0a8c224 diff
[   31.116265]   sdiodbg mmc/sdio.c mmc_sdio_init_card 561 host da424000 
[   31.116275]   sdiodbg mmc/sdio.c mmc_sdio_init_card 567 host da424000 
[   31.116280]   sdiodbg mmc/sdio.c mmc_sdio_init_card 581 host da424000 
[   31.116685]   sdiodbg mmc/sdio.c mmc_sdio_init_card 600 host da424000 
[   31.116704]   sdiodbg mmc/sdio.c mmc_sdio_init_card 607 host da424000 
[   31.116709]   sdiodbg mmc/sdio.c mmc_sdio_init_card 619 host da424000 
[   31.116716]   sdiodbg mmc/sdio.c mmc_sdio_init_card 631 host da424000 
[   31.116721]   sdiodbg mmc/sdio.c mmc_sdio_init_card 642 host da424000 
[   31.116727]   sdiodbg mmc/sdio.c mmc_sdio_init_card 664 host da424000 
[   31.116732]   sdiodbg mmc/sdio.c mmc_sdio_init_card 666 host da424000 
[   31.117108]   sdiodbg mmc/sdio.c mmc_sdio_init_card 683 host da424000 
[   31.117116]   sdiodbg mmc/sdio.c mmc_sdio_init_card 696 host da424000 
[   31.117486]   sdiodbg mmc/sdio.c mmc_sdio_init_card 703 host da424000 
[   31.117493]   sdiodbg mmc/sdio.c mmc_sdio_init_card 723 host da424000 
[   31.128266]   sdiodbg mmc/sdio.c mmc_sdio_init_card 731 host da424000 
[   31.154213]   sdiodbg mmc/sdio.c mmc_sdio_init_card 746 host da424000 
[   31.154225]   sdiodbg quirks.c  table c0db0108  mmc_fixup_methods c0db0108
[   31.154257]   sdiodbg quirks.c da533808, calling add_quirk  name (null)   vendor 0097 device 4076
[   31.154267]   sdiodbg quirks.c da533808, calling add_quirk  name (null)   vendor 0097 device 4076
[   31.154273]   sdiodbg mmc/sdio.c mmc_sdio_init_card 749 host da424000 
[   31.154278]   sdiodbg mmc/sdio.c mmc_sdio_init_card 766 host da424000 
[   31.156638]   sdiodbg mmc/sdio.c mmc_sdio_init_card 773 host da424000 
[   31.160344]   sdiodbg mmc/sdio.c mmc_sdio_init_card 800 host da424000 
[   31.160352]   sdiodbg mmc/sdio.c mmc_sdio_init_card 802 host da424000 
[   31.160489]   sdiodbg sdio_bus.c    84 sdio_match_device
[   31.160498]   sdiodbg sdio_bus.c  bf215444 class 255 vendor 0097 device 4076
[   31.160506]   sdiodbg sdio_bus.c           class 0 vendor 0097 device 4076
[   31.160511]   sdiodbg sdio_bus.c  return ids bf215444
[   31.165528]   sdiodbg sdio_bus.c    84 sdio_match_device
[   31.165542]   sdiodbg sdio_bus.c  bf215444 class 255 vendor 0097 device 4076
[   31.165550]   sdiodbg sdio_bus.c           class 0 vendor 0097 device 4076
[   31.165556]   sdiodbg sdio_bus.c  return ids bf215444
[   31.165562]   sdiodbg dd.c   __driver_attach  instant  drv->name wl1271_sdio  match func c0a8c224 
[   31.324110]   sdiodbg mmc/sdio.c mmc_sdio_init_card 561 host da424000 
[   31.324120]   sdiodbg mmc/sdio.c mmc_sdio_init_card 567 host da424000 
[   31.324125]   sdiodbg mmc/sdio.c mmc_sdio_init_card 581 host da424000 
[   31.324536]   sdiodbg mmc/sdio.c mmc_sdio_init_card 600 host da424000 
[   31.324556]   sdiodbg mmc/sdio.c mmc_sdio_init_card 607 host da424000 
[   31.324562]   sdiodbg mmc/sdio.c mmc_sdio_init_card 619 host da424000 
[   31.324568]   sdiodbg mmc/sdio.c mmc_sdio_init_card 631 host da424000 
